Microchip MPLAB XC8 Compiler V2.41

Linker command line:

-W-3 \
  --edf=C:\Program Files\Microchip\xc8\v2.41\pic\dat\20230208172133_en.msgs \
  -cn -h+dist/default/production\NRF.X.production.sym \
  --cmf=dist/default/production\NRF.X.production.cmf -z -Q16F887 \
  -oC:\Users\marti\AppData\Local\Temp\xcAs22o.\driver_tmp_3.o \
  --fixupoverflow=error -Mdist/default/production/NRF.X.production.map \
  --md=C:\Users\marti\AppData\Local\Temp\xcAs22o.\driver_tmp_0.dat -E1 \
  -ver=XC8 Compiler --acfsm=1493 -ACODE=00h-07FFhx4 -ASTRCODE=00h-01FFFh \
  -ASTRING=00h-0FFhx32 -ACONST=00h-0FFhx32 -AENTRY=00h-0FFhx32 \
  -ACOMMON=070h-07Fh -ABANK0=020h-06Fh -ABANK1=0A0h-0EFh \
  -ABANK2=0110h-016Fh -ABANK3=0190h-01EFh \
  -ARAM=020h-06Fh,0A0h-0EFh,0110h-016Fh,0190h-01EFh \
  -AABS1=020h-07Fh,0A0h-0EFh,0110h-016Fh,0190h-01EFh -ASFR0=00h-01Fh \
  -ASFR1=080h-09Fh -ASFR2=0100h-010Fh -ASFR3=0180h-018Fh \
  -ACONFIG=02007h-02008h -DCONFIG=2 -AIDLOC=02000h-02003h -DIDLOC=2 \
  -AEEDATA=00h-0FFh/02100h -peeprom_data=EEDATA -DEEDATA=2 -DCODE=2 \
  -DSTRCODE=2 -DSTRING=2 -DCONST=2 -DENTRY=2 \
  -preset_vec=00h,intentry,init,end_init -ppowerup=CODE -pcinit=CODE \
  -pfunctab=ENTRY -k \
  C:\Users\marti\AppData\Local\Temp\xcAs22o.\driver_tmp_17.o \
  dist/default/production\NRF.X.production.o 

Object code version is 3.11

Machine type is 16F887



                Name                               Link     Load   Length Selector   Space Scale
C:\Users\marti\AppData\Local\Temp\xcAs22o.\driver_tmp_17.o
                end_init                              0        0        3        0       0
                config                             2007     2007        2        0       4
dist/default/production\NRF.X.production.o
                cinit                               7BE      7BE       42      F7C       0
                config                             2007     2007        2        0       4
                text17                              3D3      3D3        C      7A6       0
                text16                              5D5      5D5       9D      BAA       0
                text15                              56A      56A       6B      AD4       0
                text14                              3DF      3DF        C      7BE       0
                text13                              46F      46F       21      8DE       0
                text12                              404      404        F      808       0
                text11                              4E0      4E0       31      9C0       0
                text10                              3EB      3EB        C      7D6       0
                text9                               3F7      3F7        D      7EE       0
                text8                               490      490       24      920       0
                text7                               413      413       10      826       0
                text6                               423      423       16      846       0
                text5                               4B4      4B4       2C      968       0
                text4                               452      452       1D      8A4       0
                text3                               439      439       19      872       0
                text2                               715      715       A9      E2A       0
                text1                               511      511       59      A22       0
                maintext                            672      672       A3      CE4       0
                cstackBANK0                          20       20       1D       20       1
                cstackCOMMON                         70       70        E       70       1
                cstackBANK1                          A0       A0       4A       A0       1
                dataBANK1                            EA       EA        3       A0       1
                dataBANK0                            47       47        5       20       1
                bssBANK0                             3D       3D        A       20       1
                strings                               3        3       20        6       0
                idataBANK1                          3CB      3CB        3      796       0
                idataBANK0                          3CE      3CE        5      79C       0

TOTAL           Name                               Link     Load   Length     Space
        CLASS   CODE           
                end_init                              0        0        3         0
                cinit                               7BE      7BE       42         0
                text17                              3D3      3D3        C         0
                text16                              5D5      5D5       9D         0
                text15                              56A      56A       6B         0
                text14                              3DF      3DF        C         0
                text13                              46F      46F       21         0
                text12                              404      404        F         0
                text11                              4E0      4E0       31         0
                text10                              3EB      3EB        C         0
                text9                               3F7      3F7        D         0
                text8                               490      490       24         0
                text7                               413      413       10         0
                text6                               423      423       16         0
                text5                               4B4      4B4       2C         0
                text4                               452      452       1D         0
                text3                               439      439       19         0
                text2                               715      715       A9         0
                text1                               511      511       59         0
                maintext                            672      672       A3         0
                idataBANK1                          3CB      3CB        3         0
                idataBANK0                          3CE      3CE        5         0

        CLASS   STRCODE        

        CLASS   STRING         
                strings                               3        3       20         0

        CLASS   CONST          

        CLASS   ENTRY          

        CLASS   COMMON         
                cstackCOMMON                         70       70        E         1

        CLASS   BANK0          
                cstackBANK0                          20       20       1D         1
                dataBANK0                            47       47        5         1
                bssBANK0                             3D       3D        A         1

        CLASS   BANK1          
                cstackBANK1                          A0       A0       4A         1
                dataBANK1                            EA       EA        3         1

        CLASS   BANK2          

        CLASS   BANK3          

        CLASS   RAM            

        CLASS   ABS1           
                abs_s1                               7E       7E        2         1

        CLASS   SFR0           

        CLASS   SFR1           

        CLASS   SFR2           

        CLASS   SFR3           

        CLASS   CONFIG         
                config                             2007     2007        2         4

        CLASS   IDLOC          

        CLASS   EEDATA         

        CLASS   STACK          



SEGMENTS        Name                           Load    Length   Top    Selector   Space  Class     Delta

                reset_vec                      000000  000003  000003         0       0  CODE        2
                strings                        000003  000020  000023         6       0  STRING      2
                cstackBANK0                    000020  00002C  00004C        20       1  BANK0       1
                cstackCOMMON                   000070  00000E  00007E        70       1  COMMON      1
                cstackBANK1                    0000A0  00004D  0000ED        A0       1  BANK1       1
                idataBANK1                     0003CB  000003  0003CE       796       0  CODE        2
                idataBANK0                     0003CE  000005  0003D3       79C       0  CODE        2
                text17                         0003D3  00000C  0003DF       7A6       0  CODE        2
                text14                         0003DF  00000C  0003EB       7BE       0  CODE        2
                text10                         0003EB  00000C  0003F7       7D6       0  CODE        2
                text9                          0003F7  00000D  000404       7EE       0  CODE        2
                text12                         000404  00000F  000413       808       0  CODE        2
                text7                          000413  000010  000423       826       0  CODE        2
                text6                          000423  000016  000439       846       0  CODE        2
                text3                          000439  000019  000452       872       0  CODE        2
                text4                          000452  00001D  00046F       8A4       0  CODE        2
                text13                         00046F  000021  000490       8DE       0  CODE        2
                text8                          000490  000024  0004B4       920       0  CODE        2
                text5                          0004B4  00002C  0004E0       968       0  CODE        2
                text11                         0004E0  000031  000511       9C0       0  CODE        2
                text1                          000511  000059  00056A       A22       0  CODE        2
                text15                         00056A  00006B  0005D5       AD4       0  CODE        2
                text16                         0005D5  00009D  000672       BAA       0  CODE        2
                maintext                       000672  0000A3  000715       CE4       0  CODE        2
                text2                          000715  0000A9  0007BE       E2A       0  CODE        2
                cinit                          0007BE  000042  000800       F7C       0  CODE        2


UNUSED ADDRESS RANGES

        Name                Unused          Largest block    Delta
        BANK0            004C-006F             24           1
        BANK1            00ED-00EF              3           1
        BANK2            0110-016F             60           1
        BANK3            0190-01EF             60           1
        CODE             0023-03CA            3A8           2
                         0800-1FFF            800
        CONST            0023-03CA            100           2
                         0800-1FFF            100
        EEDATA           2100-21FF            100           2
        ENTRY            0023-03CA            100           2
                         0800-1FFF            100
        IDLOC            2000-2003              4           2
        RAM              004C-006F             24           1
                         00ED-00EF              3
                         0110-016F             60
                         0190-01EF             60
        SFR0             0000-001F             20           1
        SFR1             0080-009F             20           1
        SFR2             0100-010F             10           1
        SFR3             0180-018F             10           1
        STRCODE          0023-03CA            3A8           2
                         0800-1FFF           1800
        STRING           0023-03CA            100           2
                         0800-1FFF            100

                                  Symbol Table

?___aldiv                     cstackCOMMON 0070
?_sprintf                     cstackBANK0  0020
SPI_write@data                cstackCOMMON 0070
UART_init@_XTAL_FREQ          cstackBANK0  002A
UART_init@baudrate            cstackBANK0  0026
UART_write@data               cstackCOMMON 0070
UART_write_text@i             cstackCOMMON 0072
UART_write_text@text          cstackCOMMON 0074
_BF                           (abs)        04A0
_BRGH                         (abs)        04C2
_CREN                         (abs)        00C4
_OSCCONbits                   (abs)        008F
_RADIO_ADDR                   dataBANK0    0047
_RCIF                         (abs)        0065
_RCREG                        (abs)        001A
_RD2                          (abs)        0042
_RD3                          (abs)        0043
_SPBRG                        (abs)        0099
_SPEN                         (abs)        00C7
_SPI_init_master              text17       03D3
_SPI_write                    text12       0404
_SSPBUF                       (abs)        0013
_SSPCON                       (abs)        0014
_SSPSTAT                      (abs)        0094
_SYNC                         (abs)        04C4
_TRISC3                       (abs)        043B
_TRISC4                       (abs)        043C
_TRISC5                       (abs)        043D
_TRISC6                       (abs)        043E
_TRISC7                       (abs)        043F
_TRISD2                       (abs)        0442
_TRISD3                       (abs)        0443
_TRMT                         (abs)        04C1
_TXEN                         (abs)        04C5
_TXREG                        (abs)        0019
_UART_init                    text15       056A
_UART_write                   text14       03DF
_UART_write_text              text13       046F
__H__absolute__               __absolute__ 0000
__Habs1                       abs1         0000
__Hbank0                      bank0        0000
__Hbank1                      bank1        0000
__Hbank2                      bank2        0000
__Hbank3                      bank3        0000
__HbssBANK0                   bssBANK0     0000
__Hcinit                      cinit        0800
__Hclrtext                    clrtext      0000
__Hcode                       code         0000
__Hcommon                     common       0000
__Hconfig                     config       2009
__HcstackBANK0                cstackBANK0  0000
__HcstackBANK1                cstackBANK1  0000
__HcstackCOMMON               cstackCOMMON 0000
__HdataBANK0                  dataBANK0    0000
__HdataBANK1                  dataBANK1    0000
__Heeprom_data                eeprom_data  0000
__Hend_init                   end_init     0003
__Hfunctab                    functab      0000
__HidataBANK0                 idataBANK0   0000
__HidataBANK1                 idataBANK1   0000
__Hinit                       init         0000
__Hintentry                   intentry     0000
__Hmaintext                   maintext     0000
__Hpowerup                    powerup      0000
__Hram                        ram          0000
__Hreset_vec                  reset_vec    0000
__Hsfr0                       sfr0         0000
__Hsfr1                       sfr1         0000
__Hsfr2                       sfr2         0000
__Hsfr3                       sfr3         0000
__Hspace_0                    (abs)        0800
__Hspace_1                    (abs)        00ED
__Hspace_2                    (abs)        0000
__Hspace_3                    (abs)        0000
__Hspace_4                    (abs)        4010
__Hstack                      stack        0000
__Hstrings                    strings      0000
__Htext                       text         0000
__L__absolute__               __absolute__ 0000
__Labs1                       abs1         0000
__Lbank0                      bank0        0000
__Lbank1                      bank1        0000
__Lbank2                      bank2        0000
__Lbank3                      bank3        0000
__LbssBANK0                   bssBANK0     0000
__Lcinit                      cinit        07BE
__Lclrtext                    clrtext      0000
__Lcode                       code         0000
__Lcommon                     common       0000
__Lconfig                     config       0000
__LcstackBANK0                cstackBANK0  0000
__LcstackBANK1                cstackBANK1  0000
__LcstackCOMMON               cstackCOMMON 0000
__LdataBANK0                  dataBANK0    0000
__LdataBANK1                  dataBANK1    0000
__Leeprom_data                eeprom_data  0000
__Lend_init                   end_init     0000
__Lfunctab                    functab      0000
__LidataBANK0                 idataBANK0   0000
__LidataBANK1                 idataBANK1   0000
__Linit                       init         0000
__Lintentry                   intentry     0000
__Lmaintext                   maintext     0000
__Lpowerup                    powerup      0000
__Lram                        ram          0000
__Lreset_vec                  reset_vec    0000
__Lsfr0                       sfr0         0000
__Lsfr1                       sfr1         0000
__Lsfr2                       sfr2         0000
__Lsfr3                       sfr3         0000
__Lspace_0                    (abs)        0000
__Lspace_1                    (abs)        0000
__Lspace_2                    (abs)        0000
__Lspace_3                    (abs)        0000
__Lspace_4                    (abs)        0000
__Lstack                      stack        0000
__Lstrings                    strings      0000
__Ltext                       text         0000
__S0                          (abs)        0800
__S1                          (abs)        00ED
__S3                          (abs)        0000
___aldiv                      text16       05D5
___aldiv@counter              cstackBANK0  0020
___aldiv@dividend             cstackCOMMON 0074
___aldiv@divisor              cstackCOMMON 0070
___aldiv@quotient             cstackBANK0  0022
___aldiv@sign                 cstackBANK0  0021
___int_sp                     stack        0000
___latbits                    (abs)        0002
___sp                         stack        0000
___stackhi                    (abs)        0000
___stacklo                    (abs)        0000
__end_of_SPI_init_master      text17       03DF
__end_of_SPI_write            text12       0413
__end_of_UART_init            text15       05D5
__end_of_UART_write           text14       03EB
__end_of_UART_write_text      text13       0490
__end_of___aldiv              text16       0672
__end_of__initialization      cinit        07FC
__end_of__stringtab           strings      0009
__end_of_arrcpy               text4        046F
__end_of_main                 maintext     0715
__end_of_nrf_command          text11       0511
__end_of_nrf_flush_rxtx       text3        0452
__end_of_nrf_read_register    text10       03F7
__end_of_nrf_send             text5        04E0
__end_of_nrf_set_tx_mode      text8        04B4
__end_of_nrf_setup            text2        07BE
__end_of_nrf_write_command    text7        0423
__end_of_nrf_write_payload    text6        0439
__end_of_nrf_write_register   text9        0404
__end_of_sprintf              text1        056A
__initialization              cinit        07BE
__pbssBANK0                   bssBANK0     003D
__pcstackBANK0                cstackBANK0  0020
__pcstackBANK1                cstackBANK1  00A0
__pcstackCOMMON               cstackCOMMON 0070
__pdataBANK0                  dataBANK0    0047
__pdataBANK1                  dataBANK1    00EA
__pidataBANK0                 idataBANK0   03CE
__pidataBANK1                 idataBANK1   03CB
__pmaintext                   maintext     0672
__pstrings                    strings      0003
__ptext1                      text1        0511
__ptext10                     text10       03EB
__ptext11                     text11       04E0
__ptext12                     text12       0404
__ptext13                     text13       046F
__ptext14                     text14       03DF
__ptext15                     text15       056A
__ptext16                     text16       05D5
__ptext17                     text17       03D3
__ptext2                      text2        0715
__ptext3                      text3        0439
__ptext4                      text4        0452
__ptext5                      text5        04B4
__ptext6                      text6        0423
__ptext7                      text7        0413
__ptext8                      text8        0490
__ptext9                      text9        03F7
__stringbase                  strings      0008
__stringtab                   strings      0003
_arrcpy                       text4        0452
_main                         maintext     0672
_nrf_command                  text11       04E0
_nrf_flush_rxtx               text3        0439
_nrf_read_register            text10       03EB
_nrf_send                     text5        04B4
_nrf_set_tx_mode              text8        0490
_nrf_setup                    text2        0715
_nrf_write_command            text7        0413
_nrf_write_payload            text6        0423
_nrf_write_register           text9        03F7
_sprintf                      text1        0511
arrcpy@dst                    cstackCOMMON 0074
arrcpy@i                      cstackCOMMON 0075
arrcpy@len                    cstackCOMMON 0071
arrcpy@src                    cstackCOMMON 0070
btemp                         (abs)        007E
char_to_binary_string@output  bssBANK0     003D
end_of_initialization         cinit        07FC
intlevel0                     functab      0000
intlevel1                     functab      0000
intlevel2                     functab      0000
intlevel3                     functab      0000
intlevel4                     functab      0000
intlevel5                     functab      0000
main@F1424                    dataBANK1    00EA
main@buffer                   cstackBANK1  00A0
main@data                     cstackBANK1  00E0
main@i                        cstackBANK1  00E6
main@j                        cstackBANK1  00E8
main@send_data                cstackBANK1  00E3
nrf_command@NRF_command       cstackCOMMON 0075
nrf_command@data              cstackCOMMON 0071
nrf_command@i                 cstackCOMMON 0077
nrf_command@len               cstackCOMMON 0072
nrf_command@status            cstackCOMMON 0076
nrf_flush_rxtx@data           cstackCOMMON 007B
nrf_read_register@data        cstackCOMMON 0078
nrf_read_register@len         cstackCOMMON 0079
nrf_read_register@reg         cstackCOMMON 007A
nrf_send@clear                cstackBANK0  0023
nrf_send@data                 cstackBANK0  0022
nrf_send@len                  cstackBANK0  0020
nrf_send@stat                 cstackBANK0  0021
nrf_set_tx_mode@config        cstackCOMMON 007B
nrf_setup@addr                cstackBANK0  0020
nrf_setup@data                cstackBANK0  0021
nrf_setup@payload_size        cstackCOMMON 007C
nrf_write_command@NRF_command cstackCOMMON 0071
nrf_write_command@status      cstackCOMMON 0072
nrf_write_payload@data        cstackCOMMON 007D
nrf_write_payload@len         cstackCOMMON 007B
nrf_write_register@data       cstackCOMMON 0078
nrf_write_register@len        cstackCOMMON 0079
nrf_write_register@reg        cstackCOMMON 007A
reset_vec                     reset_vec    0000
sprintf@ap                    cstackCOMMON 0072
sprintf@c                     cstackCOMMON 0073
sprintf@f                     cstackBANK0  0020
sprintf@sp                    cstackCOMMON 0074
start                         init         0000
start_initialization          cinit        07BE
wtemp0                        (abs)        007E


MODULE INFORMATION

Module		Function		Class		Link	Load	Size
./spi.h
		_SPI_init_master		CODE           	03D3	0000	12
		_SPI_write     		CODE           	0404	0000	15

./spi.h estimated size: 27

C:\Program Files\Microchip\xc8\v2.41\pic\sources\c90\common\aldiv.c
		___aldiv       		CODE           	05D5	0000	157

C:\Program Files\Microchip\xc8\v2.41\pic\sources\c90\common\aldiv.c estimated size: 157

./uart.h
		_UART_init     		CODE           	056A	0000	107
		_UART_write_text		CODE           	046F	0000	33
		_UART_write    		CODE           	03DF	0000	12

./uart.h estimated size: 152

./nrf24l01.h
		_nrf_set_tx_mode		CODE           	0490	0000	36
		_nrf_write_payload		CODE           	0423	0000	22
		_nrf_write_command		CODE           	0413	0000	16
		_nrf_send      		CODE           	04B4	0000	44
		_nrf_command   		CODE           	04E0	0000	49
		_nrf_setup     		CODE           	0715	0000	169
		_nrf_read_register		CODE           	03EB	0000	12
		_nrf_flush_rxtx		CODE           	0439	0000	25
		_arrcpy        		CODE           	0452	0000	29
		_nrf_write_register		CODE           	03F7	0000	13

./nrf24l01.h estimated size: 415

shared
		__stringtab    		STRING         	0003	0000	6
		__initialization		CODE           	07BE	0000	62

shared estimated size: 68

C:\Program Files\Microchip\xc8\v2.41\pic\sources\c90\common\doprnt.c
		_sprintf       		CODE           	0511	0000	89

C:\Program Files\Microchip\xc8\v2.41\pic\sources\c90\common\doprnt.c estimated size: 89

main.c
		_main          		CODE           	0672	0000	163

main.c estimated size: 163

