Microchip MPLAB XC8 Compiler V2.40

Linker command line:

-W-3 \
  --edf=C:\Program Files\Microchip\xc8\v2.40\pic\dat\20220703182018_en.msgs \
  -cn -h+dist/default/production\NRF.X.production.sym \
  --cmf=dist/default/production\NRF.X.production.cmf -z -Q16F887 \
  -oC:\Users\marti\AppData\Local\Temp\xcAs57g.4 --fixupoverflow=error \
  -Mdist/default/production/NRF.X.production.map \
  --md=C:\Users\marti\AppData\Local\Temp\xcAs57g.dat -E1 -ver=XC8 Compiler \
  --acfsm=1493 -ACODE=00h-07FFhx4 -ASTRCODE=00h-01FFFh -ASTRING=00h-0FFhx32 \
  -ACONST=00h-0FFhx32 -AENTRY=00h-0FFhx32 -ACOMMON=070h-07Fh \
  -ABANK0=020h-06Fh -ABANK1=0A0h-0EFh -ABANK2=0110h-016Fh \
  -ABANK3=0190h-01EFh -ARAM=020h-06Fh,0A0h-0EFh,0110h-016Fh,0190h-01EFh \
  -AABS1=020h-07Fh,0A0h-0EFh,0110h-016Fh,0190h-01EFh -ASFR0=00h-01Fh \
  -ASFR1=080h-09Fh -ASFR2=0100h-010Fh -ASFR3=0180h-018Fh \
  -ACONFIG=02007h-02008h -DCONFIG=2 -AIDLOC=02000h-02003h -DIDLOC=2 \
  -AEEDATA=00h-0FFh/02100h -peeprom_data=EEDATA -DEEDATA=2 -DCODE=2 \
  -DSTRCODE=2 -DSTRING=2 -DCONST=2 -DENTRY=2 \
  -preset_vec=00h,intentry,init,end_init -ppowerup=CODE -pcinit=CODE \
  -pfunctab=ENTRY -k C:\Users\marti\AppData\Local\Temp\xcAs57g.o \
  dist/default/production\NRF.X.production.o 

Object code version is 3.11

Machine type is 16F887



                Name                               Link     Load   Length Selector   Space Scale
C:\Users\marti\AppData\Local\Temp\xcAs57g.o
                end_init                              0        0        3        0       0
                config                             2007     2007        2        0       4
dist/default/production\NRF.X.production.o
                cinit                               7D0      7D0       30      FA0       0
                config                             2007     2007        2        0       4
                text18                              38F      38F        C      71E       0
                text17                              5CF      5CF       9D      B9E       0
                text16                              4F3      4F3       6B      9E6       0
                text15                              39B      39B        C      736       0
                text14                              4BC      4BC       37      978       0
                text13                              3CE      3CE        F      79C       0
                text12                              3DD      3DD       10      7BA       0
                text11                              3C0      3C0        E      780       0
                text10                              48B      48B       31      916       0
                text9                               3A7      3A7        C      74E       0
                text8                               463      463       28      8C6       0
                text7                               3B3      3B3        D      766       0
                text6                               441      441       22      882       0
                text5                               423      423       1E      846       0
                text4                               406      406       1D      80C       0
                text3                               3ED      3ED       19      7DA       0
                text2                               713      713       BD      E26       0
                text1                               66C      66C       A7      CD8       0
                maintext                            55E      55E       71      ABC       0
                cstackBANK0                          20       20       1D       20       1
                cstackCOMMON                         70       70        E       70       1
                cstackBANK1                          A0       A0       40       A0       1
                cstackBANK3                         190      190       40      190       1
                dataBANK1                            E0       E0        5       A0       1
                bssBANK0                             3D       3D        A       20       1
                strings                               3        3       3E        6       0
                idataBANK1                          38A      38A        5      714       0

TOTAL           Name                               Link     Load   Length     Space
        CLASS   CODE           
                end_init                              0        0        3         0
                cinit                               7D0      7D0       30         0
                text18                              38F      38F        C         0
                text17                              5CF      5CF       9D         0
                text16                              4F3      4F3       6B         0
                text15                              39B      39B        C         0
                text14                              4BC      4BC       37         0
                text13                              3CE      3CE        F         0
                text12                              3DD      3DD       10         0
                text11                              3C0      3C0        E         0
                text10                              48B      48B       31         0
                text9                               3A7      3A7        C         0
                text8                               463      463       28         0
                text7                               3B3      3B3        D         0
                text6                               441      441       22         0
                text5                               423      423       1E         0
                text4                               406      406       1D         0
                text3                               3ED      3ED       19         0
                text2                               713      713       BD         0
                text1                               66C      66C       A7         0
                maintext                            55E      55E       71         0
                idataBANK1                          38A      38A        5         0

        CLASS   STRCODE        

        CLASS   STRING         
                strings                               3        3       3E         0

        CLASS   CONST          

        CLASS   ENTRY          

        CLASS   COMMON         
                cstackCOMMON                         70       70        E         1

        CLASS   BANK0          
                cstackBANK0                          20       20       1D         1
                bssBANK0                             3D       3D        A         1

        CLASS   BANK1          
                cstackBANK1                          A0       A0       40         1
                dataBANK1                            E0       E0        5         1

        CLASS   BANK2          

        CLASS   BANK3          
                cstackBANK3                         190      190       40         1

        CLASS   RAM            

        CLASS   ABS1           
                abs_s1                               7E       7E        2         1

        CLASS   SFR0           

        CLASS   SFR1           

        CLASS   SFR2           

        CLASS   SFR3           

        CLASS   CONFIG         
                config                             2007     2007        2         4

        CLASS   IDLOC          

        CLASS   EEDATA         

        CLASS   STACK          



SEGMENTS        Name                           Load    Length   Top    Selector   Space  Class     Delta

                reset_vec                      000000  000003  000003         0       0  CODE        2
                strings                        000003  00003E  000041         6       0  STRING      2
                cstackBANK0                    000020  000027  000047        20       1  BANK0       1
                cstackCOMMON                   000070  00000E  00007E        70       1  COMMON      1
                cstackBANK1                    0000A0  000045  0000E5        A0       1  BANK1       1
                cstackBANK3                    000190  000040  0001D0       190       1  BANK3       1
                idataBANK1                     00038A  000005  00038F       714       0  CODE        2
                text18                         00038F  00000C  00039B       71E       0  CODE        2
                text15                         00039B  00000C  0003A7       736       0  CODE        2
                text9                          0003A7  00000C  0003B3       74E       0  CODE        2
                text7                          0003B3  00000D  0003C0       766       0  CODE        2
                text11                         0003C0  00000E  0003CE       780       0  CODE        2
                text13                         0003CE  00000F  0003DD       79C       0  CODE        2
                text12                         0003DD  000010  0003ED       7BA       0  CODE        2
                text3                          0003ED  000019  000406       7DA       0  CODE        2
                text4                          000406  00001D  000423       80C       0  CODE        2
                text5                          000423  00001E  000441       846       0  CODE        2
                text6                          000441  000022  000463       882       0  CODE        2
                text8                          000463  000028  00048B       8C6       0  CODE        2
                text10                         00048B  000031  0004BC       916       0  CODE        2
                text14                         0004BC  000037  0004F3       978       0  CODE        2
                text16                         0004F3  00006B  00055E       9E6       0  CODE        2
                maintext                       00055E  000071  0005CF       ABC       0  CODE        2
                text17                         0005CF  00009D  00066C       B9E       0  CODE        2
                text1                          00066C  0000A7  000713       CD8       0  CODE        2
                text2                          000713  0000BD  0007D0       E26       0  CODE        2
                cinit                          0007D0  000030  000800       FA0       0  CODE        2


UNUSED ADDRESS RANGES

        Name                Unused          Largest block    Delta
        BANK0            0047-006F             29           1
        BANK1            00E5-00EF              B           1
        BANK2            0110-016F             60           1
        BANK3            01D0-01EF             20           1
        CODE             0041-0389            349           2
                         0800-1FFF            800
        CONST            0041-0389            100           2
                         0800-1FFF            100
        EEDATA           2100-21FF            100           2
        ENTRY            0041-0389            100           2
                         0800-1FFF            100
        IDLOC            2000-2003              4           2
        RAM              0047-006F             29           1
                         00E5-00EF              B
                         0110-016F             60
                         01D0-01EF             20
        SFR0             0000-001F             20           1
        SFR1             0080-009F             20           1
        SFR2             0100-010F             10           1
        SFR3             0180-018F             10           1
        STRCODE          0041-0389            349           2
                         0800-1FFF           1800
        STRING           0041-0389            100           2
                         0800-1FFF            100

                                  Symbol Table

?___aldiv                                cstackCOMMON 0070
?_sprintf                                cstackBANK0  0020
SPI_write@data                           cstackCOMMON 0070
UART_init@_XTAL_FREQ                     cstackBANK0  002A
UART_init@baudrate                       cstackBANK0  0026
UART_write@data                          cstackCOMMON 0070
UART_write_text@i                        cstackCOMMON 0076
UART_write_text@text                     cstackCOMMON 0071
_BF                                      (abs)        04A0
_BRGH                                    (abs)        04C2
_CREN                                    (abs)        00C4
_OSCCONbits                              (abs)        008F
_RADIO_ADDR                              dataBANK1    00E0
_RCIF                                    (abs)        0065
_RCREG                                   (abs)        001A
_RD2                                     (abs)        0042
_RD3                                     (abs)        0043
_SPBRG                                   (abs)        0099
_SPEN                                    (abs)        00C7
_SPI_init_master                         text18       038F
_SPI_write                               text13       03CE
_SSPBUF                                  (abs)        0013
_SSPCON                                  (abs)        0014
_SSPSTAT                                 (abs)        0094
_SYNC                                    (abs)        04C4
_TRISC3                                  (abs)        043B
_TRISC4                                  (abs)        043C
_TRISC5                                  (abs)        043D
_TRISC6                                  (abs)        043E
_TRISC7                                  (abs)        043F
_TRISD2                                  (abs)        0442
_TRISD3                                  (abs)        0443
_TRMT                                    (abs)        04C1
_TXEN                                    (abs)        04C5
_TXREG                                   (abs)        0019
_UART_init                               text16       04F3
_UART_write                              text15       039B
_UART_write_text                         text14       04BC
__Habs1                                  abs1         0000
__Hbank0                                 bank0        0000
__Hbank1                                 bank1        0000
__Hbank2                                 bank2        0000
__Hbank3                                 bank3        0000
__HbssBANK0                              bssBANK0     0000
__Hcinit                                 cinit        0800
__Hclrtext                               clrtext      0000
__Hcode                                  code         0000
__Hcommon                                common       0000
__Hconfig                                config       2009
__HcstackBANK0                           cstackBANK0  0000
__HcstackBANK1                           cstackBANK1  0000
__HcstackBANK3                           cstackBANK3  0000
__HcstackCOMMON                          cstackCOMMON 0000
__HdataBANK1                             dataBANK1    0000
__Heeprom_data                           eeprom_data  0000
__Hend_init                              end_init     0003
__Hfunctab                               functab      0000
__HidataBANK1                            idataBANK1   0000
__Hinit                                  init         0000
__Hintentry                              intentry     0000
__Hmaintext                              maintext     0000
__Hpowerup                               powerup      0000
__Hram                                   ram          0000
__Hreset_vec                             reset_vec    0000
__Hsfr0                                  sfr0         0000
__Hsfr1                                  sfr1         0000
__Hsfr2                                  sfr2         0000
__Hsfr3                                  sfr3         0000
__Hspace_0                               (abs)        0800
__Hspace_1                               (abs)        01D0
__Hspace_2                               (abs)        0000
__Hspace_3                               (abs)        0000
__Hspace_4                               (abs)        4010
__Hstack                                 stack        0000
__Hstrings                               strings      0000
__Htext                                  text         0000
__Labs1                                  abs1         0000
__Lbank0                                 bank0        0000
__Lbank1                                 bank1        0000
__Lbank2                                 bank2        0000
__Lbank3                                 bank3        0000
__LbssBANK0                              bssBANK0     0000
__Lcinit                                 cinit        07D0
__Lclrtext                               clrtext      0000
__Lcode                                  code         0000
__Lcommon                                common       0000
__Lconfig                                config       0000
__LcstackBANK0                           cstackBANK0  0000
__LcstackBANK1                           cstackBANK1  0000
__LcstackBANK3                           cstackBANK3  0000
__LcstackCOMMON                          cstackCOMMON 0000
__LdataBANK1                             dataBANK1    0000
__Leeprom_data                           eeprom_data  0000
__Lend_init                              end_init     0000
__Lfunctab                               functab      0000
__LidataBANK1                            idataBANK1   0000
__Linit                                  init         0000
__Lintentry                              intentry     0000
__Lmaintext                              maintext     0000
__Lpowerup                               powerup      0000
__Lram                                   ram          0000
__Lreset_vec                             reset_vec    0000
__Lsfr0                                  sfr0         0000
__Lsfr1                                  sfr1         0000
__Lsfr2                                  sfr2         0000
__Lsfr3                                  sfr3         0000
__Lspace_0                               (abs)        0000
__Lspace_1                               (abs)        0000
__Lspace_2                               (abs)        0000
__Lspace_3                               (abs)        0000
__Lspace_4                               (abs)        0000
__Lstack                                 stack        0000
__Lstrings                               strings      0000
__Ltext                                  text         0000
__S0                                     (abs)        0800
__S1                                     (abs)        01D0
__S3                                     (abs)        0000
___aldiv                                 text17       05CF
___aldiv@counter                         cstackBANK0  0020
___aldiv@dividend                        cstackCOMMON 0074
___aldiv@divisor                         cstackCOMMON 0070
___aldiv@quotient                        cstackBANK0  0022
___aldiv@sign                            cstackBANK0  0021
___int_sp                                stack        0000
___latbits                               (abs)        0002
___sp                                    stack        0000
___stackhi                               (abs)        0000
___stacklo                               (abs)        0000
__end_of_SPI_init_master                 text18       039B
__end_of_SPI_write                       text13       03DD
__end_of_UART_init                       text16       055E
__end_of_UART_write                      text15       03A7
__end_of_UART_write_text                 text14       04F3
__end_of___aldiv                         text17       066C
__end_of__initialization                 cinit        07FC
__end_of__stringtab                      strings      0013
__end_of_arrcpy                          text4        0423
__end_of_main                            maintext     05CF
__end_of_nrf_command_with_data           text8        048B
__end_of_nrf_command_with_data_overwrite text10       04BC
__end_of_nrf_data_available              text11       03CE
__end_of_nrf_flush_rxtx                  text3        0406
__end_of_nrf_read                        text6        0463
__end_of_nrf_read_register               text9        03B3
__end_of_nrf_set_rx_mode                 text5        0441
__end_of_nrf_setup                       text2        07D0
__end_of_nrf_write_command               text12       03ED
__end_of_nrf_write_register              text7        03C0
__end_of_sprintf                         text1        0713
__initialization                         cinit        07D0
__pbssBANK0                              bssBANK0     003D
__pcstackBANK0                           cstackBANK0  0020
__pcstackBANK1                           cstackBANK1  00A0
__pcstackBANK3                           cstackBANK3  0190
__pcstackCOMMON                          cstackCOMMON 0070
__pdataBANK1                             dataBANK1    00E0
__pidataBANK1                            idataBANK1   038A
__pmaintext                              maintext     055E
__pstrings                               strings      0003
__ptext1                                 text1        066C
__ptext10                                text10       048B
__ptext11                                text11       03C0
__ptext12                                text12       03DD
__ptext13                                text13       03CE
__ptext14                                text14       04BC
__ptext15                                text15       039B
__ptext16                                text16       04F3
__ptext17                                text17       05CF
__ptext18                                text18       038F
__ptext2                                 text2        0713
__ptext3                                 text3        03ED
__ptext4                                 text4        0406
__ptext5                                 text5        0423
__ptext6                                 text6        0441
__ptext7                                 text7        03B3
__ptext8                                 text8        0463
__ptext9                                 text9        03A7
__stringbase                             strings      0012
__stringtab                              strings      0003
_arrcpy                                  text4        0406
_main                                    maintext     055E
_nrf_command_with_data                   text8        0463
_nrf_command_with_data_overwrite         text10       048B
_nrf_data_available                      text11       03C0
_nrf_flush_rxtx                          text3        03ED
_nrf_read                                text6        0441
_nrf_read_register                       text9        03A7
_nrf_set_rx_mode                         text5        0423
_nrf_setup                               text2        0713
_nrf_write_command                       text12       03DD
_nrf_write_register                      text7        03B3
_sprintf                                 text1        066C
arrcpy@dst                               cstackCOMMON 0075
arrcpy@i                                 cstackCOMMON 0076
arrcpy@len                               cstackCOMMON 0071
arrcpy@src                               cstackCOMMON 0070
btemp                                    (abs)        007E
char_to_binary_string@output             bssBANK0     003D
end_of_initialization                    cinit        07FC
intlevel0                                functab      0000
intlevel1                                functab      0000
intlevel2                                functab      0000
intlevel3                                functab      0000
intlevel4                                functab      0000
intlevel5                                functab      0000
main@buffer                              cstackBANK1  00A0
main@buffer_197                          cstackBANK3  0190
main@data                                cstackBANK0  003A
nrf_command_with_data@command            cstackCOMMON 0074
nrf_command_with_data@data               cstackCOMMON 0071
nrf_command_with_data@i                  cstackCOMMON 0076
nrf_command_with_data@len                cstackCOMMON 0072
nrf_command_with_data@status             cstackCOMMON 0075
nrf_command_with_data_overwrite@command  cstackCOMMON 0076
nrf_command_with_data_overwrite@data     cstackCOMMON 0071
nrf_command_with_data_overwrite@i        cstackCOMMON 0078
nrf_command_with_data_overwrite@len      cstackCOMMON 0072
nrf_command_with_data_overwrite@status   cstackCOMMON 0077
nrf_data_available@status                cstackCOMMON 0073
nrf_flush_rxtx@data                      cstackCOMMON 007A
nrf_read@clear                           cstackBANK0  0021
nrf_read@data                            cstackBANK0  0020
nrf_read@len                             cstackCOMMON 007C
nrf_read_register@data                   cstackCOMMON 0079
nrf_read_register@len                    cstackCOMMON 007A
nrf_read_register@reg                    cstackCOMMON 007B
nrf_set_rx_mode@config                   cstackCOMMON 007C
nrf_setup@addr                           cstackBANK0  0020
nrf_setup@data                           cstackBANK0  0021
nrf_setup@payload_size                   cstackCOMMON 007B
nrf_write_command@command                cstackCOMMON 0071
nrf_write_command@status                 cstackCOMMON 0072
nrf_write_register@data                  cstackCOMMON 0077
nrf_write_register@len                   cstackCOMMON 0078
nrf_write_register@reg                   cstackCOMMON 0079
reset_vec                                reset_vec    0000
sprintf@ap                               cstackCOMMON 0072
sprintf@c                                cstackCOMMON 0075
sprintf@cp                               cstackCOMMON 0073
sprintf@f                                cstackBANK0  0022
sprintf@sp                               cstackBANK0  0020
start                                    init         0000
start_initialization                     cinit        07D0
wtemp0                                   (abs)        007E


MODULE INFORMATION

Module		Function		Class		Link	Load	Size
./spi.h
		_SPI_init_master		CODE           	038F	0000	12
		_SPI_write     		CODE           	03CE	0000	15

./spi.h estimated size: 27

C:\Program Files\Microchip\xc8\v2.40\pic\sources\c90\common\aldiv.c
		___aldiv       		CODE           	05CF	0000	157

C:\Program Files\Microchip\xc8\v2.40\pic\sources\c90\common\aldiv.c estimated size: 157

./uart.h
		_UART_init     		CODE           	04F3	0000	107
		_UART_write_text		CODE           	04BC	0000	55
		_UART_write    		CODE           	039B	0000	12

./uart.h estimated size: 174

C:\Program Files\Microchip\xc8\v2.40\pic\sources\c90\common\doprnt.c
		_sprintf       		CODE           	066C	0000	167

C:\Program Files\Microchip\xc8\v2.40\pic\sources\c90\common\doprnt.c estimated size: 167

./nrf24l01.h
		_nrf_data_available		CODE           	03C0	0000	14
		_nrf_set_rx_mode		CODE           	0423	0000	30
		_nrf_command_with_data_overwrite		CODE           	048B	0000	49
		_nrf_read      		CODE           	0441	0000	34
		_nrf_write_command		CODE           	03DD	0000	16
		_nrf_setup     		CODE           	0713	0000	189
		_nrf_command_with_data		CODE           	0463	0000	40
		_nrf_read_register		CODE           	03A7	0000	12
		_nrf_flush_rxtx		CODE           	03ED	0000	25
		_arrcpy        		CODE           	0406	0000	29
		_nrf_write_register		CODE           	03B3	0000	13

./nrf24l01.h estimated size: 451

shared
		__stringtab    		STRING         	0003	0000	16
		__initialization		CODE           	07D0	0000	44

shared estimated size: 60

main.c
		_main          		CODE           	055E	0000	113

main.c estimated size: 113

