Microchip MPLAB XC8 Compiler V2.40

Linker command line:

-W-3 \
  --edf=C:\Program Files\Microchip\xc8\v2.40\pic\dat\20220703182018_en.msgs \
  -cn -h+dist/default/production\NRF.X.production.sym \
  --cmf=dist/default/production\NRF.X.production.cmf -z -Q16F887 \
  -oC:\Users\marti\AppData\Local\Temp\xcAs65c.4 --fixupoverflow=error \
  -Mdist/default/production/NRF.X.production.map \
  --md=C:\Users\marti\AppData\Local\Temp\xcAs65c.dat -E1 -ver=XC8 Compiler \
  --acfsm=1493 -ACODE=00h-07FFhx4 -ASTRCODE=00h-01FFFh -ASTRING=00h-0FFhx32 \
  -ACONST=00h-0FFhx32 -AENTRY=00h-0FFhx32 -ACOMMON=070h-07Fh \
  -ABANK0=020h-06Fh -ABANK1=0A0h-0EFh -ABANK2=0110h-016Fh \
  -ABANK3=0190h-01EFh -ARAM=020h-06Fh,0A0h-0EFh,0110h-016Fh,0190h-01EFh \
  -AABS1=020h-07Fh,0A0h-0EFh,0110h-016Fh,0190h-01EFh -ASFR0=00h-01Fh \
  -ASFR1=080h-09Fh -ASFR2=0100h-010Fh -ASFR3=0180h-018Fh \
  -ACONFIG=02007h-02008h -DCONFIG=2 -AIDLOC=02000h-02003h -DIDLOC=2 \
  -AEEDATA=00h-0FFh/02100h -peeprom_data=EEDATA -DEEDATA=2 -DCODE=2 \
  -DSTRCODE=2 -DSTRING=2 -DCONST=2 -DENTRY=2 \
  -preset_vec=00h,intentry,init,end_init -ppowerup=CODE -pcinit=CODE \
  -pfunctab=ENTRY -k C:\Users\marti\AppData\Local\Temp\xcAs65c.o \
  dist/default/production\NRF.X.production.o 

Object code version is 3.11

Machine type is 16F887



                Name                               Link     Load   Length Selector   Space Scale
C:\Users\marti\AppData\Local\Temp\xcAs65c.o
                end_init                              0        0        3        0       0
                config                             2007     2007        2        0       4
dist/default/production\NRF.X.production.o
                cinit                               7E4      7E4       1C      FC8       0
                config                             2007     2007        2        0       4
                text18                              32F      32F        A      65E       0
                text17                              5A9      5A9       9D      B52       0
                text16                              53E      53E       6B      A7C       0
                text15                              339      339        C      672       0
                text14                              4A5      4A5       37      94A       0
                text13                              3F8      3F8       28      7F0       0
                text12                              474      474       31      8E8       0
                text11                              352      352        E      6A4       0
                text10                              420      420       28      840       0
                text9                               345      345        D      68A       0
                text8                               3D4      3D4       24      7A8       0
                text7                               360      360       10      6C0       0
                text6                               39C      39C       1B      738       0
                text5                               448      448       2C      890       0
                text4                               3B7      3B7       1D      76E       0
                text3                               383      383       19      706       0
                text2                               709      709       DB      E12       0
                text1                               4DC      4DC       62      9B8       0
                maintext                            646      646       C3      C8C       0
                cstackBANK0                          20       20       24       20       1
                cstackCOMMON                         70       70        E       70       1
                cstackBANK1                          A0       A0       40       A0       1
                cstackBANK3                         190      190       40      190       1
                inittext                            370      370       13      6E0       0
                dataBANK1                            E0       E0        8       A0       1
                bssBANK0                             44       44        A       20       1
                strings                               3        3       26        6       0
                idataBANK1                          327      327        8      64E       0

TOTAL           Name                               Link     Load   Length     Space
        CLASS   CODE           
                end_init                              0        0        3         0
                cinit                               7E4      7E4       1C         0
                text18                              32F      32F        A         0
                text17                              5A9      5A9       9D         0
                text16                              53E      53E       6B         0
                text15                              339      339        C         0
                text14                              4A5      4A5       37         0
                text13                              3F8      3F8       28         0
                text12                              474      474       31         0
                text11                              352      352        E         0
                text10                              420      420       28         0
                text9                               345      345        D         0
                text8                               3D4      3D4       24         0
                text7                               360      360       10         0
                text6                               39C      39C       1B         0
                text5                               448      448       2C         0
                text4                               3B7      3B7       1D         0
                text3                               383      383       19         0
                text2                               709      709       DB         0
                text1                               4DC      4DC       62         0
                maintext                            646      646       C3         0
                inittext                            370      370       13         0
                idataBANK1                          327      327        8         0

        CLASS   STRCODE        

        CLASS   STRING         
                strings                               3        3       26         0

        CLASS   CONST          

        CLASS   ENTRY          

        CLASS   COMMON         
                cstackCOMMON                         70       70        E         1

        CLASS   BANK0          
                cstackBANK0                          20       20       24         1
                bssBANK0                             44       44        A         1

        CLASS   BANK1          
                cstackBANK1                          A0       A0       40         1
                dataBANK1                            E0       E0        8         1

        CLASS   BANK2          

        CLASS   BANK3          
                cstackBANK3                         190      190       40         1

        CLASS   RAM            

        CLASS   ABS1           
                abs_s1                               7E       7E        2         1

        CLASS   SFR0           

        CLASS   SFR1           

        CLASS   SFR2           

        CLASS   SFR3           

        CLASS   CONFIG         
                config                             2007     2007        2         4

        CLASS   IDLOC          

        CLASS   EEDATA         

        CLASS   STACK          



SEGMENTS        Name                           Load    Length   Top    Selector   Space  Class     Delta

                reset_vec                      000000  000003  000003         0       0  CODE        2
                strings                        000003  000026  000029         6       0  STRING      2
                cstackBANK0                    000020  00002E  00004E        20       1  BANK0       1
                cstackCOMMON                   000070  00000E  00007E        70       1  COMMON      1
                cstackBANK1                    0000A0  000048  0000E8        A0       1  BANK1       1
                cstackBANK3                    000190  000040  0001D0       190       1  BANK3       1
                idataBANK1                     000327  000008  00032F       64E       0  CODE        2
                text18                         00032F  00000A  000339       65E       0  CODE        2
                text15                         000339  00000C  000345       672       0  CODE        2
                text9                          000345  00000D  000352       68A       0  CODE        2
                text11                         000352  00000E  000360       6A4       0  CODE        2
                text7                          000360  000010  000370       6C0       0  CODE        2
                inittext                       000370  000013  000383       6E0       0  CODE        2
                text3                          000383  000019  00039C       706       0  CODE        2
                text6                          00039C  00001B  0003B7       738       0  CODE        2
                text4                          0003B7  00001D  0003D4       76E       0  CODE        2
                text8                          0003D4  000024  0003F8       7A8       0  CODE        2
                text13                         0003F8  000028  000420       7F0       0  CODE        2
                text10                         000420  000028  000448       840       0  CODE        2
                text5                          000448  00002C  000474       890       0  CODE        2
                text12                         000474  000031  0004A5       8E8       0  CODE        2
                text14                         0004A5  000037  0004DC       94A       0  CODE        2
                text1                          0004DC  000062  00053E       9B8       0  CODE        2
                text16                         00053E  00006B  0005A9       A7C       0  CODE        2
                text17                         0005A9  00009D  000646       B52       0  CODE        2
                maintext                       000646  0000C3  000709       C8C       0  CODE        2
                text2                          000709  0000DB  0007E4       E12       0  CODE        2
                cinit                          0007E4  00001C  000800       FC8       0  CODE        2


UNUSED ADDRESS RANGES

        Name                Unused          Largest block    Delta
        BANK0            004E-006F             22           1
        BANK1            00E8-00EF              8           1
        BANK2            0110-016F             60           1
        BANK3            01D0-01EF             20           1
        CODE             0029-0326            2FE           2
                         0800-1FFF            800
        CONST            0029-0326            100           2
                         0800-1FFF            100
        EEDATA           2100-21FF            100           2
        ENTRY            0029-0326            100           2
                         0800-1FFF            100
        IDLOC            2000-2003              4           2
        RAM              004E-006F             22           1
                         00E8-00EF              8
                         0110-016F             60
                         01D0-01EF             20
        SFR0             0000-001F             20           1
        SFR1             0080-009F             20           1
        SFR2             0100-010F             10           1
        SFR3             0180-018F             10           1
        STRCODE          0029-0326            2FE           2
                         0800-1FFF           1800
        STRING           0029-0326            100           2
                         0800-1FFF            100

                                  Symbol Table

?___aldiv                                cstackCOMMON 0070
?_sprintf                                cstackBANK0  0020
SPI_write@data                           cstackCOMMON 0071
SPI_write@i                              cstackCOMMON 0073
SPI_write@read                           cstackCOMMON 0072
UART_init@_XTAL_FREQ                     cstackBANK0  002A
UART_init@baudrate                       cstackBANK0  0026
UART_write@data                          cstackCOMMON 0070
UART_write_text@i                        cstackCOMMON 0076
UART_write_text@text                     cstackCOMMON 0071
_BRGH                                    (abs)        04C2
_CREN                                    (abs)        00C4
_OSCCONbits                              (abs)        008F
_RADIO_ADDR                              dataBANK1    00E3
_RC3                                     (abs)        003B
_RC4                                     (abs)        003C
_RC5                                     (abs)        003D
_RCIF                                    (abs)        0065
_RCREG                                   (abs)        001A
_RD2                                     (abs)        0042
_RD3                                     (abs)        0043
_SPBRG                                   (abs)        0099
_SPEN                                    (abs)        00C7
_SPI_init_master                         text18       032F
_SPI_write                               text13       03F8
_SYNC                                    (abs)        04C4
_TRISC3                                  (abs)        043B
_TRISC4                                  (abs)        043C
_TRISC5                                  (abs)        043D
_TRISC6                                  (abs)        043E
_TRISC7                                  (abs)        043F
_TRISD2                                  (abs)        0442
_TRISD3                                  (abs)        0443
_TRMT                                    (abs)        04C1
_TXEN                                    (abs)        04C5
_TXREG                                   (abs)        0019
_UART_init                               text16       053E
_UART_write                              text15       0339
_UART_write_text                         text14       04A5
__Habs1                                  abs1         0000
__Hbank0                                 bank0        0000
__Hbank1                                 bank1        0000
__Hbank2                                 bank2        0000
__Hbank3                                 bank3        0000
__HbssBANK0                              bssBANK0     0000
__Hcinit                                 cinit        0800
__Hclrtext                               clrtext      0000
__Hcode                                  code         0000
__Hcommon                                common       0000
__Hconfig                                config       2009
__HcstackBANK0                           cstackBANK0  0000
__HcstackBANK1                           cstackBANK1  0000
__HcstackBANK3                           cstackBANK3  0000
__HcstackCOMMON                          cstackCOMMON 0000
__HdataBANK1                             dataBANK1    0000
__Heeprom_data                           eeprom_data  0000
__Hend_init                              end_init     0003
__Hfunctab                               functab      0000
__HidataBANK1                            idataBANK1   0000
__Hinit                                  init         0000
__Hinittext                              inittext     0000
__Hintentry                              intentry     0000
__Hmaintext                              maintext     0000
__Hpowerup                               powerup      0000
__Hram                                   ram          0000
__Hreset_vec                             reset_vec    0000
__Hsfr0                                  sfr0         0000
__Hsfr1                                  sfr1         0000
__Hsfr2                                  sfr2         0000
__Hsfr3                                  sfr3         0000
__Hspace_0                               (abs)        0800
__Hspace_1                               (abs)        01D0
__Hspace_2                               (abs)        0000
__Hspace_3                               (abs)        0000
__Hspace_4                               (abs)        4010
__Hstack                                 stack        0000
__Hstrings                               strings      0000
__Htext                                  text         0000
__Labs1                                  abs1         0000
__Lbank0                                 bank0        0000
__Lbank1                                 bank1        0000
__Lbank2                                 bank2        0000
__Lbank3                                 bank3        0000
__LbssBANK0                              bssBANK0     0000
__Lcinit                                 cinit        07E4
__Lclrtext                               clrtext      0000
__Lcode                                  code         0000
__Lcommon                                common       0000
__Lconfig                                config       0000
__LcstackBANK0                           cstackBANK0  0000
__LcstackBANK1                           cstackBANK1  0000
__LcstackBANK3                           cstackBANK3  0000
__LcstackCOMMON                          cstackCOMMON 0000
__LdataBANK1                             dataBANK1    0000
__Leeprom_data                           eeprom_data  0000
__Lend_init                              end_init     0000
__Lfunctab                               functab      0000
__LidataBANK1                            idataBANK1   0000
__Linit                                  init         0000
__Linittext                              inittext     0000
__Lintentry                              intentry     0000
__Lmaintext                              maintext     0000
__Lpowerup                               powerup      0000
__Lram                                   ram          0000
__Lreset_vec                             reset_vec    0000
__Lsfr0                                  sfr0         0000
__Lsfr1                                  sfr1         0000
__Lsfr2                                  sfr2         0000
__Lsfr3                                  sfr3         0000
__Lspace_0                               (abs)        0000
__Lspace_1                               (abs)        0000
__Lspace_2                               (abs)        0000
__Lspace_3                               (abs)        0000
__Lspace_4                               (abs)        0000
__Lstack                                 stack        0000
__Lstrings                               strings      0000
__Ltext                                  text         0000
__S0                                     (abs)        0800
__S1                                     (abs)        01D0
__S3                                     (abs)        0000
___aldiv                                 text17       05A9
___aldiv@counter                         cstackBANK0  0020
___aldiv@dividend                        cstackCOMMON 0074
___aldiv@divisor                         cstackCOMMON 0070
___aldiv@quotient                        cstackBANK0  0022
___aldiv@sign                            cstackBANK0  0021
___int_sp                                stack        0000
___latbits                               (abs)        0002
___sp                                    stack        0000
___stackhi                               (abs)        0000
___stacklo                               (abs)        0000
__end_of_SPI_init_master                 text18       0339
__end_of_SPI_write                       text13       0420
__end_of_UART_init                       text16       05A9
__end_of_UART_write                      text15       0345
__end_of_UART_write_text                 text14       04DC
__end_of___aldiv                         text17       0646
__end_of__initialization                 cinit        07FC
__end_of__stringtab                      strings      0009
__end_of_arrcpy                          text4        03D4
__end_of_main                            maintext     0709
__end_of_nrf_command_with_data           text10       0448
__end_of_nrf_command_with_data_overwrite text12       04A5
__end_of_nrf_flush_rxtx                  text3        039C
__end_of_nrf_read_register               text11       0360
__end_of_nrf_send                        text5        0474
__end_of_nrf_set_tx_mode                 text8        03F8
__end_of_nrf_setup                       text2        07E4
__end_of_nrf_write_command               text7        0370
__end_of_nrf_write_payload               text6        03B7
__end_of_nrf_write_register              text9        0352
__end_of_sprintf                         text1        053E
__initialization                         cinit        07E4
__pbssBANK0                              bssBANK0     0044
__pcstackBANK0                           cstackBANK0  0020
__pcstackBANK1                           cstackBANK1  00A0
__pcstackBANK3                           cstackBANK3  0190
__pcstackCOMMON                          cstackCOMMON 0070
__pdataBANK1                             dataBANK1    00E0
__pidataBANK1                            idataBANK1   0327
__pmaintext                              maintext     0646
__pstrings                               strings      0003
__ptext1                                 text1        04DC
__ptext10                                text10       0420
__ptext11                                text11       0352
__ptext12                                text12       0474
__ptext13                                text13       03F8
__ptext14                                text14       04A5
__ptext15                                text15       0339
__ptext16                                text16       053E
__ptext17                                text17       05A9
__ptext18                                text18       032F
__ptext2                                 text2        0709
__ptext3                                 text3        0383
__ptext4                                 text4        03B7
__ptext5                                 text5        0448
__ptext6                                 text6        039C
__ptext7                                 text7        0360
__ptext8                                 text8        03D4
__ptext9                                 text9        0345
__stringbase                             strings      0008
__stringtab                              strings      0003
_arrcpy                                  text4        03B7
_main                                    maintext     0646
_nrf_command_with_data                   text10       0420
_nrf_command_with_data_overwrite         text12       0474
_nrf_flush_rxtx                          text3        0383
_nrf_read_register                       text11       0352
_nrf_send                                text5        0448
_nrf_set_tx_mode                         text8        03D4
_nrf_setup                               text2        0709
_nrf_write_command                       text7        0360
_nrf_write_payload                       text6        039C
_nrf_write_register                      text9        0345
_sprintf                                 text1        04DC
arrcpy@dst                               cstackCOMMON 0075
arrcpy@i                                 cstackCOMMON 0076
arrcpy@len                               cstackCOMMON 0071
arrcpy@src                               cstackCOMMON 0070
btemp                                    (abs)        007E
char_to_binary_string@output             bssBANK0     0044
end_of_initialization                    cinit        07FC
init_fetch0                              inittext     0370
init_ram0                                inittext     0374
intlevel0                                functab      0000
intlevel1                                functab      0000
intlevel2                                functab      0000
intlevel3                                functab      0000
intlevel4                                functab      0000
intlevel5                                functab      0000
main@F1433                               dataBANK1    00E0
main@buffer                              cstackBANK1  00A0
main@buffer_200                          cstackBANK3  0190
main@data                                cstackBANK0  003D
main@i                                   cstackBANK0  0040
main@j                                   cstackBANK0  0042
nrf_command_with_data@command            cstackCOMMON 0077
nrf_command_with_data@data               cstackCOMMON 0074
nrf_command_with_data@i                  cstackCOMMON 0079
nrf_command_with_data@len                cstackCOMMON 0075
nrf_command_with_data@status             cstackCOMMON 0078
nrf_command_with_data_overwrite@command  cstackCOMMON 0079
nrf_command_with_data_overwrite@data     cstackCOMMON 0074
nrf_command_with_data_overwrite@i        cstackCOMMON 007B
nrf_command_with_data_overwrite@len      cstackCOMMON 0075
nrf_command_with_data_overwrite@status   cstackCOMMON 007A
nrf_flush_rxtx@data                      cstackCOMMON 007D
nrf_read_register@data                   cstackCOMMON 007C
nrf_read_register@len                    cstackCOMMON 007D
nrf_read_register@reg                    cstackBANK0  0020
nrf_send@clear                           cstackBANK0  0026
nrf_send@data                            cstackBANK0  0025
nrf_send@len                             cstackBANK0  0023
nrf_send@stat                            cstackBANK0  0024
nrf_set_tx_mode@config                   cstackBANK0  0022
nrf_setup@addr                           cstackBANK0  0025
nrf_setup@addr_size                      cstackBANK0  0020
nrf_setup@data                           cstackBANK0  0026
nrf_setup@payload_size                   cstackBANK0  0021
nrf_write_command@command                cstackCOMMON 0074
nrf_write_command@status                 cstackCOMMON 0075
nrf_write_payload@data                   cstackBANK0  0021
nrf_write_payload@len                    cstackCOMMON 007D
nrf_write_register@data                  cstackCOMMON 007A
nrf_write_register@len                   cstackCOMMON 007B
nrf_write_register@reg                   cstackCOMMON 007C
reset_vec                                reset_vec    0000
sprintf@ap                               cstackCOMMON 0072
sprintf@c                                cstackCOMMON 0073
sprintf@f                                cstackBANK0  0022
sprintf@sp                               cstackBANK0  0020
start                                    init         0000
start_initialization                     cinit        07E4
wtemp0                                   (abs)        007E


MODULE INFORMATION

Module		Function		Class		Link	Load	Size
C:\Program Files\Microchip\xc8\v2.40\pic\sources\c90\common\aldiv.c
		___aldiv       		CODE           	05A9	0000	157

C:\Program Files\Microchip\xc8\v2.40\pic\sources\c90\common\aldiv.c estimated size: 157

./uart.h
		_UART_init     		CODE           	053E	0000	107
		_UART_write_text		CODE           	04A5	0000	55
		_UART_write    		CODE           	0339	0000	12

./uart.h estimated size: 174

C:\Program Files\Microchip\xc8\v2.40\pic\sources\c90\common\doprnt.c
		_sprintf       		CODE           	04DC	0000	98

C:\Program Files\Microchip\xc8\v2.40\pic\sources\c90\common\doprnt.c estimated size: 98

./nrf24l01.h
		_nrf_set_tx_mode		CODE           	03D4	0000	36
		_nrf_command_with_data_overwrite		CODE           	0474	0000	49
		_nrf_write_payload		CODE           	039C	0000	27
		_nrf_write_command		CODE           	0360	0000	16
		_nrf_send      		CODE           	0448	0000	44
		_nrf_setup     		CODE           	0709	0000	219
		_nrf_command_with_data		CODE           	0420	0000	40
		_nrf_read_register		CODE           	0352	0000	14
		_nrf_flush_rxtx		CODE           	0383	0000	25
		_arrcpy        		CODE           	03B7	0000	29
		_nrf_write_register		CODE           	0345	0000	13

./nrf24l01.h estimated size: 512

shared
		__stringtab    		STRING         	0003	0000	6
		__initialization		CODE           	07E4	0000	24

shared estimated size: 30

./softwarespi.h
		_SPI_init_master		CODE           	032F	0000	10
		_SPI_write     		CODE           	03F8	0000	40

./softwarespi.h estimated size: 50

main.c
		_main          		CODE           	0646	0000	195

main.c estimated size: 195

