Microchip MPLAB XC8 Compiler V2.40

Linker command line:

-W-3 \
  --edf=C:\Program Files\Microchip\xc8\v2.40\pic\dat\20220703182018_en.msgs \
  -cn -h+dist/default/production\NRF.X.production.sym \
  --cmf=dist/default/production\NRF.X.production.cmf -z -Q16F887 \
  -oC:\Users\marti\AppData\Local\Temp\xcAs88k.4 --fixupoverflow=error \
  -Mdist/default/production/NRF.X.production.map \
  --md=C:\Users\marti\AppData\Local\Temp\xcAs88k.dat -E1 -ver=XC8 Compiler \
  --acfsm=1493 -ACODE=00h-07FFhx4 -ASTRCODE=00h-01FFFh -ASTRING=00h-0FFhx32 \
  -ACONST=00h-0FFhx32 -AENTRY=00h-0FFhx32 -ACOMMON=070h-07Fh \
  -ABANK0=020h-06Fh -ABANK1=0A0h-0EFh -ABANK2=0110h-016Fh \
  -ABANK3=0190h-01EFh -ARAM=020h-06Fh,0A0h-0EFh,0110h-016Fh,0190h-01EFh \
  -AABS1=020h-07Fh,0A0h-0EFh,0110h-016Fh,0190h-01EFh -ASFR0=00h-01Fh \
  -ASFR1=080h-09Fh -ASFR2=0100h-010Fh -ASFR3=0180h-018Fh \
  -ACONFIG=02007h-02008h -DCONFIG=2 -AIDLOC=02000h-02003h -DIDLOC=2 \
  -AEEDATA=00h-0FFh/02100h -peeprom_data=EEDATA -DEEDATA=2 -DCODE=2 \
  -DSTRCODE=2 -DSTRING=2 -DCONST=2 -DENTRY=2 \
  -preset_vec=00h,intentry,init,end_init -ppowerup=CODE -pcinit=CODE \
  -pfunctab=ENTRY -k C:\Users\marti\AppData\Local\Temp\xcAs88k.o \
  dist/default/production\NRF.X.production.o 

Object code version is 3.11

Machine type is 16F887



                Name                               Link     Load   Length Selector   Space Scale
C:\Users\marti\AppData\Local\Temp\xcAs88k.o
                end_init                              0        0        3        0       0
                config                             2007     2007        2        0       4
dist/default/production\NRF.X.production.o
                cinit                               7E0      7E0       20      FC0       0
                config                             2007     2007        2        0       4
                text16                              520      520        D      A40       0
                text15                              52D      52D        F      A5A       0
                text14                              53C      53C       10      A78       0
                text13                              592      592       1A      B24       0
                text12                              4FD      4FD        B      9FA       0
                text11                              5F0      5F0       2B      BE0       0
                text10                              54C      54C       16      A98       0
                text9                               5AC      5AC       1F      B58       0
                text8                               508      508        C      A10       0
                text7                               514      514        C      A28       0
                text6                               5CB      5CB       25      B96       0
                text5                               579      579       19      AF2       0
                text4                               743      743       9D      E86       0
                text3                               66D      66D       6B      CDA       0
                text2                               562      562       17      AC4       0
                text1                               6D8      6D8       6B      DB0       0
                maintext                            61B      61B       52      C36       0
                cstackBANK0                          20       20       1D       20       1
                cstackCOMMON                         70       70        C       70       1
                dataBANK0                            47       47        3       20       1
                bssBANK0                             3D       3D        A       20       1
                strings                               3        3       31        6       0
                idataBANK0                          4FA      4FA        3      9F4       0

TOTAL           Name                               Link     Load   Length     Space
        CLASS   CODE           
                end_init                              0        0        3         0
                cinit                               7E0      7E0       20         0
                text16                              520      520        D         0
                text15                              52D      52D        F         0
                text14                              53C      53C       10         0
                text13                              592      592       1A         0
                text12                              4FD      4FD        B         0
                text11                              5F0      5F0       2B         0
                text10                              54C      54C       16         0
                text9                               5AC      5AC       1F         0
                text8                               508      508        C         0
                text7                               514      514        C         0
                text6                               5CB      5CB       25         0
                text5                               579      579       19         0
                text4                               743      743       9D         0
                text3                               66D      66D       6B         0
                text2                               562      562       17         0
                text1                               6D8      6D8       6B         0
                maintext                            61B      61B       52         0
                idataBANK0                          4FA      4FA        3         0

        CLASS   STRCODE        

        CLASS   STRING         
                strings                               3        3       31         0

        CLASS   CONST          

        CLASS   ENTRY          

        CLASS   COMMON         
                cstackCOMMON                         70       70        C         1

        CLASS   BANK0          
                cstackBANK0                          20       20       1D         1
                dataBANK0                            47       47        3         1
                bssBANK0                             3D       3D        A         1

        CLASS   BANK1          

        CLASS   BANK2          

        CLASS   BANK3          

        CLASS   RAM            

        CLASS   ABS1           
                abs_s1                               7E       7E        2         1

        CLASS   SFR0           

        CLASS   SFR1           

        CLASS   SFR2           

        CLASS   SFR3           

        CLASS   CONFIG         
                config                             2007     2007        2         4

        CLASS   IDLOC          

        CLASS   EEDATA         

        CLASS   STACK          



SEGMENTS        Name                           Load    Length   Top    Selector   Space  Class     Delta

                reset_vec                      000000  000003  000003         0       0  CODE        2
                strings                        000003  000031  000034         6       0  STRING      2
                cstackBANK0                    000020  00002A  00004A        20       1  BANK0       1
                cstackCOMMON                   000070  00000C  00007C        70       1  COMMON      1
                idataBANK0                     0004FA  000003  0004FD       9F4       0  CODE        2
                text12                         0004FD  00000B  000508       9FA       0  CODE        2
                text8                          000508  00000C  000514       A10       0  CODE        2
                text7                          000514  00000C  000520       A28       0  CODE        2
                text16                         000520  00000D  00052D       A40       0  CODE        2
                text15                         00052D  00000F  00053C       A5A       0  CODE        2
                text14                         00053C  000010  00054C       A78       0  CODE        2
                text10                         00054C  000016  000562       A98       0  CODE        2
                text2                          000562  000017  000579       AC4       0  CODE        2
                text5                          000579  000019  000592       AF2       0  CODE        2
                text13                         000592  00001A  0005AC       B24       0  CODE        2
                text9                          0005AC  00001F  0005CB       B58       0  CODE        2
                text6                          0005CB  000025  0005F0       B96       0  CODE        2
                text11                         0005F0  00002B  00061B       BE0       0  CODE        2
                maintext                       00061B  000052  00066D       C36       0  CODE        2
                text3                          00066D  00006B  0006D8       CDA       0  CODE        2
                text1                          0006D8  00006B  000743       DB0       0  CODE        2
                text4                          000743  00009D  0007E0       E86       0  CODE        2
                cinit                          0007E0  000020  000800       FC0       0  CODE        2


UNUSED ADDRESS RANGES

        Name                Unused          Largest block    Delta
        BANK0            004A-006F             26           1
        BANK1            00A0-00EF             50           1
        BANK2            0110-016F             60           1
        BANK3            0190-01EF             60           1
        CODE             0034-04F9            4C6           2
                         0800-1FFF            800
        COMMON           007C-007D              2           1
        CONST            0034-04F9            100           2
                         0800-1FFF            100
        EEDATA           2100-21FF            100           2
        ENTRY            0034-04F9            100           2
                         0800-1FFF            100
        IDLOC            2000-2003              4           2
        RAM              004A-006F             26           1
                         00A0-00EF             50
                         0110-016F             60
                         0190-01EF             60
        SFR0             0000-001F             20           1
        SFR1             0080-009F             20           1
        SFR2             0100-010F             10           1
        SFR3             0180-018F             10           1
        STRCODE          0034-04F9            4C6           2
                         0800-1FFF           1800
        STRING           0034-04F9            100           2
                         0800-1FFF            100

                                  Symbol Table

?___aldiv                    cstackCOMMON 0070
SPI_write@data               cstackCOMMON 0070
SendChar@args                cstackCOMMON 007B
TXChar@ch                    cstackCOMMON 0079
TXChar@stat                  cstackCOMMON 007A
UART_Init@_XTAL_FREQ         cstackBANK0  002A
UART_Init@baudrate           cstackBANK0  0026
UART_Write@data              cstackCOMMON 0070
UART_Write_Text@i            cstackCOMMON 0071
UART_Write_Text@text         cstackCOMMON 0073
_BF                          (abs)        04A0
_BRGH                        (abs)        04C2
_CKE                         (abs)        04A6
_CREN                        (abs)        00C4
_OSCCONbits                  (abs)        008F
_RCIF                        (abs)        0065
_RCREG                       (abs)        001A
_RD2                         (abs)        0042
_RD3                         (abs)        0043
_RXTX_ADDR                   dataBANK0    0047
_SMP                         (abs)        04A7
_SPBRG                       (abs)        0099
_SPEN                        (abs)        00C7
_SPI_init_master             text16       0520
_SPI_write                   text15       052D
_SSPBUF                      (abs)        0013
_SSPCON                      (abs)        0014
_SSPSTAT                     (abs)        0094
_STATUS                      (abs)        0003
_SYNC                        (abs)        04C4
_SendChar                    text5        0579
_TRISC6                      (abs)        043E
_TRISC7                      (abs)        043F
_TRISCbits                   (abs)        0087
_TRISDbits                   (abs)        0088
_TRMT                        (abs)        04C1
_TXChar                      text9        05AC
_TXEN                        (abs)        04C5
_TXREG                       (abs)        0019
_TX_mode                     text8        0508
_UART_Init                   text3        066D
_UART_Write                  text7        0514
_UART_Write_Text             text6        05CB
__Habs1                      abs1         0000
__Hbank0                     bank0        0000
__Hbank1                     bank1        0000
__Hbank2                     bank2        0000
__Hbank3                     bank3        0000
__HbssBANK0                  bssBANK0     0000
__Hcinit                     cinit        0800
__Hclrtext                   clrtext      0000
__Hcode                      code         0000
__Hcommon                    common       0000
__Hconfig                    config       2009
__HcstackBANK0               cstackBANK0  0000
__HcstackCOMMON              cstackCOMMON 0000
__HdataBANK0                 dataBANK0    0000
__Heeprom_data               eeprom_data  0000
__Hend_init                  end_init     0003
__Hfunctab                   functab      0000
__HidataBANK0                idataBANK0   0000
__Hinit                      init         0000
__Hintentry                  intentry     0000
__Hmaintext                  maintext     0000
__Hpowerup                   powerup      0000
__Hram                       ram          0000
__Hreset_vec                 reset_vec    0000
__Hsfr0                      sfr0         0000
__Hsfr1                      sfr1         0000
__Hsfr2                      sfr2         0000
__Hsfr3                      sfr3         0000
__Hspace_0                   (abs)        0800
__Hspace_1                   (abs)        007C
__Hspace_2                   (abs)        0000
__Hspace_3                   (abs)        0000
__Hspace_4                   (abs)        4010
__Hstack                     stack        0000
__Hstrings                   strings      0000
__Htext                      text         0000
__Labs1                      abs1         0000
__Lbank0                     bank0        0000
__Lbank1                     bank1        0000
__Lbank2                     bank2        0000
__Lbank3                     bank3        0000
__LbssBANK0                  bssBANK0     0000
__Lcinit                     cinit        07E0
__Lclrtext                   clrtext      0000
__Lcode                      code         0000
__Lcommon                    common       0000
__Lconfig                    config       0000
__LcstackBANK0               cstackBANK0  0000
__LcstackCOMMON              cstackCOMMON 0000
__LdataBANK0                 dataBANK0    0000
__Leeprom_data               eeprom_data  0000
__Lend_init                  end_init     0000
__Lfunctab                   functab      0000
__LidataBANK0                idataBANK0   0000
__Linit                      init         0000
__Lintentry                  intentry     0000
__Lmaintext                  maintext     0000
__Lpowerup                   powerup      0000
__Lram                       ram          0000
__Lreset_vec                 reset_vec    0000
__Lsfr0                      sfr0         0000
__Lsfr1                      sfr1         0000
__Lsfr2                      sfr2         0000
__Lsfr3                      sfr3         0000
__Lspace_0                   (abs)        0000
__Lspace_1                   (abs)        0000
__Lspace_2                   (abs)        0000
__Lspace_3                   (abs)        0000
__Lspace_4                   (abs)        0000
__Lstack                     stack        0000
__Lstrings                   strings      0000
__Ltext                      text         0000
__S0                         (abs)        0800
__S1                         (abs)        007C
__S3                         (abs)        0000
___aldiv                     text4        0743
___aldiv@counter             cstackBANK0  0020
___aldiv@dividend            cstackCOMMON 0074
___aldiv@divisor             cstackCOMMON 0070
___aldiv@quotient            cstackBANK0  0022
___aldiv@sign                cstackBANK0  0021
___int_sp                    stack        0000
___latbits                   (abs)        0002
___sp                        stack        0000
___stackhi                   (abs)        0000
___stacklo                   (abs)        0000
__end_of_SPI_init_master     text16       052D
__end_of_SPI_write           text15       053C
__end_of_SendChar            text5        0592
__end_of_TXChar              text9        05CB
__end_of_TX_mode             text8        0514
__end_of_UART_Init           text3        06D8
__end_of_UART_Write          text7        0520
__end_of_UART_Write_Text     text6        05F0
__end_of___aldiv             text4        07E0
__end_of__initialization     cinit        07FC
__end_of__stringtab          strings      0009
__end_of_execute_command     text13       05AC
__end_of_flush_TXRX          text2        0579
__end_of_main                maintext     066D
__end_of_rf_setup            text1        0743
__end_of_write_address       text11       061B
__end_of_write_command       text14       054C
__end_of_write_register      text12       0508
__end_of_write_tx_payload    text10       0562
__initialization             cinit        07E0
__pbssBANK0                  bssBANK0     003D
__pcstackBANK0               cstackBANK0  0020
__pcstackCOMMON              cstackCOMMON 0070
__pdataBANK0                 dataBANK0    0047
__pidataBANK0                idataBANK0   04FA
__pmaintext                  maintext     061B
__pstrings                   strings      0003
__ptext1                     text1        06D8
__ptext10                    text10       054C
__ptext11                    text11       05F0
__ptext12                    text12       04FD
__ptext13                    text13       0592
__ptext14                    text14       053C
__ptext15                    text15       052D
__ptext16                    text16       0520
__ptext2                     text2        0562
__ptext3                     text3        066D
__ptext4                     text4        0743
__ptext5                     text5        0579
__ptext6                     text6        05CB
__ptext7                     text7        0514
__ptext8                     text8        0508
__ptext9                     text9        05AC
__stringbase                 strings      0008
__stringtab                  strings      0003
_execute_command             text13       0592
_flush_TXRX                  text2        0562
_main                        maintext     061B
_rf_setup                    text1        06D8
_write_address               text11       05F0
_write_command               text14       053C
_write_register              text12       04FD
_write_tx_payload            text10       054C
btemp                        (abs)        007E
char_to_binary_string@output bssBANK0     003D
end_of_initialization        cinit        07FC
execute_command@reg          cstackCOMMON 0073
execute_command@ret          cstackCOMMON 0074
execute_command@val          cstackCOMMON 0071
intlevel0                    functab      0000
intlevel1                    functab      0000
intlevel2                    functab      0000
intlevel3                    functab      0000
intlevel4                    functab      0000
intlevel5                    functab      0000
reset_vec                    reset_vec    0000
start                        init         0000
start_initialization         cinit        07E0
write_address@addr           cstackCOMMON 0071
write_address@i              cstackCOMMON 0075
write_address@num            cstackCOMMON 0072
write_address@reg            cstackCOMMON 0074
write_command@command        cstackCOMMON 0071
write_command@ret            cstackCOMMON 0072
write_register@reg           cstackCOMMON 0076
write_register@val           cstackCOMMON 0075
write_tx_payload@data        cstackCOMMON 0076
write_tx_payload@num         cstackCOMMON 0078
wtemp0                       (abs)        007E


MODULE INFORMATION

Module		Function		Class		Link	Load	Size
./spi.h
		_SPI_init_master		CODE           	0520	0000	13
		_SPI_write     		CODE           	052D	0000	15

./spi.h estimated size: 28

C:\Program Files\Microchip\xc8\v2.40\pic\sources\c90\common\aldiv.c
		___aldiv       		CODE           	0743	0000	157

C:\Program Files\Microchip\xc8\v2.40\pic\sources\c90\common\aldiv.c estimated size: 157

./uart.h
		_UART_Init     		CODE           	066D	0000	107
		_UART_Write_Text		CODE           	05CB	0000	37
		_UART_Write    		CODE           	0514	0000	12

./uart.h estimated size: 156

shared
		__stringtab    		STRING         	0003	0000	6
		__initialization		CODE           	07E0	0000	28

shared estimated size: 34

main.c
		_write_register		CODE           	04FD	0000	11
		_write_address 		CODE           	05F0	0000	43
		_rf_setup      		CODE           	06D8	0000	107
		_write_tx_payload		CODE           	054C	0000	22
		_TX_mode       		CODE           	0508	0000	12
		_main          		CODE           	061B	0000	82
		_SendChar      		CODE           	0579	0000	25
		_TXChar        		CODE           	05AC	0000	31
		_write_command 		CODE           	053C	0000	16
		_execute_command		CODE           	0592	0000	26
		_flush_TXRX    		CODE           	0562	0000	23

main.c estimated size: 398

