Microchip MPLAB XC8 Compiler V2.41

Linker command line:

-W-3 \
  --edf=C:\Program Files\Microchip\xc8\v2.41\pic\dat\20230208172133_en.msgs \
  -cn -h+dist/default/production\NRF.X.production.sym \
  --cmf=dist/default/production\NRF.X.production.cmf -z -Q16F887 \
  -oC:\Users\marti\AppData\Local\Temp\xcAsg28.\driver_tmp_3.o \
  --fixupoverflow=error -Mdist/default/production/NRF.X.production.map \
  --md=C:\Users\marti\AppData\Local\Temp\xcAsg28.\driver_tmp_0.dat -E1 \
  -ver=XC8 Compiler --acfsm=1493 -ACODE=00h-07FFhx4 -ASTRCODE=00h-01FFFh \
  -ASTRING=00h-0FFhx32 -ACONST=00h-0FFhx32 -AENTRY=00h-0FFhx32 \
  -ACOMMON=070h-07Fh -ABANK0=020h-06Fh -ABANK1=0A0h-0EFh \
  -ABANK2=0110h-016Fh -ABANK3=0190h-01EFh \
  -ARAM=020h-06Fh,0A0h-0EFh,0110h-016Fh,0190h-01EFh \
  -AABS1=020h-07Fh,0A0h-0EFh,0110h-016Fh,0190h-01EFh -ASFR0=00h-01Fh \
  -ASFR1=080h-09Fh -ASFR2=0100h-010Fh -ASFR3=0180h-018Fh \
  -ACONFIG=02007h-02008h -DCONFIG=2 -AIDLOC=02000h-02003h -DIDLOC=2 \
  -AEEDATA=00h-0FFh/02100h -peeprom_data=EEDATA -DEEDATA=2 -DCODE=2 \
  -DSTRCODE=2 -DSTRING=2 -DCONST=2 -DENTRY=2 \
  -preset_vec=00h,intentry,init,end_init -ppowerup=CODE -pcinit=CODE \
  -pfunctab=ENTRY -k \
  C:\Users\marti\AppData\Local\Temp\xcAsg28.\driver_tmp_17.o \
  dist/default/production\NRF.X.production.o 

Object code version is 3.11

Machine type is 16F887



                Name                               Link     Load   Length Selector   Space Scale
C:\Users\marti\AppData\Local\Temp\xcAsg28.\driver_tmp_17.o
                end_init                              0        0        3        0       0
                config                             2007     2007        2        0       4
dist/default/production\NRF.X.production.o
                cinit                               7F0      7F0       10      FE0       0
                config                             2007     2007        2        0       4
                text11                              4F6      4F6        B      9EC       0
                text10                              753      753       9D      EA6       0
                text9                               653      653       6B      CA6       0
                text8                               4E8      4E8        7      9D0       0
                text7                               4EF      4EF        7      9DE       0
                text6                               501      501        C      A02       0
                text5                               50D      50D        C      A1A       0
                text4                               519      519       42      A32       0
                text3                               5FA      5FA       59      BF4       0
                text2                               6BE      6BE       95      D7C       0
                text1                               5A3      5A3       57      B46       0
                maintext                            55B      55B       48      AB6       0
                cstackBANK0                          20       20       25       20       1
                cstackCOMMON                         70       70        E       70       1
                bssBANK0                             45       45        A       20       1
                strings                               3        3       2A        6       0

TOTAL           Name                               Link     Load   Length     Space
        CLASS   CODE           
                end_init                              0        0        3         0
                cinit                               7F0      7F0       10         0
                text11                              4F6      4F6        B         0
                text10                              753      753       9D         0
                text9                               653      653       6B         0
                text8                               4E8      4E8        7         0
                text7                               4EF      4EF        7         0
                text6                               501      501        C         0
                text5                               50D      50D        C         0
                text4                               519      519       42         0
                text3                               5FA      5FA       59         0
                text2                               6BE      6BE       95         0
                text1                               5A3      5A3       57         0
                maintext                            55B      55B       48         0

        CLASS   STRCODE        

        CLASS   STRING         
                strings                               3        3       2A         0

        CLASS   CONST          

        CLASS   ENTRY          

        CLASS   COMMON         
                cstackCOMMON                         70       70        E         1

        CLASS   BANK0          
                cstackBANK0                          20       20       25         1
                bssBANK0                             45       45        A         1

        CLASS   BANK1          

        CLASS   BANK2          

        CLASS   BANK3          

        CLASS   RAM            

        CLASS   ABS1           
                abs_s1                               7E       7E        2         1

        CLASS   SFR0           

        CLASS   SFR1           

        CLASS   SFR2           

        CLASS   SFR3           

        CLASS   CONFIG         
                config                             2007     2007        2         4

        CLASS   IDLOC          

        CLASS   EEDATA         

        CLASS   STACK          



SEGMENTS        Name                           Load    Length   Top    Selector   Space  Class     Delta

                reset_vec                      000000  000003  000003         0       0  CODE        2
                strings                        000003  00002A  00002D         6       0  STRING      2
                cstackBANK0                    000020  00002F  00004F        20       1  BANK0       1
                cstackCOMMON                   000070  00000E  00007E        70       1  COMMON      1
                text8                          0004E8  000007  0004EF       9D0       0  CODE        2
                text7                          0004EF  000007  0004F6       9DE       0  CODE        2
                text11                         0004F6  00000B  000501       9EC       0  CODE        2
                text6                          000501  00000C  00050D       A02       0  CODE        2
                text5                          00050D  00000C  000519       A1A       0  CODE        2
                text4                          000519  000042  00055B       A32       0  CODE        2
                maintext                       00055B  000048  0005A3       AB6       0  CODE        2
                text1                          0005A3  000057  0005FA       B46       0  CODE        2
                text3                          0005FA  000059  000653       BF4       0  CODE        2
                text9                          000653  00006B  0006BE       CA6       0  CODE        2
                text2                          0006BE  000095  000753       D7C       0  CODE        2
                text10                         000753  00009D  0007F0       EA6       0  CODE        2
                cinit                          0007F0  000010  000800       FE0       0  CODE        2


UNUSED ADDRESS RANGES

        Name                Unused          Largest block    Delta
        BANK0            004F-006F             21           1
        BANK1            00A0-00EF             50           1
        BANK2            0110-016F             60           1
        BANK3            0190-01EF             60           1
        CODE             002D-04E7            4BB           2
                         0800-1FFF            800
        CONST            002D-04E7            100           2
                         0800-1FFF            100
        EEDATA           2100-21FF            100           2
        ENTRY            002D-04E7            100           2
                         0800-1FFF            100
        IDLOC            2000-2003              4           2
        RAM              004F-006F             21           1
                         00A0-00EF             50
                         0110-016F             60
                         0190-01EF             60
        SFR0             0000-001F             20           1
        SFR1             0080-009F             20           1
        SFR2             0100-010F             10           1
        SFR3             0180-018F             10           1
        STRCODE          002D-04E7            4BB           2
                         0800-1FFF           1800
        STRING           002D-04E7            100           2
                         0800-1FFF            100

                                  Symbol Table

?___aldiv                       cstackCOMMON 0070
?_sprintf                       cstackBANK0  0020
SPI_write@write                 cstackCOMMON 0070
UART_Init@_XTAL_FREQ            cstackBANK0  002A
UART_Init@baudrate              cstackBANK0  0026
UART_Write@data                 cstackCOMMON 0070
UART_Write_Text@i               cstackCOMMON 007A
UART_Write_Text@text            cstackCOMMON 0075
_BRGH                           (abs)        04C2
_CREN                           (abs)        00C4
_OSCCONbits                     (abs)        008F
_RCIF                           (abs)        0065
_RCREG                          (abs)        001A
_RD2                            (abs)        0042
_RD3                            (abs)        0043
_SPBRG                          (abs)        0099
_SPEN                           (abs)        00C7
_SPI_init_master                text11       04F6
_SPI_read                       text8        04E8
_SPI_wait_data_ready            text7        04EF
_SPI_write                      text6        0501
_SSPBUF                         (abs)        0013
_SSPCON                         (abs)        0014
_SSPSTAT                        (abs)        0094
_SSPSTATbits                    (abs)        0094
_SYNC                           (abs)        04C4
_TRISC6                         (abs)        043E
_TRISC7                         (abs)        043F
_TRISCbits                      (abs)        0087
_TRISDbits                      (abs)        0088
_TRMT                           (abs)        04C1
_TXEN                           (abs)        04C5
_TXREG                          (abs)        0019
_UART_Init                      text9        0653
_UART_Write                     text5        050D
_UART_Write_Text                text4        0519
__H__absolute__                 __absolute__ 0000
__Habs1                         abs1         0000
__Hbank0                        bank0        0000
__Hbank1                        bank1        0000
__Hbank2                        bank2        0000
__Hbank3                        bank3        0000
__HbssBANK0                     bssBANK0     0000
__Hcinit                        cinit        0800
__Hclrtext                      clrtext      0000
__Hcode                         code         0000
__Hcommon                       common       0000
__Hconfig                       config       2009
__HcstackBANK0                  cstackBANK0  0000
__HcstackCOMMON                 cstackCOMMON 0000
__Heeprom_data                  eeprom_data  0000
__Hend_init                     end_init     0003
__Hfunctab                      functab      0000
__Hinit                         init         0000
__Hintentry                     intentry     0000
__Hmaintext                     maintext     0000
__Hpowerup                      powerup      0000
__Hram                          ram          0000
__Hreset_vec                    reset_vec    0000
__Hsfr0                         sfr0         0000
__Hsfr1                         sfr1         0000
__Hsfr2                         sfr2         0000
__Hsfr3                         sfr3         0000
__Hspace_0                      (abs)        0800
__Hspace_1                      (abs)        007E
__Hspace_2                      (abs)        0000
__Hspace_3                      (abs)        0000
__Hspace_4                      (abs)        4010
__Hstack                        stack        0000
__Hstrings                      strings      0000
__Htext                         text         0000
__L__absolute__                 __absolute__ 0000
__Labs1                         abs1         0000
__Lbank0                        bank0        0000
__Lbank1                        bank1        0000
__Lbank2                        bank2        0000
__Lbank3                        bank3        0000
__LbssBANK0                     bssBANK0     0000
__Lcinit                        cinit        07F0
__Lclrtext                      clrtext      0000
__Lcode                         code         0000
__Lcommon                       common       0000
__Lconfig                       config       0000
__LcstackBANK0                  cstackBANK0  0000
__LcstackCOMMON                 cstackCOMMON 0000
__Leeprom_data                  eeprom_data  0000
__Lend_init                     end_init     0000
__Lfunctab                      functab      0000
__Linit                         init         0000
__Lintentry                     intentry     0000
__Lmaintext                     maintext     0000
__Lpowerup                      powerup      0000
__Lram                          ram          0000
__Lreset_vec                    reset_vec    0000
__Lsfr0                         sfr0         0000
__Lsfr1                         sfr1         0000
__Lsfr2                         sfr2         0000
__Lsfr3                         sfr3         0000
__Lspace_0                      (abs)        0000
__Lspace_1                      (abs)        0000
__Lspace_2                      (abs)        0000
__Lspace_3                      (abs)        0000
__Lspace_4                      (abs)        0000
__Lstack                        stack        0000
__Lstrings                      strings      0000
__Ltext                         text         0000
__S0                            (abs)        0800
__S1                            (abs)        007E
__S3                            (abs)        0000
___aldiv                        text10       0753
___aldiv@counter                cstackBANK0  0020
___aldiv@dividend               cstackCOMMON 0074
___aldiv@divisor                cstackCOMMON 0070
___aldiv@quotient               cstackBANK0  0022
___aldiv@sign                   cstackBANK0  0021
___int_sp                       stack        0000
___latbits                      (abs)        0002
___sp                           stack        0000
___stackhi                      (abs)        0000
___stacklo                      (abs)        0000
__end_of_SPI_init_master        text11       0501
__end_of_SPI_read               text8        04EF
__end_of_SPI_wait_data_ready    text7        04F6
__end_of_SPI_write              text6        050D
__end_of_UART_Init              text9        06BE
__end_of_UART_Write             text5        0519
__end_of_UART_Write_Text        text4        055B
__end_of___aldiv                text10       07F0
__end_of__initialization        cinit        07FC
__end_of__stringtab             strings      0013
__end_of_char_to_binary_string  text2        0753
__end_of_main                   maintext     05A3
__end_of_send                   text1        05FA
__end_of_sprintf                text3        0653
__initialization                cinit        07F0
__pbssBANK0                     bssBANK0     0045
__pcstackBANK0                  cstackBANK0  0020
__pcstackCOMMON                 cstackCOMMON 0070
__pmaintext                     maintext     055B
__pstrings                      strings      0003
__ptext1                        text1        05A3
__ptext10                       text10       0753
__ptext11                       text11       04F6
__ptext2                        text2        06BE
__ptext3                        text3        05FA
__ptext4                        text4        0519
__ptext5                        text5        050D
__ptext6                        text6        0501
__ptext7                        text7        04EF
__ptext8                        text8        04E8
__ptext9                        text9        0653
__stringbase                    strings      0012
__stringtab                     strings      0003
_char_to_binary_string          text2        06BE
_char_to_binary_string$245      cstackBANK0  0031
_char_to_binary_string$246      cstackBANK0  0033
_char_to_binary_string$247      cstackBANK0  0035
_char_to_binary_string$248      cstackBANK0  0037
_char_to_binary_string$249      cstackBANK0  0039
_char_to_binary_string$250      cstackBANK0  003B
_char_to_binary_string$251      cstackBANK0  003D
_char_to_binary_string$252      cstackBANK0  003F
_main                           maintext     055B
_send                           text1        05A3
_sprintf                        text3        05FA
btemp                           (abs)        007E
char_to_binary_string@character cstackBANK0  0041
char_to_binary_string@output    bssBANK0     0045
end_of_initialization           cinit        07FC
intlevel0                       functab      0000
intlevel1                       functab      0000
intlevel2                       functab      0000
intlevel3                       functab      0000
intlevel4                       functab      0000
intlevel5                       functab      0000
reset_vec                       reset_vec    0000
sprintf@ap                      cstackCOMMON 0072
sprintf@c                       cstackCOMMON 0073
sprintf@f                       cstackBANK0  0020
sprintf@sp                      cstackCOMMON 0074
start                           init         0000
start_initialization            cinit        07F0
wtemp0                          (abs)        007E


MODULE INFORMATION

Module		Function		Class		Link	Load	Size
./spi.h
		_SPI_read      		CODE           	04E8	0000	7
		_SPI_wait_data_ready		CODE           	04EF	0000	7
		_SPI_init_master		CODE           	04F6	0000	11
		_SPI_write     		CODE           	0501	0000	12

./spi.h estimated size: 37

C:\Program Files\Microchip\xc8\v2.41\pic\sources\c90\common\aldiv.c
		___aldiv       		CODE           	0753	0000	157

C:\Program Files\Microchip\xc8\v2.41\pic\sources\c90\common\aldiv.c estimated size: 157

./uart.h
		_UART_Init     		CODE           	0653	0000	107
		_UART_Write_Text		CODE           	0519	0000	66
		_UART_Write    		CODE           	050D	0000	12

./uart.h estimated size: 185

shared
		__stringtab    		STRING         	0003	0000	16
		__initialization		CODE           	07F0	0000	12

shared estimated size: 28

C:\Program Files\Microchip\xc8\v2.41\pic\sources\c90\common\doprnt.c
		_sprintf       		CODE           	05FA	0000	89

C:\Program Files\Microchip\xc8\v2.41\pic\sources\c90\common\doprnt.c estimated size: 89

main.c
		_main          		CODE           	055B	0000	72
		_char_to_binary_string		CODE           	06BE	0000	149
		_send          		CODE           	05A3	0000	87

main.c estimated size: 308

