Microchip MPLAB XC8 Compiler V2.41

Linker command line:

-W-3 \
  --edf=C:\Program Files\Microchip\xc8\v2.41\pic\dat\20230208172133_en.msgs \
  -cn -h+dist/default/production\NRF.X.production.sym \
  --cmf=dist/default/production\NRF.X.production.cmf -z -Q16F887 \
  -oC:\Users\marti\AppData\Local\Temp\xcBs7gc.1\driver_tmp_3.o \
  --fixupoverflow=error -Mdist/default/production/NRF.X.production.map \
  --md=C:\Users\marti\AppData\Local\Temp\xcBs7gc.1\driver_tmp_0.dat -E1 \
  -ver=XC8 Compiler --acfsm=1493 -ACODE=00h-07FFhx4 -ASTRCODE=00h-01FFFh \
  -ASTRING=00h-0FFhx32 -ACONST=00h-0FFhx32 -AENTRY=00h-0FFhx32 \
  -ACOMMON=070h-07Fh -ABANK0=020h-06Fh -ABANK1=0A0h-0EFh \
  -ABANK2=0110h-016Fh -ABANK3=0190h-01EFh \
  -ARAM=020h-06Fh,0A0h-0EFh,0110h-016Fh,0190h-01EFh \
  -AABS1=020h-07Fh,0A0h-0EFh,0110h-016Fh,0190h-01EFh -ASFR0=00h-01Fh \
  -ASFR1=080h-09Fh -ASFR2=0100h-010Fh -ASFR3=0180h-018Fh \
  -ACONFIG=02007h-02008h -DCONFIG=2 -AIDLOC=02000h-02003h -DIDLOC=2 \
  -AEEDATA=00h-0FFh/02100h -peeprom_data=EEDATA -DEEDATA=2 -DCODE=2 \
  -DSTRCODE=2 -DSTRING=2 -DCONST=2 -DENTRY=2 \
  -preset_vec=00h,intentry,init,end_init -ppowerup=CODE -pcinit=CODE \
  -pfunctab=ENTRY -k \
  C:\Users\marti\AppData\Local\Temp\xcBs7gc.1\driver_tmp_17.o \
  dist/default/production\NRF.X.production.o 

Object code version is 3.11

Machine type is 16F887



                Name                               Link     Load   Length Selector   Space Scale
C:\Users\marti\AppData\Local\Temp\xcBs7gc.1\driver_tmp_17.o
                end_init                              0        0        3        0       0
                config                             2007     2007        2        0       4
dist/default/production\NRF.X.production.o
                cinit                               7BE      7BE       42      F7C       0
                config                             2007     2007        2        0       4
                text17                              3B0      3B0        C      760       0
                text16                              5B2      5B2       9D      B64       0
                text15                              547      547       6B      A8E       0
                text14                              3BC      3BC        C      778       0
                text13                              44C      44C       21      898       0
                text12                              3E1      3E1        F      7C2       0
                text11                              4BD      4BD       31      97A       0
                text10                              3C8      3C8        C      790       0
                text9                               3D4      3D4        D      7A8       0
                text8                               46D      46D       24      8DA       0
                text7                               3F0      3F0       10      7E0       0
                text6                               400      400       16      800       0
                text5                               491      491       2C      922       0
                text4                               42F      42F       1D      85E       0
                text3                               416      416       19      82C       0
                text2                               6FD      6FD       C1      DFA       0
                text1                               4EE      4EE       59      9DC       0
                maintext                            64F      64F       AE      C9E       0
                cstackBANK0                          20       20       1D       20       1
                cstackCOMMON                         70       70        E       70       1
                cstackBANK1                          A0       A0       4A       A0       1
                dataBANK1                            EA       EA        3       A0       1
                dataBANK0                            47       47        5       20       1
                bssBANK0                             3D       3D        A       20       1
                strings                               3        3       20        6       0
                idataBANK1                          3A8      3A8        3      750       0
                idataBANK0                          3AB      3AB        5      756       0

TOTAL           Name                               Link     Load   Length     Space
        CLASS   CODE           
                end_init                              0        0        3         0
                cinit                               7BE      7BE       42         0
                text17                              3B0      3B0        C         0
                text16                              5B2      5B2       9D         0
                text15                              547      547       6B         0
                text14                              3BC      3BC        C         0
                text13                              44C      44C       21         0
                text12                              3E1      3E1        F         0
                text11                              4BD      4BD       31         0
                text10                              3C8      3C8        C         0
                text9                               3D4      3D4        D         0
                text8                               46D      46D       24         0
                text7                               3F0      3F0       10         0
                text6                               400      400       16         0
                text5                               491      491       2C         0
                text4                               42F      42F       1D         0
                text3                               416      416       19         0
                text2                               6FD      6FD       C1         0
                text1                               4EE      4EE       59         0
                maintext                            64F      64F       AE         0
                idataBANK1                          3A8      3A8        3         0
                idataBANK0                          3AB      3AB        5         0

        CLASS   STRCODE        

        CLASS   STRING         
                strings                               3        3       20         0

        CLASS   CONST          

        CLASS   ENTRY          

        CLASS   COMMON         
                cstackCOMMON                         70       70        E         1

        CLASS   BANK0          
                cstackBANK0                          20       20       1D         1
                dataBANK0                            47       47        5         1
                bssBANK0                             3D       3D        A         1

        CLASS   BANK1          
                cstackBANK1                          A0       A0       4A         1
                dataBANK1                            EA       EA        3         1

        CLASS   BANK2          

        CLASS   BANK3          

        CLASS   RAM            

        CLASS   ABS1           
                abs_s1                               7E       7E        2         1

        CLASS   SFR0           

        CLASS   SFR1           

        CLASS   SFR2           

        CLASS   SFR3           

        CLASS   CONFIG         
                config                             2007     2007        2         4

        CLASS   IDLOC          

        CLASS   EEDATA         

        CLASS   STACK          



SEGMENTS        Name                           Load    Length   Top    Selector   Space  Class     Delta

                reset_vec                      000000  000003  000003         0       0  CODE        2
                strings                        000003  000020  000023         6       0  STRING      2
                cstackBANK0                    000020  00002C  00004C        20       1  BANK0       1
                cstackCOMMON                   000070  00000E  00007E        70       1  COMMON      1
                cstackBANK1                    0000A0  00004D  0000ED        A0       1  BANK1       1
                idataBANK1                     0003A8  000003  0003AB       750       0  CODE        2
                idataBANK0                     0003AB  000005  0003B0       756       0  CODE        2
                text17                         0003B0  00000C  0003BC       760       0  CODE        2
                text14                         0003BC  00000C  0003C8       778       0  CODE        2
                text10                         0003C8  00000C  0003D4       790       0  CODE        2
                text9                          0003D4  00000D  0003E1       7A8       0  CODE        2
                text12                         0003E1  00000F  0003F0       7C2       0  CODE        2
                text7                          0003F0  000010  000400       7E0       0  CODE        2
                text6                          000400  000016  000416       800       0  CODE        2
                text3                          000416  000019  00042F       82C       0  CODE        2
                text4                          00042F  00001D  00044C       85E       0  CODE        2
                text13                         00044C  000021  00046D       898       0  CODE        2
                text8                          00046D  000024  000491       8DA       0  CODE        2
                text5                          000491  00002C  0004BD       922       0  CODE        2
                text11                         0004BD  000031  0004EE       97A       0  CODE        2
                text1                          0004EE  000059  000547       9DC       0  CODE        2
                text15                         000547  00006B  0005B2       A8E       0  CODE        2
                text16                         0005B2  00009D  00064F       B64       0  CODE        2
                maintext                       00064F  0000AE  0006FD       C9E       0  CODE        2
                text2                          0006FD  0000C1  0007BE       DFA       0  CODE        2
                cinit                          0007BE  000042  000800       F7C       0  CODE        2


UNUSED ADDRESS RANGES

        Name                Unused          Largest block    Delta
        BANK0            004C-006F             24           1
        BANK1            00ED-00EF              3           1
        BANK2            0110-016F             60           1
        BANK3            0190-01EF             60           1
        CODE             0023-03A7            385           2
                         0800-1FFF            800
        CONST            0023-03A7            100           2
                         0800-1FFF            100
        EEDATA           2100-21FF            100           2
        ENTRY            0023-03A7            100           2
                         0800-1FFF            100
        IDLOC            2000-2003              4           2
        RAM              004C-006F             24           1
                         00ED-00EF              3
                         0110-016F             60
                         0190-01EF             60
        SFR0             0000-001F             20           1
        SFR1             0080-009F             20           1
        SFR2             0100-010F             10           1
        SFR3             0180-018F             10           1
        STRCODE          0023-03A7            385           2
                         0800-1FFF           1800
        STRING           0023-03A7            100           2
                         0800-1FFF            100

                                  Symbol Table

?___aldiv                     cstackCOMMON 0070
?_sprintf                     cstackBANK0  0020
SPI_write@data                cstackCOMMON 0070
UART_init@_XTAL_FREQ          cstackBANK0  002A
UART_init@baudrate            cstackBANK0  0026
UART_write@data               cstackCOMMON 0070
UART_write_text@i             cstackCOMMON 0072
UART_write_text@text          cstackCOMMON 0074
_BF                           (abs)        04A0
_BRGH                         (abs)        04C2
_CREN                         (abs)        00C4
_OSCCONbits                   (abs)        008F
_RADIO_ADDR                   dataBANK0    0047
_RCIF                         (abs)        0065
_RCREG                        (abs)        001A
_RD2                          (abs)        0042
_RD3                          (abs)        0043
_SPBRG                        (abs)        0099
_SPEN                         (abs)        00C7
_SPI_init_master              text17       03B0
_SPI_write                    text12       03E1
_SSPBUF                       (abs)        0013
_SSPCON                       (abs)        0014
_SSPSTAT                      (abs)        0094
_SYNC                         (abs)        04C4
_TRISC3                       (abs)        043B
_TRISC4                       (abs)        043C
_TRISC5                       (abs)        043D
_TRISC6                       (abs)        043E
_TRISC7                       (abs)        043F
_TRISD2                       (abs)        0442
_TRISD3                       (abs)        0443
_TRMT                         (abs)        04C1
_TXEN                         (abs)        04C5
_TXREG                        (abs)        0019
_UART_init                    text15       0547
_UART_write                   text14       03BC
_UART_write_text              text13       044C
__H__absolute__               __absolute__ 0000
__Habs1                       abs1         0000
__Hbank0                      bank0        0000
__Hbank1                      bank1        0000
__Hbank2                      bank2        0000
__Hbank3                      bank3        0000
__HbssBANK0                   bssBANK0     0000
__Hcinit                      cinit        0800
__Hclrtext                    clrtext      0000
__Hcode                       code         0000
__Hcommon                     common       0000
__Hconfig                     config       2009
__HcstackBANK0                cstackBANK0  0000
__HcstackBANK1                cstackBANK1  0000
__HcstackCOMMON               cstackCOMMON 0000
__HdataBANK0                  dataBANK0    0000
__HdataBANK1                  dataBANK1    0000
__Heeprom_data                eeprom_data  0000
__Hend_init                   end_init     0003
__Hfunctab                    functab      0000
__HidataBANK0                 idataBANK0   0000
__HidataBANK1                 idataBANK1   0000
__Hinit                       init         0000
__Hintentry                   intentry     0000
__Hmaintext                   maintext     0000
__Hpowerup                    powerup      0000
__Hram                        ram          0000
__Hreset_vec                  reset_vec    0000
__Hsfr0                       sfr0         0000
__Hsfr1                       sfr1         0000
__Hsfr2                       sfr2         0000
__Hsfr3                       sfr3         0000
__Hspace_0                    (abs)        0800
__Hspace_1                    (abs)        00ED
__Hspace_2                    (abs)        0000
__Hspace_3                    (abs)        0000
__Hspace_4                    (abs)        4010
__Hstack                      stack        0000
__Hstrings                    strings      0000
__Htext                       text         0000
__L__absolute__               __absolute__ 0000
__Labs1                       abs1         0000
__Lbank0                      bank0        0000
__Lbank1                      bank1        0000
__Lbank2                      bank2        0000
__Lbank3                      bank3        0000
__LbssBANK0                   bssBANK0     0000
__Lcinit                      cinit        07BE
__Lclrtext                    clrtext      0000
__Lcode                       code         0000
__Lcommon                     common       0000
__Lconfig                     config       0000
__LcstackBANK0                cstackBANK0  0000
__LcstackBANK1                cstackBANK1  0000
__LcstackCOMMON               cstackCOMMON 0000
__LdataBANK0                  dataBANK0    0000
__LdataBANK1                  dataBANK1    0000
__Leeprom_data                eeprom_data  0000
__Lend_init                   end_init     0000
__Lfunctab                    functab      0000
__LidataBANK0                 idataBANK0   0000
__LidataBANK1                 idataBANK1   0000
__Linit                       init         0000
__Lintentry                   intentry     0000
__Lmaintext                   maintext     0000
__Lpowerup                    powerup      0000
__Lram                        ram          0000
__Lreset_vec                  reset_vec    0000
__Lsfr0                       sfr0         0000
__Lsfr1                       sfr1         0000
__Lsfr2                       sfr2         0000
__Lsfr3                       sfr3         0000
__Lspace_0                    (abs)        0000
__Lspace_1                    (abs)        0000
__Lspace_2                    (abs)        0000
__Lspace_3                    (abs)        0000
__Lspace_4                    (abs)        0000
__Lstack                      stack        0000
__Lstrings                    strings      0000
__Ltext                       text         0000
__S0                          (abs)        0800
__S1                          (abs)        00ED
__S3                          (abs)        0000
___aldiv                      text16       05B2
___aldiv@counter              cstackBANK0  0020
___aldiv@dividend             cstackCOMMON 0074
___aldiv@divisor              cstackCOMMON 0070
___aldiv@quotient             cstackBANK0  0022
___aldiv@sign                 cstackBANK0  0021
___int_sp                     stack        0000
___latbits                    (abs)        0002
___sp                         stack        0000
___stackhi                    (abs)        0000
___stacklo                    (abs)        0000
__end_of_SPI_init_master      text17       03BC
__end_of_SPI_write            text12       03F0
__end_of_UART_init            text15       05B2
__end_of_UART_write           text14       03C8
__end_of_UART_write_text      text13       046D
__end_of___aldiv              text16       064F
__end_of__initialization      cinit        07FC
__end_of__stringtab           strings      0009
__end_of_arrcpy               text4        044C
__end_of_main                 maintext     06FD
__end_of_nrf_command          text11       04EE
__end_of_nrf_flush_rxtx       text3        042F
__end_of_nrf_read_register    text10       03D4
__end_of_nrf_send             text5        04BD
__end_of_nrf_set_tx_mode      text8        0491
__end_of_nrf_setup            text2        07BE
__end_of_nrf_write_command    text7        0400
__end_of_nrf_write_payload    text6        0416
__end_of_nrf_write_register   text9        03E1
__end_of_sprintf              text1        0547
__initialization              cinit        07BE
__pbssBANK0                   bssBANK0     003D
__pcstackBANK0                cstackBANK0  0020
__pcstackBANK1                cstackBANK1  00A0
__pcstackCOMMON               cstackCOMMON 0070
__pdataBANK0                  dataBANK0    0047
__pdataBANK1                  dataBANK1    00EA
__pidataBANK0                 idataBANK0   03AB
__pidataBANK1                 idataBANK1   03A8
__pmaintext                   maintext     064F
__pstrings                    strings      0003
__ptext1                      text1        04EE
__ptext10                     text10       03C8
__ptext11                     text11       04BD
__ptext12                     text12       03E1
__ptext13                     text13       044C
__ptext14                     text14       03BC
__ptext15                     text15       0547
__ptext16                     text16       05B2
__ptext17                     text17       03B0
__ptext2                      text2        06FD
__ptext3                      text3        0416
__ptext4                      text4        042F
__ptext5                      text5        0491
__ptext6                      text6        0400
__ptext7                      text7        03F0
__ptext8                      text8        046D
__ptext9                      text9        03D4
__stringbase                  strings      0008
__stringtab                   strings      0003
_arrcpy                       text4        042F
_main                         maintext     064F
_nrf_command                  text11       04BD
_nrf_flush_rxtx               text3        0416
_nrf_read_register            text10       03C8
_nrf_send                     text5        0491
_nrf_set_tx_mode              text8        046D
_nrf_setup                    text2        06FD
_nrf_write_command            text7        03F0
_nrf_write_payload            text6        0400
_nrf_write_register           text9        03D4
_sprintf                      text1        04EE
arrcpy@dst                    cstackCOMMON 0074
arrcpy@i                      cstackCOMMON 0075
arrcpy@len                    cstackCOMMON 0071
arrcpy@src                    cstackCOMMON 0070
btemp                         (abs)        007E
char_to_binary_string@output  bssBANK0     003D
end_of_initialization         cinit        07FC
intlevel0                     functab      0000
intlevel1                     functab      0000
intlevel2                     functab      0000
intlevel3                     functab      0000
intlevel4                     functab      0000
intlevel5                     functab      0000
main@F1424                    dataBANK1    00EA
main@buffer                   cstackBANK1  00A0
main@data                     cstackBANK1  00E0
main@i                        cstackBANK1  00E6
main@j                        cstackBANK1  00E8
main@send_data                cstackBANK1  00E3
nrf_command@NRF_command       cstackCOMMON 0075
nrf_command@data              cstackCOMMON 0071
nrf_command@i                 cstackCOMMON 0077
nrf_command@len               cstackCOMMON 0072
nrf_command@status            cstackCOMMON 0076
nrf_flush_rxtx@data           cstackCOMMON 007B
nrf_read_register@data        cstackCOMMON 0078
nrf_read_register@len         cstackCOMMON 0079
nrf_read_register@reg         cstackCOMMON 007A
nrf_send@clear                cstackBANK0  0023
nrf_send@data                 cstackBANK0  0022
nrf_send@len                  cstackBANK0  0020
nrf_send@stat                 cstackBANK0  0021
nrf_set_tx_mode@config        cstackCOMMON 007B
nrf_setup@addr                cstackBANK0  0022
nrf_setup@data                cstackBANK0  0023
nrf_setup@payload_size        cstackCOMMON 007C
nrf_write_command@NRF_command cstackCOMMON 0071
nrf_write_command@status      cstackCOMMON 0072
nrf_write_payload@data        cstackCOMMON 007D
nrf_write_payload@len         cstackCOMMON 007B
nrf_write_register@data       cstackCOMMON 0078
nrf_write_register@len        cstackCOMMON 0079
nrf_write_register@reg        cstackCOMMON 007A
reset_vec                     reset_vec    0000
sprintf@ap                    cstackCOMMON 0072
sprintf@c                     cstackCOMMON 0073
sprintf@f                     cstackBANK0  0020
sprintf@sp                    cstackCOMMON 0074
start                         init         0000
start_initialization          cinit        07BE
wtemp0                        (abs)        007E


MODULE INFORMATION

Module		Function		Class		Link	Load	Size
./spi.h
		_SPI_init_master		CODE           	03B0	0000	12
		_SPI_write     		CODE           	03E1	0000	15

./spi.h estimated size: 27

C:\Program Files\Microchip\xc8\v2.41\pic\sources\c90\common\aldiv.c
		___aldiv       		CODE           	05B2	0000	157

C:\Program Files\Microchip\xc8\v2.41\pic\sources\c90\common\aldiv.c estimated size: 157

./uart.h
		_UART_init     		CODE           	0547	0000	107
		_UART_write_text		CODE           	044C	0000	33
		_UART_write    		CODE           	03BC	0000	12

./uart.h estimated size: 152

./nrf24l01.h
		_nrf_set_tx_mode		CODE           	046D	0000	36
		_nrf_write_payload		CODE           	0400	0000	22
		_nrf_write_command		CODE           	03F0	0000	16
		_nrf_send      		CODE           	0491	0000	44
		_nrf_command   		CODE           	04BD	0000	49
		_nrf_setup     		CODE           	06FD	0000	193
		_nrf_read_register		CODE           	03C8	0000	12
		_nrf_flush_rxtx		CODE           	0416	0000	25
		_arrcpy        		CODE           	042F	0000	29
		_nrf_write_register		CODE           	03D4	0000	13

./nrf24l01.h estimated size: 439

shared
		__stringtab    		STRING         	0003	0000	6
		__initialization		CODE           	07BE	0000	62

shared estimated size: 68

C:\Program Files\Microchip\xc8\v2.41\pic\sources\c90\common\doprnt.c
		_sprintf       		CODE           	04EE	0000	89

C:\Program Files\Microchip\xc8\v2.41\pic\sources\c90\common\doprnt.c estimated size: 89

main.c
		_main          		CODE           	064F	0000	174

main.c estimated size: 174

