Microchip MPLAB XC8 Compiler V2.40

Linker command line:

-W-3 \
  --edf=C:\Program Files\Microchip\xc8\v2.40\pic\dat\20220703182018_en.msgs \
  -cn -h+dist/default/production\NRF.X.production.sym \
  --cmf=dist/default/production\NRF.X.production.cmf -z -Q16F887 \
  -oC:\Users\marti\AppData\Local\Temp\xcAsads.4 --fixupoverflow=error \
  -Mdist/default/production/NRF.X.production.map \
  --md=C:\Users\marti\AppData\Local\Temp\xcAsads.dat -E1 -ver=XC8 Compiler \
  --acfsm=1493 -ACODE=00h-07FFhx4 -ASTRCODE=00h-01FFFh -ASTRING=00h-0FFhx32 \
  -ACONST=00h-0FFhx32 -AENTRY=00h-0FFhx32 -ACOMMON=070h-07Fh \
  -ABANK0=020h-06Fh -ABANK1=0A0h-0EFh -ABANK2=0110h-016Fh \
  -ABANK3=0190h-01EFh -ARAM=020h-06Fh,0A0h-0EFh,0110h-016Fh,0190h-01EFh \
  -AABS1=020h-07Fh,0A0h-0EFh,0110h-016Fh,0190h-01EFh -ASFR0=00h-01Fh \
  -ASFR1=080h-09Fh -ASFR2=0100h-010Fh -ASFR3=0180h-018Fh \
  -ACONFIG=02007h-02008h -DCONFIG=2 -AIDLOC=02000h-02003h -DIDLOC=2 \
  -AEEDATA=00h-0FFh/02100h -peeprom_data=EEDATA -DEEDATA=2 -DCODE=2 \
  -DSTRCODE=2 -DSTRING=2 -DCONST=2 -DENTRY=2 \
  -preset_vec=00h,intentry,init,end_init -ppowerup=CODE -pcinit=CODE \
  -pfunctab=ENTRY -k C:\Users\marti\AppData\Local\Temp\xcAsads.o \
  dist/default/production\NRF.X.production.o 

Object code version is 3.11

Machine type is 16F887



                Name                               Link     Load   Length Selector   Space Scale
C:\Users\marti\AppData\Local\Temp\xcAsads.o
                end_init                              0        0        3        0       0
                config                             2007     2007        2        0       4
dist/default/production\NRF.X.production.o
                cinit                               7E0      7E0       20      FC0       0
                config                             2007     2007        2        0       4
                text16                              4B8      4B8        D      970       0
                text15                              689      689       9D      D12       0
                text14                              61E      61E       6B      C3C       0
                text13                              4A0      4A0        C      940       0
                text12                              56B      56B       25      AD6       0
                text11                              4E0      4E0        F      9C0       0
                text10                              4EF      4EF       10      9DE       0
                text9                               4D2      4D2        E      9A4       0
                text8                               590      590       31      B20       0
                text7                               4AC      4AC        C      958       0
                text6                               4C5      4C5        D      98A       0
                text5                               4FF      4FF       18      9FE       0
                text4                               54D      54D       1E      A9A       0
                text3                               530      530       1D      A60       0
                text2                               517      517       19      A2E       0
                text1                               726      726       BA      E4C       0
                maintext                            5C1      5C1       5D      B82       0
                cstackBANK0                          20       20       1D       20       1
                cstackCOMMON                         70       70        E       70       1
                dataBANK0                            47       47        3       20       1
                bssBANK0                             3D       3D        A       20       1
                strings                               3        3       36        6       0
                idataBANK0                          49D      49D        3      93A       0

TOTAL           Name                               Link     Load   Length     Space
        CLASS   CODE           
                end_init                              0        0        3         0
                cinit                               7E0      7E0       20         0
                text16                              4B8      4B8        D         0
                text15                              689      689       9D         0
                text14                              61E      61E       6B         0
                text13                              4A0      4A0        C         0
                text12                              56B      56B       25         0
                text11                              4E0      4E0        F         0
                text10                              4EF      4EF       10         0
                text9                               4D2      4D2        E         0
                text8                               590      590       31         0
                text7                               4AC      4AC        C         0
                text6                               4C5      4C5        D         0
                text5                               4FF      4FF       18         0
                text4                               54D      54D       1E         0
                text3                               530      530       1D         0
                text2                               517      517       19         0
                text1                               726      726       BA         0
                maintext                            5C1      5C1       5D         0
                idataBANK0                          49D      49D        3         0

        CLASS   STRCODE        

        CLASS   STRING         
                strings                               3        3       36         0

        CLASS   CONST          

        CLASS   ENTRY          

        CLASS   COMMON         
                cstackCOMMON                         70       70        E         1

        CLASS   BANK0          
                cstackBANK0                          20       20       1D         1
                dataBANK0                            47       47        3         1
                bssBANK0                             3D       3D        A         1

        CLASS   BANK1          

        CLASS   BANK2          

        CLASS   BANK3          

        CLASS   RAM            

        CLASS   ABS1           
                abs_s1                               7E       7E        2         1

        CLASS   SFR0           

        CLASS   SFR1           

        CLASS   SFR2           

        CLASS   SFR3           

        CLASS   CONFIG         
                config                             2007     2007        2         4

        CLASS   IDLOC          

        CLASS   EEDATA         

        CLASS   STACK          



SEGMENTS        Name                           Load    Length   Top    Selector   Space  Class     Delta

                reset_vec                      000000  000003  000003         0       0  CODE        2
                strings                        000003  000036  000039         6       0  STRING      2
                cstackBANK0                    000020  00002A  00004A        20       1  BANK0       1
                cstackCOMMON                   000070  00000E  00007E        70       1  COMMON      1
                idataBANK0                     00049D  000003  0004A0       93A       0  CODE        2
                text13                         0004A0  00000C  0004AC       940       0  CODE        2
                text7                          0004AC  00000C  0004B8       958       0  CODE        2
                text16                         0004B8  00000D  0004C5       970       0  CODE        2
                text6                          0004C5  00000D  0004D2       98A       0  CODE        2
                text9                          0004D2  00000E  0004E0       9A4       0  CODE        2
                text11                         0004E0  00000F  0004EF       9C0       0  CODE        2
                text10                         0004EF  000010  0004FF       9DE       0  CODE        2
                text5                          0004FF  000018  000517       9FE       0  CODE        2
                text2                          000517  000019  000530       A2E       0  CODE        2
                text3                          000530  00001D  00054D       A60       0  CODE        2
                text4                          00054D  00001E  00056B       A9A       0  CODE        2
                text12                         00056B  000025  000590       AD6       0  CODE        2
                text8                          000590  000031  0005C1       B20       0  CODE        2
                maintext                       0005C1  00005D  00061E       B82       0  CODE        2
                text14                         00061E  00006B  000689       C3C       0  CODE        2
                text15                         000689  00009D  000726       D12       0  CODE        2
                text1                          000726  0000BA  0007E0       E4C       0  CODE        2
                cinit                          0007E0  000020  000800       FC0       0  CODE        2


UNUSED ADDRESS RANGES

        Name                Unused          Largest block    Delta
        BANK0            004A-006F             26           1
        BANK1            00A0-00EF             50           1
        BANK2            0110-016F             60           1
        BANK3            0190-01EF             60           1
        CODE             0039-049C            464           2
                         0800-1FFF            800
        CONST            0039-049C            100           2
                         0800-1FFF            100
        EEDATA           2100-21FF            100           2
        ENTRY            0039-049C            100           2
                         0800-1FFF            100
        IDLOC            2000-2003              4           2
        RAM              004A-006F             26           1
                         00A0-00EF             50
                         0110-016F             60
                         0190-01EF             60
        SFR0             0000-001F             20           1
        SFR1             0080-009F             20           1
        SFR2             0100-010F             10           1
        SFR3             0180-018F             10           1
        STRCODE          0039-049C            464           2
                         0800-1FFF           1800
        STRING           0039-049C            100           2
                         0800-1FFF            100

                                  Symbol Table

?___aldiv                    cstackCOMMON 0070
SPI_write@data               cstackCOMMON 0070
UART_init@_XTAL_FREQ         cstackBANK0  002A
UART_init@baudrate           cstackBANK0  0026
UART_write@data              cstackCOMMON 0070
UART_write_text@i            cstackCOMMON 0071
UART_write_text@text         cstackCOMMON 0073
_BF                          (abs)        04A0
_BRGH                        (abs)        04C2
_CKE                         (abs)        04A6
_CREN                        (abs)        00C4
_OSCCONbits                  (abs)        008F
_RCIF                        (abs)        0065
_RCREG                       (abs)        001A
_RD2                         (abs)        0042
_RD3                         (abs)        0043
_RXTX_ADDR                   dataBANK0    0047
_SMP                         (abs)        04A7
_SPBRG                       (abs)        0099
_SPEN                        (abs)        00C7
_SPI_init_master             text16       04B8
_SPI_write                   text11       04E0
_SSPBUF                      (abs)        0013
_SSPCON                      (abs)        0014
_SSPSTAT                     (abs)        0094
_SYNC                        (abs)        04C4
_TRISC6                      (abs)        043E
_TRISC7                      (abs)        043F
_TRISCbits                   (abs)        0087
_TRISDbits                   (abs)        0088
_TRMT                        (abs)        04C1
_TXEN                        (abs)        04C5
_TXREG                       (abs)        0019
_UART_init                   text14       061E
_UART_write                  text13       04A0
_UART_write_text             text12       056B
__Habs1                      abs1         0000
__Hbank0                     bank0        0000
__Hbank1                     bank1        0000
__Hbank2                     bank2        0000
__Hbank3                     bank3        0000
__HbssBANK0                  bssBANK0     0000
__Hcinit                     cinit        0800
__Hclrtext                   clrtext      0000
__Hcode                      code         0000
__Hcommon                    common       0000
__Hconfig                    config       2009
__HcstackBANK0               cstackBANK0  0000
__HcstackCOMMON              cstackCOMMON 0000
__HdataBANK0                 dataBANK0    0000
__Heeprom_data               eeprom_data  0000
__Hend_init                  end_init     0003
__Hfunctab                   functab      0000
__HidataBANK0                idataBANK0   0000
__Hinit                      init         0000
__Hintentry                  intentry     0000
__Hmaintext                  maintext     0000
__Hpowerup                   powerup      0000
__Hram                       ram          0000
__Hreset_vec                 reset_vec    0000
__Hsfr0                      sfr0         0000
__Hsfr1                      sfr1         0000
__Hsfr2                      sfr2         0000
__Hsfr3                      sfr3         0000
__Hspace_0                   (abs)        0800
__Hspace_1                   (abs)        007E
__Hspace_2                   (abs)        0000
__Hspace_3                   (abs)        0000
__Hspace_4                   (abs)        4010
__Hstack                     stack        0000
__Hstrings                   strings      0000
__Htext                      text         0000
__Labs1                      abs1         0000
__Lbank0                     bank0        0000
__Lbank1                     bank1        0000
__Lbank2                     bank2        0000
__Lbank3                     bank3        0000
__LbssBANK0                  bssBANK0     0000
__Lcinit                     cinit        07E0
__Lclrtext                   clrtext      0000
__Lcode                      code         0000
__Lcommon                    common       0000
__Lconfig                    config       0000
__LcstackBANK0               cstackBANK0  0000
__LcstackCOMMON              cstackCOMMON 0000
__LdataBANK0                 dataBANK0    0000
__Leeprom_data               eeprom_data  0000
__Lend_init                  end_init     0000
__Lfunctab                   functab      0000
__LidataBANK0                idataBANK0   0000
__Linit                      init         0000
__Lintentry                  intentry     0000
__Lmaintext                  maintext     0000
__Lpowerup                   powerup      0000
__Lram                       ram          0000
__Lreset_vec                 reset_vec    0000
__Lsfr0                      sfr0         0000
__Lsfr1                      sfr1         0000
__Lsfr2                      sfr2         0000
__Lsfr3                      sfr3         0000
__Lspace_0                   (abs)        0000
__Lspace_1                   (abs)        0000
__Lspace_2                   (abs)        0000
__Lspace_3                   (abs)        0000
__Lspace_4                   (abs)        0000
__Lstack                     stack        0000
__Lstrings                   strings      0000
__Ltext                      text         0000
__S0                         (abs)        0800
__S1                         (abs)        007E
__S3                         (abs)        0000
___aldiv                     text15       0689
___aldiv@counter             cstackBANK0  0020
___aldiv@dividend            cstackCOMMON 0074
___aldiv@divisor             cstackCOMMON 0070
___aldiv@quotient            cstackBANK0  0022
___aldiv@sign                cstackBANK0  0021
___int_sp                    stack        0000
___latbits                   (abs)        0002
___sp                        stack        0000
___stackhi                   (abs)        0000
___stacklo                   (abs)        0000
__end_of_SPI_init_master     text16       04C5
__end_of_SPI_write           text11       04EF
__end_of_UART_init           text14       0689
__end_of_UART_write          text13       04AC
__end_of_UART_write_text     text12       0590
__end_of___aldiv             text15       0726
__end_of__initialization     cinit        07FC
__end_of__stringtab          strings      0009
__end_of_arrcpy              text3        054D
__end_of_main                maintext     061E
__end_of_nrf_command         text8        05C1
__end_of_nrf_data_available  text9        04E0
__end_of_nrf_flush_rxtx      text2        0530
__end_of_nrf_read_register   text7        04B8
__end_of_nrf_rx_char         text5        0517
__end_of_nrf_set_rx_mode     text4        056B
__end_of_nrf_setup           text1        07E0
__end_of_nrf_write_command   text10       04FF
__end_of_nrf_write_register  text6        04D2
__initialization             cinit        07E0
__pbssBANK0                  bssBANK0     003D
__pcstackBANK0               cstackBANK0  0020
__pcstackCOMMON              cstackCOMMON 0070
__pdataBANK0                 dataBANK0    0047
__pidataBANK0                idataBANK0   049D
__pmaintext                  maintext     05C1
__pstrings                   strings      0003
__ptext1                     text1        0726
__ptext10                    text10       04EF
__ptext11                    text11       04E0
__ptext12                    text12       056B
__ptext13                    text13       04A0
__ptext14                    text14       061E
__ptext15                    text15       0689
__ptext16                    text16       04B8
__ptext2                     text2        0517
__ptext3                     text3        0530
__ptext4                     text4        054D
__ptext5                     text5        04FF
__ptext6                     text6        04C5
__ptext7                     text7        04AC
__ptext8                     text8        0590
__ptext9                     text9        04D2
__stringbase                 strings      0008
__stringtab                  strings      0003
_arrcpy                      text3        0530
_main                        maintext     05C1
_nrf_command                 text8        0590
_nrf_data_available          text9        04D2
_nrf_flush_rxtx              text2        0517
_nrf_read_register           text7        04AC
_nrf_rx_char                 text5        04FF
_nrf_set_rx_mode             text4        054D
_nrf_setup                   text1        0726
_nrf_write_command           text10       04EF
_nrf_write_register          text6        04C5
arrcpy@dst                   cstackCOMMON 0075
arrcpy@i                     cstackCOMMON 0076
arrcpy@len                   cstackCOMMON 0071
arrcpy@src                   cstackCOMMON 0070
btemp                        (abs)        007E
char_to_binary_string@output bssBANK0     003D
end_of_initialization        cinit        07FC
intlevel0                    functab      0000
intlevel1                    functab      0000
intlevel2                    functab      0000
intlevel3                    functab      0000
intlevel4                    functab      0000
intlevel5                    functab      0000
main@ch                      cstackBANK0  003C
nrf_command@command          cstackCOMMON 0076
nrf_command@data             cstackCOMMON 0071
nrf_command@i                cstackCOMMON 0078
nrf_command@len              cstackCOMMON 0072
nrf_command@status           cstackCOMMON 0077
nrf_data_available@status    cstackCOMMON 0073
nrf_flush_rxtx@data          cstackCOMMON 007C
nrf_read_register@data       cstackCOMMON 0079
nrf_read_register@len        cstackCOMMON 007A
nrf_read_register@reg        cstackCOMMON 007B
nrf_rx_char@clear            cstackCOMMON 007C
nrf_rx_char@data             cstackCOMMON 007D
nrf_set_rx_mode@config       cstackCOMMON 007C
nrf_setup@data               cstackBANK0  0022
nrf_write_command@command    cstackCOMMON 0071
nrf_write_command@status     cstackCOMMON 0072
nrf_write_register@data      cstackCOMMON 0079
nrf_write_register@len       cstackCOMMON 007A
nrf_write_register@reg       cstackCOMMON 007B
reset_vec                    reset_vec    0000
start                        init         0000
start_initialization         cinit        07E0
wtemp0                       (abs)        007E


MODULE INFORMATION

Module		Function		Class		Link	Load	Size
./spi.h
		_SPI_init_master		CODE           	04B8	0000	13
		_SPI_write     		CODE           	04E0	0000	15

./spi.h estimated size: 28

C:\Program Files\Microchip\xc8\v2.40\pic\sources\c90\common\aldiv.c
		___aldiv       		CODE           	0689	0000	157

C:\Program Files\Microchip\xc8\v2.40\pic\sources\c90\common\aldiv.c estimated size: 157

./uart.h
		_UART_init     		CODE           	061E	0000	107
		_UART_write_text		CODE           	056B	0000	37
		_UART_write    		CODE           	04A0	0000	12

./uart.h estimated size: 156

shared
		__stringtab    		STRING         	0003	0000	6
		__initialization		CODE           	07E0	0000	28

shared estimated size: 34

main.c
		_nrf_data_available		CODE           	04D2	0000	14
		_nrf_set_rx_mode		CODE           	054D	0000	30
		_main          		CODE           	05C1	0000	93
		_nrf_write_command		CODE           	04EF	0000	16
		_nrf_command   		CODE           	0590	0000	49
		_nrf_rx_char   		CODE           	04FF	0000	24
		_nrf_setup     		CODE           	0726	0000	186
		_nrf_read_register		CODE           	04AC	0000	12
		_nrf_flush_rxtx		CODE           	0517	0000	25
		_arrcpy        		CODE           	0530	0000	29
		_nrf_write_register		CODE           	04C5	0000	13

main.c estimated size: 491

