Microchip MPLAB XC8 Compiler V2.40

Linker command line:

-W-3 \
  --edf=C:\Program Files\Microchip\xc8\v2.40\pic\dat\20220703182018_en.msgs \
  -cn -h+dist/default/production\car_proj.X.production.sym \
  --cmf=dist/default/production\car_proj.X.production.cmf -z -Q16F877A \
  -oC:\Users\papri\AppData\Local\Temp\xcAsjb4.4 --fixupoverflow=error \
  -Mdist/default/production/car_proj.X.production.map \
  --md=C:\Users\papri\AppData\Local\Temp\xcAsjb4.dat -E1 -ver=XC8 Compiler \
  --acfsm=1493 -ACODE=00h-07FFhx4 -ASTRCODE=00h-01FFFh -ASTRING=00h-0FFhx32 \
  -ACONST=00h-0FFhx32 -AENTRY=00h-0FFhx32 -ACOMMON=070h-07Fh \
  -ABANK0=020h-06Fh -ABANK1=0A0h-0EFh -ABANK2=0110h-016Fh \
  -ABANK3=0190h-01EFh -ARAM=020h-06Fh,0A0h-0EFh,0110h-016Fh,0190h-01EFh \
  -AABS1=020h-07Fh,0A0h-0EFh,0110h-016Fh,0190h-01EFh -ASFR0=00h-01Fh \
  -ASFR1=080h-09Fh -ASFR2=0100h-010Fh -ASFR3=0180h-018Fh \
  -ACONFIG=02007h-02007h -DCONFIG=2 -AIDLOC=02000h-02003h -DIDLOC=2 \
  -AEEDATA=00h-0FFh/02100h -peeprom_data=EEDATA -DEEDATA=2 -DCODE=2 \
  -DSTRCODE=2 -DSTRING=2 -DCONST=2 -DENTRY=2 \
  -preset_vec=00h,intentry=04h,init,end_init -ppowerup=CODE -pcinit=CODE \
  -pfunctab=ENTRY -k C:\Users\papri\AppData\Local\Temp\xcAsjb4.o \
  dist/default/production\car_proj.X.production.o 

Object code version is 3.11

Machine type is 16F877A



                Name                               Link     Load   Length Selector   Space Scale
C:\Users\papri\AppData\Local\Temp\xcAsjb4.o
                end_init                              E        E        3        8       0
                reset_vec                             0        0        3        0       0
                config                             2007     2007        1        0       4
dist/default/production\car_proj.X.production.o
                cinit                                11       11       27        8       0
                intentry                              4        4        A        8       0
                config                             2007     2007        1        0       4
                text15                              6FE      6FE       B0        8       0
                text14                              E1B      E1B       22     1C36       0
                text13                              E01      E01       1A     1C02       0
                text12                              F13      F13       75     1E26       0
                text11                               38       38      1D3        8       0
                text10                              F88      F88       78     1F10       0
                text9                               644      644       BA        8       0
                text8                               E62      E62       2F     1CC4       0
                text7                               ECD      ECD       46     1D9A       0
                text6                               7AE      7AE       46        8       0
                text5                               E91      E91       3C     1D22       0
                text4                               E3D      E3D       25     1C7A       0
                text3                               DEF      DEF       12     1BDE       0
                text2                               20B      20B      1C0        8       0
                text1                               3CB      3CB      1A3        8       0
                maintext                            56E      56E       D6        8       0
                cstackBANK0                          20       20       3C       20       1
                cstackCOMMON                         70       70        9       70       1
                dataBANK0                            6B       6B        3       20       1
                bssBANK0                             5C       5C        F       20       1
                bssCOMMON                            79       79        2       70       1
                strings                             800      800       35     1000       0
                idataBANK0                          7F4      7F4        3        8       0

TOTAL           Name                               Link     Load   Length     Space
        CLASS   CODE           
                end_init                              E        E        3         0
                cinit                                11       11       27         0
                intentry                              4        4        A         0
                reset_vec                             0        0        3         0
                text15                              6FE      6FE       B0         0
                text14                              E1B      E1B       22         0
                text13                              E01      E01       1A         0
                text12                              F13      F13       75         0
                text11                               38       38      1D3         0
                text10                              F88      F88       78         0
                text9                               644      644       BA         0
                text8                               E62      E62       2F         0
                text7                               ECD      ECD       46         0
                text6                               7AE      7AE       46         0
                text5                               E91      E91       3C         0
                text4                               E3D      E3D       25         0
                text3                               DEF      DEF       12         0
                text2                               20B      20B      1C0         0
                text1                               3CB      3CB      1A3         0
                maintext                            56E      56E       D6         0
                idataBANK0                          7F4      7F4        3         0

        CLASS   STRCODE        

        CLASS   STRING         
                strings                             800      800       35         0

        CLASS   CONST          

        CLASS   ENTRY          

        CLASS   COMMON         
                cstackCOMMON                         70       70        9         1
                bssCOMMON                            79       79        2         1

        CLASS   BANK0          
                cstackBANK0                          20       20       3C         1
                dataBANK0                            6B       6B        3         1
                bssBANK0                             5C       5C        F         1

        CLASS   BANK1          

        CLASS   BANK2          

        CLASS   BANK3          

        CLASS   RAM            

        CLASS   ABS1           
                abs_s1                               7E       7E        2         1

        CLASS   SFR0           

        CLASS   SFR1           

        CLASS   SFR2           

        CLASS   SFR3           

        CLASS   CONFIG         
                config                             2007     2007        1         4

        CLASS   IDLOC          

        CLASS   EEDATA         

        CLASS   STACK          



SEGMENTS        Name                           Load    Length   Top    Selector   Space  Class     Delta

                reset_vec                      000000  000003  000003         0       0  CODE        2
                intentry                       000004  0007F3  0007F7         8       0  CODE        2
                cstackBANK0                    000020  00004E  00006E        20       1  BANK0       1
                cstackCOMMON                   000070  00000B  00007B        70       1  COMMON      1
                strings                        000800  000035  000835      1000       0  STRING      2
                text3                          000DEF  000012  000E01      1BDE       0  CODE        2
                text13                         000E01  00001A  000E1B      1C02       0  CODE        2
                text14                         000E1B  000022  000E3D      1C36       0  CODE        2
                text4                          000E3D  000025  000E62      1C7A       0  CODE        2
                text8                          000E62  00002F  000E91      1CC4       0  CODE        2
                text5                          000E91  00003C  000ECD      1D22       0  CODE        2
                text7                          000ECD  000046  000F13      1D9A       0  CODE        2
                text12                         000F13  000075  000F88      1E26       0  CODE        2
                text10                         000F88  000078  001000      1F10       0  CODE        2


UNUSED ADDRESS RANGES

        Name                Unused          Largest block    Delta
        BANK0            006E-006F              2           1
        BANK1            00A0-00EF             50           1
        BANK2            0110-016F             60           1
        BANK3            0190-01EF             60           1
        CODE             0003-0003              1           2
                         07F7-07FF              9
                         0835-0DEE            5BA
                         1000-1FFF            800
        COMMON           007B-007D              3           1
        CONST            0003-0003              1           2
                         07F7-07FF              9
                         0835-0DEE            100
                         1000-1FFF            100
        EEDATA           2100-21FF            100           2
        ENTRY            0003-0003              1           2
                         07F7-07FF              9
                         0835-0DEE            100
                         1000-1FFF            100
        IDLOC            2000-2003              4           2
        RAM              006E-006F              2           1
                         00A0-00EF             50
                         0110-016F             60
                         0190-01EF             60
        SFR0             0000-001F             20           1
        SFR1             0080-009F             20           1
        SFR2             0100-010F             10           1
        SFR3             0180-018F             10           1
        STRCODE          0003-0003              1           2
                         07F7-07FF              9
                         0835-0DEE            5BA
                         1000-1FFF           1000
        STRING           0003-0003              1           2
                         07F7-07FF              9
                         0835-0DEE            100
                         1000-1FFF            100

                                  Symbol Table

?___fldiv                cstackBANK0  002A
?___fltol                cstackBANK0  0044
?___lwdiv                cstackCOMMON 0073
?___lwmod                cstackBANK0  0023
?___wmul                 cstackCOMMON 0073
?___xxtofl               cstackCOMMON 0073
?_sprintf                cstackBANK0  0028
LCD_Init@cmd             cstackBANK0  0020
LCD_Out@c                cstackCOMMON 0073
LCD_Write@c              cstackCOMMON 0076
LCD_putc@c               cstackCOMMON 0075
LCD_putrs@a              cstackCOMMON 0076
LCD_putrs@i              cstackBANK0  0023
_ADCON1                  (abs)        009F
_CMCON                   (abs)        009C
_INTCON                  (abs)        000B
_ISR                     text15       06FE
_LCD_Init                text12       0F13
_LCD_Out                 text14       0E1B
_LCD_Write               text13       0E01
_LCD_putc                text8        0E62
_LCD_putrs               text7        0ECD
_OPTION_REG              (abs)        0081
_RB2                     (abs)        0032
_RB3                     (abs)        0033
_RB4                     (abs)        0034
_RB5                     (abs)        0035
_RC1                     (abs)        0039
_RD4                     (abs)        0044
_RD5                     (abs)        0045
_RD6                     (abs)        0046
_RD7                     (abs)        0047
_RE0                     (abs)        0048
_RE1                     (abs)        0049
_T1CON                   (abs)        0010
_T1CONbits               (abs)        0010
_TMR0                    (abs)        0001
_TMR0IF                  (abs)        005A
_TMR1H                   (abs)        000F
_TMR1L                   (abs)        000E
_TRISB                   (abs)        0086
_TRISC                   (abs)        0087
_TRISD                   (abs)        0088
_TRISE                   (abs)        0089
__Habs1                  abs1         0000
__Hbank0                 bank0        0000
__Hbank1                 bank1        0000
__Hbank2                 bank2        0000
__Hbank3                 bank3        0000
__HbssBANK0              bssBANK0     0000
__HbssCOMMON             bssCOMMON    0000
__Hcinit                 cinit        0038
__Hclrtext               clrtext      0000
__Hcode                  code         0000
__Hcommon                common       0000
__Hconfig                config       2008
__HcstackBANK0           cstackBANK0  0000
__HcstackCOMMON          cstackCOMMON 0000
__HdataBANK0             dataBANK0    0000
__Heeprom_data           eeprom_data  0000
__Hend_init              end_init     0011
__Hfunctab               functab      0000
__HidataBANK0            idataBANK0   0000
__Hinit                  init         000E
__Hintentry              intentry     000E
__Hmaintext              maintext     0000
__Hpowerup               powerup      0000
__Hram                   ram          0000
__Hreset_vec             reset_vec    0003
__Hsfr0                  sfr0         0000
__Hsfr1                  sfr1         0000
__Hsfr2                  sfr2         0000
__Hsfr3                  sfr3         0000
__Hspace_0               (abs)        1000
__Hspace_1               (abs)        007B
__Hspace_2               (abs)        0000
__Hspace_3               (abs)        0000
__Hspace_4               (abs)        400F
__Hstack                 stack        0000
__Hstrings               strings      0000
__Htext                  text         0000
__Labs1                  abs1         0000
__Lbank0                 bank0        0000
__Lbank1                 bank1        0000
__Lbank2                 bank2        0000
__Lbank3                 bank3        0000
__LbssBANK0              bssBANK0     0000
__LbssCOMMON             bssCOMMON    0000
__Lcinit                 cinit        0011
__Lclrtext               clrtext      0000
__Lcode                  code         0000
__Lcommon                common       0000
__Lconfig                config       0000
__LcstackBANK0           cstackBANK0  0000
__LcstackCOMMON          cstackCOMMON 0000
__LdataBANK0             dataBANK0    0000
__Leeprom_data           eeprom_data  0000
__Lend_init              end_init     000E
__Lfunctab               functab      0000
__LidataBANK0            idataBANK0   0000
__Linit                  init         000E
__Lintentry              intentry     0004
__Lmaintext              maintext     0000
__Lpowerup               powerup      0000
__Lram                   ram          0000
__Lreset_vec             reset_vec    0000
__Lsfr0                  sfr0         0000
__Lsfr1                  sfr1         0000
__Lsfr2                  sfr2         0000
__Lsfr3                  sfr3         0000
__Lspace_0               (abs)        0000
__Lspace_1               (abs)        0000
__Lspace_2               (abs)        0000
__Lspace_3               (abs)        0000
__Lspace_4               (abs)        0000
__Lstack                 stack        0000
__Lstrings               strings      0000
__Ltext                  text         0000
__S0                     (abs)        1000
__S1                     (abs)        007B
__S3                     (abs)        0000
___fldiv                 text11       0038
___fldiv@a               cstackBANK0  002A
___fldiv@aexp            cstackBANK0  0043
___fldiv@b               cstackBANK0  002E
___fldiv@bexp            cstackBANK0  0042
___fldiv@grs             cstackBANK0  003E
___fldiv@new_exp         cstackBANK0  003C
___fldiv@rem             cstackBANK0  0037
___fldiv@sign            cstackBANK0  003B
___fltol                 text10       0F88
___fltol@exp1            cstackCOMMON 0078
___fltol@f1              cstackBANK0  0044
___fltol@sign1           cstackCOMMON 0077
___int_sp                stack        0000
___latbits               (abs)        0002
___lwdiv                 text6        07AE
___lwdiv@counter         cstackBANK0  0020
___lwdiv@dividend        cstackCOMMON 0075
___lwdiv@divisor         cstackCOMMON 0073
___lwdiv@quotient        cstackBANK0  0021
___lwmod                 text5        0E91
___lwmod@counter         cstackBANK0  0027
___lwmod@dividend        cstackBANK0  0025
___lwmod@divisor         cstackBANK0  0023
___sp                    stack        0000
___stackhi               (abs)        0000
___stacklo               (abs)        0000
___wmul                  text4        0E3D
___wmul@multiplicand     cstackCOMMON 0075
___wmul@multiplier       cstackCOMMON 0073
___wmul@product          cstackCOMMON 0077
___xxtofl                text9        0644
___xxtofl@arg            cstackBANK0  0026
___xxtofl@exp            cstackBANK0  0025
___xxtofl@sign           cstackBANK0  0024
___xxtofl@val            cstackCOMMON 0073
__end_of_ISR             text15       07AE
__end_of_LCD_Init        text12       0F88
__end_of_LCD_Out         text14       0E3D
__end_of_LCD_Write       text13       0E1B
__end_of_LCD_putc        text8        0E91
__end_of_LCD_putrs       text7        0F13
__end_of___fldiv         text11       020B
__end_of___fltol         text10       1000
__end_of___lwdiv         text6        07F4
__end_of___lwmod         text5        0ECD
__end_of___wmul          text4        0E62
__end_of___xxtofl        text9        06FE
__end_of__initialization cinit        0034
__end_of__stringtab      strings      0810
__end_of_dpowers         strings      081A
__end_of_isdigit         text3        0E01
__end_of_main            maintext     0644
__end_of_sprintf         text2        03CB
__end_of_update_screen   text1        056E
__initialization         cinit        0011
__pbssBANK0              bssBANK0     005C
__pbssCOMMON             bssCOMMON    0079
__pcstackBANK0           cstackBANK0  0020
__pcstackCOMMON          cstackCOMMON 0070
__pdataBANK0             dataBANK0    006B
__pidataBANK0            idataBANK0   07F4
__pintentry              intentry     0004
__pmaintext              maintext     056E
__pstrings               strings      0800
__ptext1                 text1        03CB
__ptext10                text10       0F88
__ptext11                text11       0038
__ptext12                text12       0F13
__ptext13                text13       0E01
__ptext14                text14       0E1B
__ptext15                text15       06FE
__ptext2                 text2        020B
__ptext3                 text3        0DEF
__ptext4                 text4        0E3D
__ptext5                 text5        0E91
__ptext6                 text6        07AE
__ptext7                 text7        0ECD
__ptext8                 text8        0E62
__ptext9                 text9        0644
__stringbase             strings      080F
__stringtab              strings      0800
_a_min                   bssBANK0     0062
_a_sek                   dataBANK0    006B
_a_tim                   bssBANK0     0060
_alarm                   dataBANK0    006D
_antal                   bssCOMMON    0079
_dpowers                 strings      0810
_drive_mode              bssBANK0     006A
_drive_timer             bssBANK0     005C
_isdigit                 text3        0DEF
_isdigit$635             cstackCOMMON 0073
_main                    maintext     056E
_min                     bssBANK0     0066
_sek                     bssBANK0     0068
_sprintf                 text2        020B
_tim                     bssBANK0     0064
_update_screen           text1        03CB
_update_screen$127       cstackBANK0  004D
_update_screen$128       cstackBANK0  004F
_update_screen$129       cstackBANK0  0051
_update_screen$130       cstackBANK0  0053
_update_screen$131       cstackBANK0  0055
_update_screen$132       cstackBANK0  0057
_update_timer            bssBANK0     005E
btemp                    (abs)        007E
end_of_initialization    cinit        0034
interrupt_function       intentry     0004
intlevel0                functab      0000
intlevel1                functab      0000
intlevel2                functab      0000
intlevel3                functab      0000
intlevel4                functab      0000
intlevel5                functab      0000
isdigit@c                cstackCOMMON 0074
main@dist                cstackBANK0  005A
reset_vec                reset_vec    0000
saved_w                  (abs)        007E
sprintf@ap               cstackBANK0  0032
sprintf@c                cstackBANK0  003A
sprintf@f                cstackBANK0  0028
sprintf@flag             cstackBANK0  0036
sprintf@prec             cstackBANK0  0033
sprintf@sp               cstackBANK0  0039
sprintf@val              cstackBANK0  0034
sprintf@width            cstackBANK0  0037
start                    init         000E
start_initialization     cinit        0011
update_screen@a_str      cstackBANK0  003B
update_screen@str        cstackBANK0  0044
wtemp0                   (abs)        007E


MODULE INFORMATION

Module		Function		Class		Link	Load	Size
C:\Program Files\Microchip\xc8\v2.40\pic\sources\c90\common\fltol.c
		___fltol       		CODE           	0F88	0000	120

C:\Program Files\Microchip\xc8\v2.40\pic\sources\c90\common\fltol.c estimated size: 120

C:\Program Files\Microchip\xc8\v2.40\pic\sources\c90\common\sprcdiv.c
		___fldiv       		CODE           	0038	0000	467

C:\Program Files\Microchip\xc8\v2.40\pic\sources\c90\common\sprcdiv.c estimated size: 467

C:\Program Files\Microchip\xc8\v2.40\pic\sources\c90\common\doprnt.c
		_sprintf       		CODE           	020B	0000	448

C:\Program Files\Microchip\xc8\v2.40\pic\sources\c90\common\doprnt.c estimated size: 448

C:\Program Files\Microchip\xc8\v2.40\pic\sources\c90\common\Umul16.c
		___wmul        		CODE           	0E3D	0000	37

C:\Program Files\Microchip\xc8\v2.40\pic\sources\c90\common\Umul16.c estimated size: 37

C:\Program Files\Microchip\xc8\v2.40\pic\sources\c90\common\lwmod.c
		___lwmod       		CODE           	0E91	0000	60

C:\Program Files\Microchip\xc8\v2.40\pic\sources\c90\common\lwmod.c estimated size: 60

shared
		__stringtab    		STRING         	0800	0000	16
		_dpowers       		STRING         	0810	0000	10
		__initialization		CODE           	0011	0000	35

shared estimated size: 61

C:\Program Files\Microchip\xc8\v2.40\pic\sources\c90\common\isdigit.c
		_isdigit       		CODE           	0DEF	0000	18

C:\Program Files\Microchip\xc8\v2.40\pic\sources\c90\common\isdigit.c estimated size: 18

lcd.c
		_LCD_Init      		CODE           	0F13	0000	117
		_LCD_Out       		CODE           	0E1B	0000	34
		_LCD_putc      		CODE           	0E62	0000	47
		_LCD_putrs     		CODE           	0ECD	0000	70
		_LCD_Write     		CODE           	0E01	0000	26

lcd.c estimated size: 294

main.c
		_ISR           		CODE           	06FE	0000	176
		_main          		CODE           	056E	0000	214
		_update_screen 		CODE           	03CB	0000	419

main.c estimated size: 809

C:\Program Files\Microchip\xc8\v2.40\pic\sources\c90\common\lwdiv.c
		___lwdiv       		CODE           	07AE	0000	70

C:\Program Files\Microchip\xc8\v2.40\pic\sources\c90\common\lwdiv.c estimated size: 70

C:\Program Files\Microchip\xc8\v2.40\pic\sources\c90\common\xxtofl.c
		___xxtofl      		CODE           	0644	0000	186

C:\Program Files\Microchip\xc8\v2.40\pic\sources\c90\common\xxtofl.c estimated size: 186

