Microchip MPLAB XC8 Compiler V2.40

Linker command line:

-W-3 \
  --edf=C:\Program Files\Microchip\xc8\v2.40\pic\dat\20220703182018_en.msgs \
  -cn -h+dist/default/production\car_proj.X.production.sym \
  --cmf=dist/default/production\car_proj.X.production.cmf -z -Q16F877A \
  -oC:\Users\marti\AppData\Local\Temp\xcAsfs4.4 --fixupoverflow=error \
  -Mdist/default/production/car_proj.X.production.map \
  --md=C:\Users\marti\AppData\Local\Temp\xcAsfs4.dat -E1 -ver=XC8 Compiler \
  --acfsm=1493 -ACODE=00h-07FFhx4 -ASTRCODE=00h-01FFFh -ASTRING=00h-0FFhx32 \
  -ACONST=00h-0FFhx32 -AENTRY=00h-0FFhx32 -ACOMMON=070h-07Fh \
  -ABANK0=020h-06Fh -ABANK1=0A0h-0EFh -ABANK2=0110h-016Fh \
  -ABANK3=0190h-01EFh -ARAM=020h-06Fh,0A0h-0EFh,0110h-016Fh,0190h-01EFh \
  -AABS1=020h-07Fh,0A0h-0EFh,0110h-016Fh,0190h-01EFh -ASFR0=00h-01Fh \
  -ASFR1=080h-09Fh -ASFR2=0100h-010Fh -ASFR3=0180h-018Fh \
  -ACONFIG=02007h-02007h -DCONFIG=2 -AIDLOC=02000h-02003h -DIDLOC=2 \
  -AEEDATA=00h-0FFh/02100h -peeprom_data=EEDATA -DEEDATA=2 -DCODE=2 \
  -DSTRCODE=2 -DSTRING=2 -DCONST=2 -DENTRY=2 \
  -preset_vec=00h,intentry=04h,init,end_init -ppowerup=CODE -pcinit=CODE \
  -pfunctab=ENTRY -k C:\Users\marti\AppData\Local\Temp\xcAsfs4.o \
  dist/default/production\car_proj.X.production.o 

Object code version is 3.11

Machine type is 16F877A



                Name                               Link     Load   Length Selector   Space Scale
C:\Users\marti\AppData\Local\Temp\xcAsfs4.o
                end_init                              E        E        3        8       0
                reset_vec                             0        0        3        0       0
                config                             2007     2007        1        0       4
dist/default/production\car_proj.X.production.o
                cinit                                11       11       35        8       0
                intentry                              4        4        A        8       0
                config                             2007     2007        1        0       4
                text19                              D07      D07       8F     1A0E       0
                text18                              A8D      A8D       22     151A       0
                text17                              A73      A73       1A     14E6       0
                text16                              C1A      C1A       75     1834       0
                text15                              2F0      2F0      1D3        8       0
                text14                              C8F      C8F       78     191E       0
                text13                              D96      D96       BA     1B2C       0
                text12                              E50      E50       D8     1CA0       0
                text11                              F28      F28       D8     1E50       0
                text10                              BCB      BCB       4F     1796       0
                text9                               7EF      7EF        F        8       0
                text8                               AD4      AD4       2F     15A8       0
                text7                               B3F      B3F       46     167E       0
                text6                               B85      B85       46     170A       0
                text5                               B03      B03       3C     1606       0
                text4                               AAF      AAF       25     155E       0
                text3                               A61      A61       12     14C2       0
                text2                               4C3      4C3      1C0        8       0
                text1                                46       46      2AA        8       0
                maintext                            683      683      16C        8       0
                cstackBANK0                          20       20       34       20       1
                cstackCOMMON                         70       70        9       70       1
                cstackBANK1                          E0       E0        2       A0       1
                clrtext                             A59      A59        8     14B2       0
                bssBANK1                             A0       A0       40       A0       1
                dataBANK0                            6B       6B        5       20       1
                bssBANK0                             54       54       17       20       1
                bssCOMMON                            79       79        2       70       1
                strings                             800      800       35     1000       0
                idataBANK0                          A54      A54        5     14A8       0

TOTAL           Name                               Link     Load   Length     Space
        CLASS   CODE           
                end_init                              E        E        3         0
                cinit                                11       11       35         0
                intentry                              4        4        A         0
                reset_vec                             0        0        3         0
                text19                              D07      D07       8F         0
                text18                              A8D      A8D       22         0
                text17                              A73      A73       1A         0
                text16                              C1A      C1A       75         0
                text15                              2F0      2F0      1D3         0
                text14                              C8F      C8F       78         0
                text13                              D96      D96       BA         0
                text12                              E50      E50       D8         0
                text11                              F28      F28       D8         0
                text10                              BCB      BCB       4F         0
                text9                               7EF      7EF        F         0
                text8                               AD4      AD4       2F         0
                text7                               B3F      B3F       46         0
                text6                               B85      B85       46         0
                text5                               B03      B03       3C         0
                text4                               AAF      AAF       25         0
                text3                               A61      A61       12         0
                text2                               4C3      4C3      1C0         0
                text1                                46       46      2AA         0
                maintext                            683      683      16C         0
                clrtext                             A59      A59        8         0
                idataBANK0                          A54      A54        5         0

        CLASS   STRCODE        

        CLASS   STRING         
                strings                             800      800       35         0

        CLASS   CONST          

        CLASS   ENTRY          

        CLASS   COMMON         
                cstackCOMMON                         70       70        9         1
                bssCOMMON                            79       79        2         1

        CLASS   BANK0          
                cstackBANK0                          20       20       34         1
                dataBANK0                            6B       6B        5         1
                bssBANK0                             54       54       17         1

        CLASS   BANK1          
                cstackBANK1                          E0       E0        2         1
                bssBANK1                             A0       A0       40         1

        CLASS   BANK2          

        CLASS   BANK3          

        CLASS   RAM            

        CLASS   ABS1           
                abs_s1                               7E       7E        2         1

        CLASS   SFR0           

        CLASS   SFR1           

        CLASS   SFR2           

        CLASS   SFR3           

        CLASS   CONFIG         
                config                             2007     2007        1         4

        CLASS   IDLOC          

        CLASS   EEDATA         

        CLASS   STACK          



SEGMENTS        Name                           Load    Length   Top    Selector   Space  Class     Delta

                reset_vec                      000000  000003  000003         0       0  CODE        2
                intentry                       000004  0007FA  0007FE         8       0  CODE        2
                cstackBANK0                    000020  000050  000070        20       1  BANK0       1
                cstackCOMMON                   000070  00000B  00007B        70       1  COMMON      1
                bssBANK1                       0000A0  000042  0000E2        A0       1  BANK1       1
                strings                        000800  000035  000835      1000       0  STRING      2
                idataBANK0                     000A54  000005  000A59      14A8       0  CODE        2
                clrtext                        000A59  000008  000A61      14B2       0  CODE        2
                text3                          000A61  000012  000A73      14C2       0  CODE        2
                text17                         000A73  00001A  000A8D      14E6       0  CODE        2
                text18                         000A8D  000022  000AAF      151A       0  CODE        2
                text4                          000AAF  000025  000AD4      155E       0  CODE        2
                text8                          000AD4  00002F  000B03      15A8       0  CODE        2
                text5                          000B03  00003C  000B3F      1606       0  CODE        2
                text7                          000B3F  000046  000B85      167E       0  CODE        2
                text6                          000B85  000046  000BCB      170A       0  CODE        2
                text10                         000BCB  00004F  000C1A      1796       0  CODE        2
                text16                         000C1A  000075  000C8F      1834       0  CODE        2
                text14                         000C8F  000078  000D07      191E       0  CODE        2
                text19                         000D07  00008F  000D96      1A0E       0  CODE        2
                text13                         000D96  0000BA  000E50      1B2C       0  CODE        2
                text12                         000E50  0000D8  000F28      1CA0       0  CODE        2
                text11                         000F28  0000D8  001000      1E50       0  CODE        2


UNUSED ADDRESS RANGES

        Name                Unused          Largest block    Delta
        BANK1            00E2-00EF              E           1
        BANK2            0110-016F             60           1
        BANK3            0190-01EF             60           1
        CODE             0003-0003              1           2
                         07FE-07FF              2
                         0835-0A53            21F
                         1000-1FFF            800
        COMMON           007B-007D              3           1
        CONST            0003-0003              1           2
                         07FE-07FF              2
                         0835-0A53            100
                         1000-1FFF            100
        EEDATA           2100-21FF            100           2
        ENTRY            0003-0003              1           2
                         07FE-07FF              2
                         0835-0A53            100
                         1000-1FFF            100
        IDLOC            2000-2003              4           2
        RAM              00E2-00EF              E           1
                         0110-016F             60
                         0190-01EF             60
        SFR0             0000-001F             20           1
        SFR1             0080-009F             20           1
        SFR2             0100-010F             10           1
        SFR3             0180-018F             10           1
        STRCODE          0003-0003              1           2
                         07FE-07FF              2
                         0835-0A53            21F
                         1000-1FFF           1000
        STRING           0003-0003              1           2
                         07FE-07FF              2
                         0835-0A53            100
                         1000-1FFF            100

                                  Symbol Table

?___fldiv                cstackBANK0  002A
?___fltol                cstackBANK0  0044
?___lwdiv                cstackCOMMON 0073
?___lwmod                cstackBANK0  0023
?___wmul                 cstackCOMMON 0073
?___xxtofl               cstackCOMMON 0073
?_sprintf                cstackBANK0  0028
LCD_Init@cmd             cstackBANK0  0020
LCD_Out@c                cstackCOMMON 0073
LCD_Write@c              cstackCOMMON 0076
LCD_putc@c               cstackCOMMON 0075
LCD_putrs@a              cstackCOMMON 0076
LCD_putrs@i              cstackBANK0  0023
_ADCON1                  (abs)        009F
_CMCON                   (abs)        009C
_INTCON                  (abs)        000B
_ISR                     text19       0D07
_LCD_Init                text16       0C1A
_LCD_Out                 text18       0A8D
_LCD_Write               text17       0A73
_LCD_putc                text8        0AD4
_LCD_putrs               text7        0B3F
_OPTION_REG              (abs)        0081
_RB0                     (abs)        0030
_RB1                     (abs)        0031
_RB2                     (abs)        0032
_RB3                     (abs)        0033
_RB4                     (abs)        0034
_RB5                     (abs)        0035
_RB6                     (abs)        0036
_RB7                     (abs)        0037
_RC1                     (abs)        0039
_RC3                     (abs)        003B
_RD4                     (abs)        0044
_RD5                     (abs)        0045
_RD6                     (abs)        0046
_RD7                     (abs)        0047
_RE0                     (abs)        0048
_RE1                     (abs)        0049
_T1CON                   (abs)        0010
_T1CONbits               (abs)        0010
_TMR0                    (abs)        0001
_TMR0IF                  (abs)        005A
_TMR1H                   (abs)        000F
_TMR1L                   (abs)        000E
_TRISB                   (abs)        0086
_TRISC                   (abs)        0087
_TRISD                   (abs)        0088
_TRISE                   (abs)        0089
__Habs1                  abs1         0000
__Hbank0                 bank0        0000
__Hbank1                 bank1        0000
__Hbank2                 bank2        0000
__Hbank3                 bank3        0000
__HbssBANK0              bssBANK0     0000
__HbssBANK1              bssBANK1     0000
__HbssCOMMON             bssCOMMON    0000
__Hcinit                 cinit        0046
__Hclrtext               clrtext      0000
__Hcode                  code         0000
__Hcommon                common       0000
__Hconfig                config       2008
__HcstackBANK0           cstackBANK0  0000
__HcstackBANK1           cstackBANK1  0000
__HcstackCOMMON          cstackCOMMON 0000
__HdataBANK0             dataBANK0    0000
__Heeprom_data           eeprom_data  0000
__Hend_init              end_init     0011
__Hfunctab               functab      0000
__HidataBANK0            idataBANK0   0000
__Hinit                  init         000E
__Hintentry              intentry     000E
__Hmaintext              maintext     0000
__Hpowerup               powerup      0000
__Hram                   ram          0000
__Hreset_vec             reset_vec    0003
__Hsfr0                  sfr0         0000
__Hsfr1                  sfr1         0000
__Hsfr2                  sfr2         0000
__Hsfr3                  sfr3         0000
__Hspace_0               (abs)        1000
__Hspace_1               (abs)        00E2
__Hspace_2               (abs)        0000
__Hspace_3               (abs)        0000
__Hspace_4               (abs)        400F
__Hstack                 stack        0000
__Hstrings               strings      0000
__Htext                  text         0000
__Labs1                  abs1         0000
__Lbank0                 bank0        0000
__Lbank1                 bank1        0000
__Lbank2                 bank2        0000
__Lbank3                 bank3        0000
__LbssBANK0              bssBANK0     0000
__LbssBANK1              bssBANK1     0000
__LbssCOMMON             bssCOMMON    0000
__Lcinit                 cinit        0011
__Lclrtext               clrtext      0000
__Lcode                  code         0000
__Lcommon                common       0000
__Lconfig                config       0000
__LcstackBANK0           cstackBANK0  0000
__LcstackBANK1           cstackBANK1  0000
__LcstackCOMMON          cstackCOMMON 0000
__LdataBANK0             dataBANK0    0000
__Leeprom_data           eeprom_data  0000
__Lend_init              end_init     000E
__Lfunctab               functab      0000
__LidataBANK0            idataBANK0   0000
__Linit                  init         000E
__Lintentry              intentry     0004
__Lmaintext              maintext     0000
__Lpowerup               powerup      0000
__Lram                   ram          0000
__Lreset_vec             reset_vec    0000
__Lsfr0                  sfr0         0000
__Lsfr1                  sfr1         0000
__Lsfr2                  sfr2         0000
__Lsfr3                  sfr3         0000
__Lspace_0               (abs)        0000
__Lspace_1               (abs)        0000
__Lspace_2               (abs)        0000
__Lspace_3               (abs)        0000
__Lspace_4               (abs)        0000
__Lstack                 stack        0000
__Lstrings               strings      0000
__Ltext                  text         0000
__S0                     (abs)        1000
__S1                     (abs)        00E2
__S3                     (abs)        0000
___fldiv                 text15       02F0
___fldiv@a               cstackBANK0  002A
___fldiv@aexp            cstackBANK0  0043
___fldiv@b               cstackBANK0  002E
___fldiv@bexp            cstackBANK0  0042
___fldiv@grs             cstackBANK0  003E
___fldiv@new_exp         cstackBANK0  003C
___fldiv@rem             cstackBANK0  0037
___fldiv@sign            cstackBANK0  003B
___fltol                 text14       0C8F
___fltol@exp1            cstackCOMMON 0078
___fltol@f1              cstackBANK0  0044
___fltol@sign1           cstackCOMMON 0077
___int_sp                stack        0000
___latbits               (abs)        0002
___lwdiv                 text6        0B85
___lwdiv@counter         cstackBANK0  0020
___lwdiv@dividend        cstackCOMMON 0075
___lwdiv@divisor         cstackCOMMON 0073
___lwdiv@quotient        cstackBANK0  0021
___lwmod                 text5        0B03
___lwmod@counter         cstackBANK0  0027
___lwmod@dividend        cstackBANK0  0025
___lwmod@divisor         cstackBANK0  0023
___sp                    stack        0000
___stackhi               (abs)        0000
___stacklo               (abs)        0000
___wmul                  text4        0AAF
___wmul@multiplicand     cstackCOMMON 0075
___wmul@multiplier       cstackCOMMON 0073
___wmul@product          cstackCOMMON 0077
___xxtofl                text13       0D96
___xxtofl@arg            cstackBANK0  0026
___xxtofl@exp            cstackBANK0  0025
___xxtofl@sign           cstackBANK0  0024
___xxtofl@val            cstackCOMMON 0073
__end_of_ISR             text19       0D96
__end_of_LCD_Init        text16       0C8F
__end_of_LCD_Out         text18       0AAF
__end_of_LCD_Write       text17       0A8D
__end_of_LCD_putc        text8        0B03
__end_of_LCD_putrs       text7        0B85
__end_of___fldiv         text15       04C3
__end_of___fltol         text14       0D07
__end_of___lwdiv         text6        0BCB
__end_of___lwmod         text5        0B3F
__end_of___wmul          text4        0AD4
__end_of___xxtofl        text13       0E50
__end_of__initialization cinit        0042
__end_of__stringtab      strings      0810
__end_of_dpowers         strings      081A
__end_of_isdigit         text3        0A73
__end_of_main            maintext     07EF
__end_of_mode1           text12       0F28
__end_of_mode2           text11       1000
__end_of_mode3           text10       0C1A
__end_of_setup2          text9        07FE
__end_of_sprintf         text2        0683
__end_of_update          text1        02F0
__initialization         cinit        0011
__pbssBANK0              bssBANK0     0054
__pbssBANK1              bssBANK1     00A0
__pbssCOMMON             bssCOMMON    0079
__pcstackBANK0           cstackBANK0  0020
__pcstackBANK1           cstackBANK1  00E0
__pcstackCOMMON          cstackCOMMON 0070
__pdataBANK0             dataBANK0    006B
__pidataBANK0            idataBANK0   0A54
__pintentry              intentry     0004
__pmaintext              maintext     0683
__pstrings               strings      0800
__ptext1                 text1        0046
__ptext10                text10       0BCB
__ptext11                text11       0F28
__ptext12                text12       0E50
__ptext13                text13       0D96
__ptext14                text14       0C8F
__ptext15                text15       02F0
__ptext16                text16       0C1A
__ptext17                text17       0A73
__ptext18                text18       0A8D
__ptext19                text19       0D07
__ptext2                 text2        04C3
__ptext3                 text3        0A61
__ptext4                 text4        0AAF
__ptext5                 text5        0B03
__ptext6                 text6        0B85
__ptext7                 text7        0B3F
__ptext8                 text8        0AD4
__ptext9                 text9        07EF
__stringbase             strings      080F
__stringtab              strings      0800
_a_min                   bssBANK0     0060
_a_sek                   dataBANK0    006D
_a_str                   bssBANK1     00C0
_a_tim                   bssBANK0     005E
_alarm                   dataBANK0    006F
_antal                   bssBANK0     0068
_dpowers                 strings      0810
_flag                    bssBANK0     005A
_flag_2                  bssCOMMON    0079
_flag_3                  bssBANK0     0058
_flag_4                  bssBANK0     0054
_flag_update             bssBANK0     0056
_isdigit                 text3        0A61
_isdigit$659             cstackCOMMON 0073
_main                    maintext     0683
_min                     bssBANK0     0064
_mode                    bssBANK0     005C
_mode1                   text12       0E50
_mode2                   text11       0F28
_mode3                   text10       0BCB
_sek                     bssBANK0     0066
_setup2                  text9        07EF
_sprintf                 text2        04C3
_str                     bssBANK1     00A0
_tim                     bssBANK0     0062
_tone                    bssBANK0     006A
_update                  text1        0046
_update$141              cstackBANK0  003B
_update$142              cstackBANK0  003D
_update$143              cstackBANK0  003F
_update$144              cstackBANK0  0041
_update$145              cstackBANK0  0043
_update$146              cstackBANK0  0045
_update$147              cstackBANK0  0047
_update$148              cstackBANK0  0049
_update$149              cstackBANK0  004B
_update$150              cstackBANK0  004D
_update$151              cstackBANK0  004F
_update$152              cstackBANK0  0051
btemp                    (abs)        007E
clear_ram0               clrtext      0A59
end_of_initialization    cinit        0042
interrupt_function       intentry     0004
intlevel0                functab      0000
intlevel1                functab      0000
intlevel2                functab      0000
intlevel3                functab      0000
intlevel4                functab      0000
intlevel5                functab      0000
isdigit@c                cstackCOMMON 0074
main@a                   cstackBANK1  00E0
reset_vec                reset_vec    0000
saved_w                  (abs)        007E
sprintf@ap               cstackBANK0  0032
sprintf@c                cstackBANK0  003A
sprintf@f                cstackBANK0  0028
sprintf@flag             cstackBANK0  0036
sprintf@prec             cstackBANK0  0033
sprintf@sp               cstackBANK0  0039
sprintf@val              cstackBANK0  0034
sprintf@width            cstackBANK0  0037
start                    init         000E
start_initialization     cinit        0011
wtemp0                   (abs)        007E


MODULE INFORMATION

Module		Function		Class		Link	Load	Size
C:\Program Files\Microchip\xc8\v2.40\pic\sources\c90\common\fltol.c
		___fltol       		CODE           	0C8F	0000	120

C:\Program Files\Microchip\xc8\v2.40\pic\sources\c90\common\fltol.c estimated size: 120

C:\Program Files\Microchip\xc8\v2.40\pic\sources\c90\common\sprcdiv.c
		___fldiv       		CODE           	02F0	0000	467

C:\Program Files\Microchip\xc8\v2.40\pic\sources\c90\common\sprcdiv.c estimated size: 467

C:\Program Files\Microchip\xc8\v2.40\pic\sources\c90\common\doprnt.c
		_sprintf       		CODE           	04C3	0000	448

C:\Program Files\Microchip\xc8\v2.40\pic\sources\c90\common\doprnt.c estimated size: 448

C:\Program Files\Microchip\xc8\v2.40\pic\sources\c90\common\Umul16.c
		___wmul        		CODE           	0AAF	0000	37

C:\Program Files\Microchip\xc8\v2.40\pic\sources\c90\common\Umul16.c estimated size: 37

C:\Program Files\Microchip\xc8\v2.40\pic\sources\c90\common\lwmod.c
		___lwmod       		CODE           	0B03	0000	60

C:\Program Files\Microchip\xc8\v2.40\pic\sources\c90\common\lwmod.c estimated size: 60

shared
		__stringtab    		STRING         	0800	0000	16
		_dpowers       		STRING         	0810	0000	10
		__initialization		CODE           	0011	0000	49

shared estimated size: 75

C:\Program Files\Microchip\xc8\v2.40\pic\sources\c90\common\isdigit.c
		_isdigit       		CODE           	0A61	0000	18

C:\Program Files\Microchip\xc8\v2.40\pic\sources\c90\common\isdigit.c estimated size: 18

lcd.c
		_LCD_Init      		CODE           	0C1A	0000	117
		_LCD_Out       		CODE           	0A8D	0000	34
		_LCD_putc      		CODE           	0AD4	0000	47
		_LCD_putrs     		CODE           	0B3F	0000	70
		_LCD_Write     		CODE           	0A73	0000	26

lcd.c estimated size: 294

main.c
		_mode1         		CODE           	0E50	0000	216
		_update        		CODE           	0046	0000	682
		_ISR           		CODE           	0D07	0000	143
		_mode2         		CODE           	0F28	0000	216
		_main          		CODE           	0683	0000	364
		_mode3         		CODE           	0BCB	0000	79
		_setup2        		CODE           	07EF	0000	15

main.c estimated size: 1715

C:\Program Files\Microchip\xc8\v2.40\pic\sources\c90\common\lwdiv.c
		___lwdiv       		CODE           	0B85	0000	70

C:\Program Files\Microchip\xc8\v2.40\pic\sources\c90\common\lwdiv.c estimated size: 70

C:\Program Files\Microchip\xc8\v2.40\pic\sources\c90\common\xxtofl.c
		___xxtofl      		CODE           	0D96	0000	186

C:\Program Files\Microchip\xc8\v2.40\pic\sources\c90\common\xxtofl.c estimated size: 186

