Microchip MPLAB XC8 Compiler V2.40

Linker command line:

-W-3 \
  --edf=C:\Program Files\Microchip\xc8\v2.40\pic\dat\20220703182018_en.msgs \
  -cn -h+dist/default/production\nrf24l01.X.production.sym \
  --cmf=dist/default/production\nrf24l01.X.production.cmf -z -Q16F877A \
  -oC:\Users\marti\AppData\Local\Temp\xcAsa9g.4 --fixupoverflow=error \
  -Mdist/default/production/nrf24l01.X.production.map \
  --md=C:\Users\marti\AppData\Local\Temp\xcAsa9g.dat -E1 -ver=XC8 Compiler \
  --acfsm=1493 -ACODE=00h-07FFhx4 -ASTRCODE=00h-01FFFh -ASTRING=00h-0FFhx32 \
  -ACONST=00h-0FFhx32 -AENTRY=00h-0FFhx32 -ACOMMON=070h-07Fh \
  -ABANK0=020h-06Fh -ABANK1=0A0h-0EFh -ABANK2=0110h-016Fh \
  -ABANK3=0190h-01EFh -ARAM=020h-06Fh,0A0h-0EFh,0110h-016Fh,0190h-01EFh \
  -AABS1=020h-07Fh,0A0h-0EFh,0110h-016Fh,0190h-01EFh -ASFR0=00h-01Fh \
  -ASFR1=080h-09Fh -ASFR2=0100h-010Fh -ASFR3=0180h-018Fh \
  -ACONFIG=02007h-02007h -DCONFIG=2 -AIDLOC=02000h-02003h -DIDLOC=2 \
  -AEEDATA=00h-0FFh/02100h -peeprom_data=EEDATA -DEEDATA=2 -DCODE=2 \
  -DSTRCODE=2 -DSTRING=2 -DCONST=2 -DENTRY=2 \
  -preset_vec=00h,intentry,init,end_init -ppowerup=CODE -pcinit=CODE \
  -pfunctab=ENTRY -k C:\Users\marti\AppData\Local\Temp\xcAsa9g.o \
  dist/default/production\nrf24l01.X.production.o 

Object code version is 3.11

Machine type is 16F877A



                Name                               Link     Load   Length Selector   Space Scale
C:\Users\marti\AppData\Local\Temp\xcAsa9g.o
                end_init                              0        0        3        0       0
                config                             2007     2007        1        0       4
dist/default/production\nrf24l01.X.production.o
                cinit                               7FC      7FC        4      FF8       0
                config                             2007     2007        1        0       4
                text10                              6B3      6B3        4      D66       0
                text9                               6C0      6C0        C      D80       0
                text8                               6DB      6DB       14      DB6       0
                text7                               6CC      6CC        F      D98       0
                text6                               707      707       27      E0E       0
                text5                               6B7      6B7        9      D6E       0
                text4                               7BD      7BD       3F      F7A       0
                text3                               72E      72E       2B      E5C       0
                text2                               6EF      6EF       18      DDE       0
                text1                               759      759       2F      EB2       0
                maintext                            788      788       35      F10       0
                cstackBANK0                          20       20        3       20       1
                cstackCOMMON                         70       70        D       70       1
                strings                               3        3       16        6       0

TOTAL           Name                               Link     Load   Length     Space
        CLASS   CODE           
                end_init                              0        0        3         0
                cinit                               7FC      7FC        4         0
                text10                              6B3      6B3        4         0
                text9                               6C0      6C0        C         0
                text8                               6DB      6DB       14         0
                text7                               6CC      6CC        F         0
                text6                               707      707       27         0
                text5                               6B7      6B7        9         0
                text4                               7BD      7BD       3F         0
                text3                               72E      72E       2B         0
                text2                               6EF      6EF       18         0
                text1                               759      759       2F         0
                maintext                            788      788       35         0

        CLASS   STRCODE        

        CLASS   STRING         
                strings                               3        3       16         0

        CLASS   CONST          

        CLASS   ENTRY          

        CLASS   COMMON         
                cstackCOMMON                         70       70        D         1

        CLASS   BANK0          
                cstackBANK0                          20       20        3         1

        CLASS   BANK1          

        CLASS   BANK2          

        CLASS   BANK3          

        CLASS   RAM            

        CLASS   ABS1           
                abs_s1                               7E       7E        2         1

        CLASS   SFR0           

        CLASS   SFR1           

        CLASS   SFR2           

        CLASS   SFR3           

        CLASS   CONFIG         
                config                             2007     2007        1         4

        CLASS   IDLOC          

        CLASS   EEDATA         

        CLASS   STACK          



SEGMENTS        Name                           Load    Length   Top    Selector   Space  Class     Delta

                reset_vec                      000000  000003  000003         0       0  CODE        2
                strings                        000003  000016  000019         6       0  STRING      2
                cstackBANK0                    000020  000003  000023        20       1  BANK0       1
                cstackCOMMON                   000070  00000D  00007D        70       1  COMMON      1
                text10                         0006B3  000004  0006B7       D66       0  CODE        2
                text5                          0006B7  000009  0006C0       D6E       0  CODE        2
                text9                          0006C0  00000C  0006CC       D80       0  CODE        2
                text7                          0006CC  00000F  0006DB       D98       0  CODE        2
                text8                          0006DB  000014  0006EF       DB6       0  CODE        2
                text2                          0006EF  000018  000707       DDE       0  CODE        2
                text6                          000707  000027  00072E       E0E       0  CODE        2
                text3                          00072E  00002B  000759       E5C       0  CODE        2
                text1                          000759  00002F  000788       EB2       0  CODE        2
                maintext                       000788  000035  0007BD       F10       0  CODE        2
                text4                          0007BD  00003F  0007FC       F7A       0  CODE        2
                cinit                          0007FC  000004  000800       FF8       0  CODE        2


UNUSED ADDRESS RANGES

        Name                Unused          Largest block    Delta
        BANK0            0023-006F             4D           1
        BANK1            00A0-00EF             50           1
        BANK2            0110-016F             60           1
        BANK3            0190-01EF             60           1
        CODE             0019-06B2            69A           2
                         0800-1FFF            800
        COMMON           007D-007D              1           1
        CONST            0019-06B2            100           2
                         0800-1FFF            100
        EEDATA           2100-21FF            100           2
        ENTRY            0019-06B2            100           2
                         0800-1FFF            100
        IDLOC            2000-2003              4           2
        RAM              0023-006F             4D           1
                         00A0-00EF             50
                         0110-016F             60
                         0190-01EF             60
        SFR0             0000-001F             20           1
        SFR1             0080-009F             20           1
        SFR2             0100-010F             10           1
        SFR3             0180-018F             10           1
        STRCODE          0019-06B2            69A           2
                         0800-1FFF           1800
        STRING           0019-06B2            100           2
                         0800-1FFF            100

                                  Symbol Table

SPI_write@write                    cstackCOMMON 0070
_PORTB                             (abs)        0006
_RC0                               (abs)        0038
_RC1                               (abs)        0039
_RC2                               (abs)        003A
_RC7                               (abs)        003F
_SPI_init_master                   text5        06B7
_SPI_read                          text10       06B3
_SPI_write                         text9        06C0
_SSPBUF                            (abs)        0013
_SSPCONbits                        (abs)        0014
_SSPSTATbits                       (abs)        0094
_TRISB                             (abs)        0086
_TRISC0                            (abs)        0438
_TRISC1                            (abs)        0439
_TRISC2                            (abs)        043A
_TRISC3                            (abs)        043B
_TRISC4                            (abs)        043C
_TRISC5                            (abs)        043D
_TRISC7                            (abs)        043F
__Habs1                            abs1         0000
__Hbank0                           bank0        0000
__Hbank1                           bank1        0000
__Hbank2                           bank2        0000
__Hbank3                           bank3        0000
__Hcinit                           cinit        0800
__Hclrtext                         clrtext      0000
__Hcode                            code         0000
__Hcommon                          common       0000
__Hconfig                          config       2008
__HcstackBANK0                     cstackBANK0  0000
__HcstackCOMMON                    cstackCOMMON 0000
__Heeprom_data                     eeprom_data  0000
__Hend_init                        end_init     0003
__Hfunctab                         functab      0000
__Hinit                            init         0000
__Hintentry                        intentry     0000
__Hmaintext                        maintext     0000
__Hpowerup                         powerup      0000
__Hram                             ram          0000
__Hreset_vec                       reset_vec    0000
__Hsfr0                            sfr0         0000
__Hsfr1                            sfr1         0000
__Hsfr2                            sfr2         0000
__Hsfr3                            sfr3         0000
__Hspace_0                         (abs)        0800
__Hspace_1                         (abs)        007D
__Hspace_2                         (abs)        0000
__Hspace_3                         (abs)        0000
__Hspace_4                         (abs)        400F
__Hstack                           stack        0000
__Hstrings                         strings      0000
__Htext                            text         0000
__Labs1                            abs1         0000
__Lbank0                           bank0        0000
__Lbank1                           bank1        0000
__Lbank2                           bank2        0000
__Lbank3                           bank3        0000
__Lcinit                           cinit        07FC
__Lclrtext                         clrtext      0000
__Lcode                            code         0000
__Lcommon                          common       0000
__Lconfig                          config       0000
__LcstackBANK0                     cstackBANK0  0000
__LcstackCOMMON                    cstackCOMMON 0000
__Leeprom_data                     eeprom_data  0000
__Lend_init                        end_init     0000
__Lfunctab                         functab      0000
__Linit                            init         0000
__Lintentry                        intentry     0000
__Lmaintext                        maintext     0000
__Lpowerup                         powerup      0000
__Lram                             ram          0000
__Lreset_vec                       reset_vec    0000
__Lsfr0                            sfr0         0000
__Lsfr1                            sfr1         0000
__Lsfr2                            sfr2         0000
__Lsfr3                            sfr3         0000
__Lspace_0                         (abs)        0000
__Lspace_1                         (abs)        0000
__Lspace_2                         (abs)        0000
__Lspace_3                         (abs)        0000
__Lspace_4                         (abs)        0000
__Lstack                           stack        0000
__Lstrings                         strings      0000
__Ltext                            text         0000
__S0                               (abs)        0800
__S1                               (abs)        007D
__S3                               (abs)        0000
___int_sp                          stack        0000
___latbits                         (abs)        0002
___sp                              stack        0000
___stackhi                         (abs)        0000
___stacklo                         (abs)        0000
__end_of_SPI_init_master           text5        06C0
__end_of_SPI_read                  text10       06B7
__end_of_SPI_write                 text9        06CC
__end_of__initialization           cinit        07FC
__end_of__stringtab                strings      0013
__end_of_main                      maintext     07BD
__end_of_radio_get_packets         text7        06DB
__end_of_radio_has_recieved_packet text6        072E
__end_of_radio_reciever_start      text3        0759
__end_of_radio_spi_command_array   text4        07FC
__end_of_radio_spi_command_single  text8        06EF
__end_of_radio_transmit_single     text2        0707
__end_of_radio_transmitter_start   text1        0788
__initialization                   cinit        07FC
__pcstackBANK0                     cstackBANK0  0020
__pcstackCOMMON                    cstackCOMMON 0070
__pmaintext                        maintext     0788
__pstrings                         strings      0003
__ptext1                           text1        0759
__ptext10                          text10       06B3
__ptext2                           text2        06EF
__ptext3                           text3        072E
__ptext4                           text4        07BD
__ptext5                           text5        06B7
__ptext6                           text6        0707
__ptext7                           text7        06CC
__ptext8                           text8        06DB
__ptext9                           text9        06C0
__stringbase                       strings      0012
__stringtab                        strings      0003
_main                              maintext     0788
_radio_get_packets                 text7        06CC
_radio_has_recieved_packet         text6        0707
_radio_reciever_start              text3        072E
_radio_spi_command_array           text4        07BD
_radio_spi_command_single          text8        06DB
_radio_transmit_single             text2        06EF
_radio_transmitter_start           text1        0759
btemp                              (abs)        007E
end_of_initialization              cinit        07FC
intlevel0                          functab      0000
intlevel1                          functab      0000
intlevel2                          functab      0000
intlevel3                          functab      0000
intlevel4                          functab      0000
intlevel5                          functab      0000
radio_get_packets@packet           cstackCOMMON 0073
radio_has_recieved_packet@RX_DR    cstackCOMMON 0074
radio_has_recieved_packet@status   cstackCOMMON 0073
radio_spi_command_array@args       cstackCOMMON 0071
radio_spi_command_array@command    cstackCOMMON 0077
radio_spi_command_array@i          cstackCOMMON 0078
radio_spi_command_array@size       cstackCOMMON 0073
radio_spi_command_single@arg       cstackCOMMON 0071
radio_spi_command_single@command   cstackCOMMON 0072
radio_transmit_single@size         cstackCOMMON 007B
radio_transmit_single@transmission cstackCOMMON 0079
reset_vec                          reset_vec    0000
start                              init         0000
start_initialization               cinit        07FC
wtemp0                             (abs)        007E


MODULE INFORMATION

Module		Function		Class		Link	Load	Size
./spi.h
		_SPI_read      		CODE           	06B3	0000	4
		_SPI_init_master		CODE           	06B7	0000	9
		_SPI_write     		CODE           	06C0	0000	12

./spi.h estimated size: 25

shared
		__stringtab    		STRING         	0003	0000	16
		__initialization		CODE           	07FC	0000	1

shared estimated size: 17

main.c
		_radio_transmit_single		CODE           	06EF	0000	24
		_radio_spi_command_array		CODE           	07BD	0000	63
		_radio_reciever_start		CODE           	072E	0000	43
		_main          		CODE           	0788	0000	53
		_radio_transmitter_start		CODE           	0759	0000	47
		_radio_spi_command_single		CODE           	06DB	0000	20
		_radio_has_recieved_packet		CODE           	0707	0000	39
		_radio_get_packets		CODE           	06CC	0000	15

main.c estimated size: 304

