Microchip MPLAB XC8 Compiler V2.40

Linker command line:

-W-3 \
  --edf=C:\Program Files\Microchip\xc8\v2.40\pic\dat\20220703182018_en.msgs \
  -cn -h+dist/default/production\Chokolade.X.production.sym \
  --cmf=dist/default/production\Chokolade.X.production.cmf -z -Q16F877A \
  -oC:\Users\marti\AppData\Local\Temp\xcAs6jg.4 --fixupoverflow=error \
  -Mdist/default/production/Chokolade.X.production.map \
  --md=C:\Users\marti\AppData\Local\Temp\xcAs6jg.dat -E1 -ver=XC8 Compiler \
  --acfsm=1493 -ACODE=00h-07FFhx4 -ASTRCODE=00h-01FFFh -ASTRING=00h-0FFhx32 \
  -ACONST=00h-0FFhx32 -AENTRY=00h-0FFhx32 -ACOMMON=070h-07Fh \
  -ABANK0=020h-06Fh -ABANK1=0A0h-0EFh -ABANK2=0110h-016Fh \
  -ABANK3=0190h-01EFh -ARAM=020h-06Fh,0A0h-0EFh,0110h-016Fh,0190h-01EFh \
  -AABS1=020h-07Fh,0A0h-0EFh,0110h-016Fh,0190h-01EFh -ASFR0=00h-01Fh \
  -ASFR1=080h-09Fh -ASFR2=0100h-010Fh -ASFR3=0180h-018Fh \
  -ACONFIG=02007h-02007h -DCONFIG=2 -AIDLOC=02000h-02003h -DIDLOC=2 \
  -AEEDATA=00h-0FFh/02100h -peeprom_data=EEDATA -DEEDATA=2 -DCODE=2 \
  -DSTRCODE=2 -DSTRING=2 -DCONST=2 -DENTRY=2 \
  -preset_vec=00h,intentry,init,end_init -ppowerup=CODE -pcinit=CODE \
  -pfunctab=ENTRY -k C:\Users\marti\AppData\Local\Temp\xcAs6jg.o \
  dist/default/production\Chokolade.X.production.o 

Object code version is 3.11

Machine type is 16F877A



                Name                               Link     Load   Length Selector   Space Scale
C:\Users\marti\AppData\Local\Temp\xcAs6jg.o
                end_init                              0        0        3        0       0
                config                             2007     2007        1        0       4
dist/default/production\Chokolade.X.production.o
                cinit                               7FC      7FC        4      FF8       0
                config                             2007     2007        1        0       4
                text11                              518      518       22      A30       0
                text10                              4DD      4DD       1A      9BA       0
                text9                               4D0      4D0        D      9A0       0
                text8                               653      653       5B      CA6       0
                text7                               4F7      4F7       21      9EE       0
                text6                               5B8      5B8       46      B70       0
                text5                               5FE      5FE       55      BFC       0
                text4                               4CF      4CF        1      99E       0
                text3                               574      574       44      AE8       0
                text2                               53A      53A       3A      A74       0
                text1                               722      722       DA      E44       0
                maintext                            6AE      6AE       74      D5C       0
                cstackBANK0                          20       20       1C       20       1
                cstackCOMMON                         70       70        E       70       1
                strings                               3        3       17        6       0

TOTAL           Name                               Link     Load   Length     Space
        CLASS   CODE           
                end_init                              0        0        3         0
                cinit                               7FC      7FC        4         0
                text11                              518      518       22         0
                text10                              4DD      4DD       1A         0
                text9                               4D0      4D0        D         0
                text8                               653      653       5B         0
                text7                               4F7      4F7       21         0
                text6                               5B8      5B8       46         0
                text5                               5FE      5FE       55         0
                text4                               4CF      4CF        1         0
                text3                               574      574       44         0
                text2                               53A      53A       3A         0
                text1                               722      722       DA         0
                maintext                            6AE      6AE       74         0

        CLASS   STRCODE        

        CLASS   STRING         
                strings                               3        3       17         0

        CLASS   CONST          

        CLASS   ENTRY          

        CLASS   COMMON         
                cstackCOMMON                         70       70        E         1

        CLASS   BANK0          
                cstackBANK0                          20       20       1C         1

        CLASS   BANK1          

        CLASS   BANK2          

        CLASS   BANK3          

        CLASS   RAM            

        CLASS   ABS1           
                abs_s1                               7E       7E        2         1

        CLASS   SFR0           

        CLASS   SFR1           

        CLASS   SFR2           

        CLASS   SFR3           

        CLASS   CONFIG         
                config                             2007     2007        1         4

        CLASS   IDLOC          

        CLASS   EEDATA         

        CLASS   STACK          



SEGMENTS        Name                           Load    Length   Top    Selector   Space  Class     Delta

                reset_vec                      000000  000003  000003         0       0  CODE        2
                strings                        000003  000017  00001A         6       0  STRING      2
                cstackBANK0                    000020  00001C  00003C        20       1  BANK0       1
                cstackCOMMON                   000070  00000E  00007E        70       1  COMMON      1
                text4                          0004CF  000001  0004D0       99E       0  CODE        2
                text9                          0004D0  00000D  0004DD       9A0       0  CODE        2
                text10                         0004DD  00001A  0004F7       9BA       0  CODE        2
                text7                          0004F7  000021  000518       9EE       0  CODE        2
                text11                         000518  000022  00053A       A30       0  CODE        2
                text2                          00053A  00003A  000574       A74       0  CODE        2
                text3                          000574  000044  0005B8       AE8       0  CODE        2
                text6                          0005B8  000046  0005FE       B70       0  CODE        2
                text5                          0005FE  000055  000653       BFC       0  CODE        2
                text8                          000653  00005B  0006AE       CA6       0  CODE        2
                maintext                       0006AE  000074  000722       D5C       0  CODE        2
                text1                          000722  0000DA  0007FC       E44       0  CODE        2
                cinit                          0007FC  000004  000800       FF8       0  CODE        2


UNUSED ADDRESS RANGES

        Name                Unused          Largest block    Delta
        BANK0            003C-006F             34           1
        BANK1            00A0-00EF             50           1
        BANK2            0110-016F             60           1
        BANK3            0190-01EF             60           1
        CODE             001A-04CE            4B5           2
                         0800-1FFF            800
        CONST            001A-04CE            100           2
                         0800-1FFF            100
        EEDATA           2100-21FF            100           2
        ENTRY            001A-04CE            100           2
                         0800-1FFF            100
        IDLOC            2000-2003              4           2
        RAM              003C-006F             34           1
                         00A0-00EF             50
                         0110-016F             60
                         0190-01EF             60
        SFR0             0000-001F             20           1
        SFR1             0080-009F             20           1
        SFR2             0100-010F             10           1
        SFR3             0180-018F             10           1
        STRCODE          001A-04CE            4B5           2
                         0800-1FFF           1800
        STRING           001A-04CE            100           2
                         0800-1FFF            100

                                  Symbol Table

?___lwdiv                   cstackCOMMON 0070
?___lwmod                   cstackCOMMON 0078
?_sprintf                   cstackBANK0  0020
Lcd_Cmd@a                   cstackCOMMON 0073
Lcd_Print_Char@Lower_Nibble cstackCOMMON 0072
Lcd_Print_Char@Upper_Nibble cstackCOMMON 0073
Lcd_Print_Char@data         cstackCOMMON 0074
Lcd_Print_Char@i            cstackCOMMON 0075
Lcd_Print_Char@i_143        cstackCOMMON 0077
Lcd_Print_String@a          cstackCOMMON 007C
Lcd_Print_String@i          cstackCOMMON 007A
Lcd_SetBit@data_bit         cstackCOMMON 0070
Lcd_Set_Cursor@a            cstackCOMMON 0076
Lcd_Set_Cursor@b            cstackCOMMON 0074
Lcd_Set_Cursor@temp         cstackCOMMON 0079
Lcd_Set_Cursor@y            cstackCOMMON 0078
Lcd_Set_Cursor@z            cstackCOMMON 0077
_ADCON0                     (abs)        001F
_ADCON0bits                 (abs)        001F
_ADCON1bits                 (abs)        009F
_ADRESH                     (abs)        001E
_ADRESL                     (abs)        009E
_CMCON                      (abs)        009C
_Lcd_Clear                  text9        04D0
_Lcd_Cmd                    text10       04DD
_Lcd_Print_Char             text8        0653
_Lcd_Print_String           text7        04F7
_Lcd_SetBit                 text11       0518
_Lcd_Set_Cursor             text6        05B8
_Lcd_Start                  text5        05FE
_OPTION_REG                 (abs)        0081
_RD4                        (abs)        0044
_RD5                        (abs)        0045
_RD6                        (abs)        0046
_RD7                        (abs)        0047
_RE0                        (abs)        0048
_RE1                        (abs)        0049
_TRISA                      (abs)        0085
_TRISD                      (abs)        0088
_TRISE                      (abs)        0089
__Habs1                     abs1         0000
__Hbank0                    bank0        0000
__Hbank1                    bank1        0000
__Hbank2                    bank2        0000
__Hbank3                    bank3        0000
__Hcinit                    cinit        0800
__Hclrtext                  clrtext      0000
__Hcode                     code         0000
__Hcommon                   common       0000
__Hconfig                   config       2008
__HcstackBANK0              cstackBANK0  0000
__HcstackCOMMON             cstackCOMMON 0000
__Heeprom_data              eeprom_data  0000
__Hend_init                 end_init     0003
__Hfunctab                  functab      0000
__Hinit                     init         0000
__Hintentry                 intentry     0000
__Hmaintext                 maintext     0000
__Hpowerup                  powerup      0000
__Hram                      ram          0000
__Hreset_vec                reset_vec    0000
__Hsfr0                     sfr0         0000
__Hsfr1                     sfr1         0000
__Hsfr2                     sfr2         0000
__Hsfr3                     sfr3         0000
__Hspace_0                  (abs)        0800
__Hspace_1                  (abs)        007E
__Hspace_2                  (abs)        0000
__Hspace_3                  (abs)        0000
__Hspace_4                  (abs)        400F
__Hstack                    stack        0000
__Hstrings                  strings      0000
__Htext                     text         0000
__Labs1                     abs1         0000
__Lbank0                    bank0        0000
__Lbank1                    bank1        0000
__Lbank2                    bank2        0000
__Lbank3                    bank3        0000
__Lcinit                    cinit        07FC
__Lclrtext                  clrtext      0000
__Lcode                     code         0000
__Lcommon                   common       0000
__Lconfig                   config       0000
__LcstackBANK0              cstackBANK0  0000
__LcstackCOMMON             cstackCOMMON 0000
__Leeprom_data              eeprom_data  0000
__Lend_init                 end_init     0000
__Lfunctab                  functab      0000
__Linit                     init         0000
__Lintentry                 intentry     0000
__Lmaintext                 maintext     0000
__Lpowerup                  powerup      0000
__Lram                      ram          0000
__Lreset_vec                reset_vec    0000
__Lsfr0                     sfr0         0000
__Lsfr1                     sfr1         0000
__Lsfr2                     sfr2         0000
__Lsfr3                     sfr3         0000
__Lspace_0                  (abs)        0000
__Lspace_1                  (abs)        0000
__Lspace_2                  (abs)        0000
__Lspace_3                  (abs)        0000
__Lspace_4                  (abs)        0000
__Lstack                    stack        0000
__Lstrings                  strings      0000
__Ltext                     text         0000
__S0                        (abs)        0800
__S1                        (abs)        007E
__S3                        (abs)        0000
___int_sp                   stack        0000
___latbits                  (abs)        0002
___lwdiv                    text3        0574
___lwdiv@counter            cstackCOMMON 0077
___lwdiv@dividend           cstackCOMMON 0072
___lwdiv@divisor            cstackCOMMON 0070
___lwdiv@quotient           cstackCOMMON 0075
___lwmod                    text2        053A
___lwmod@counter            cstackCOMMON 007D
___lwmod@dividend           cstackCOMMON 007A
___lwmod@divisor            cstackCOMMON 0078
___sp                       stack        0000
___stackhi                  (abs)        0000
___stacklo                  (abs)        0000
__end_of_Lcd_Clear          text9        04DD
__end_of_Lcd_Cmd            text10       04F7
__end_of_Lcd_Print_Char     text8        06AE
__end_of_Lcd_Print_String   text7        0518
__end_of_Lcd_SetBit         text11       053A
__end_of_Lcd_Set_Cursor     text6        05FE
__end_of_Lcd_Start          text5        0653
__end_of___lwdiv            text3        05B8
__end_of___lwmod            text2        0574
__end_of__initialization    cinit        07FC
__end_of__stringtab         strings      0009
__end_of_dpowers            strings      0013
__end_of_main               maintext     0722
__end_of_setup              text4        04D0
__end_of_sprintf            text1        07FC
__initialization            cinit        07FC
__pcstackBANK0              cstackBANK0  0020
__pcstackCOMMON             cstackCOMMON 0070
__pmaintext                 maintext     06AE
__pstrings                  strings      0003
__ptext1                    text1        0722
__ptext10                   text10       04DD
__ptext11                   text11       0518
__ptext2                    text2        053A
__ptext3                    text3        0574
__ptext4                    text4        04CF
__ptext5                    text5        05FE
__ptext6                    text6        05B8
__ptext7                    text7        04F7
__ptext8                    text8        0653
__ptext9                    text9        04D0
__stringbase                strings      0008
__stringtab                 strings      0003
_dpowers                    strings      0009
_main                       maintext     06AE
_setup                      text4        04CF
_sprintf                    text1        0722
btemp                       (abs)        007E
end_of_initialization       cinit        07FC
intlevel0                   functab      0000
intlevel1                   functab      0000
intlevel2                   functab      0000
intlevel3                   functab      0000
intlevel4                   functab      0000
intlevel5                   functab      0000
main@result                 cstackBANK0  003A
main@txt                    cstackBANK0  0030
reset_vec                   reset_vec    0000
sprintf@ap                  cstackBANK0  0026
sprintf@c                   cstackBANK0  002C
sprintf@f                   cstackBANK0  0020
sprintf@flag                cstackBANK0  0027
sprintf@prec                cstackBANK0  0028
sprintf@sp                  cstackBANK0  002B
sprintf@val                 cstackBANK0  0029
start                       init         0000
start_initialization        cinit        07FC
wtemp0                      (abs)        007E


MODULE INFORMATION

Module		Function		Class		Link	Load	Size
C:\Program Files\Microchip\xc8\v2.40\pic\sources\c90\common\doprnt.c
		_sprintf       		CODE           	0722	0000	218

C:\Program Files\Microchip\xc8\v2.40\pic\sources\c90\common\doprnt.c estimated size: 218

./lcdt.h
		_Lcd_Cmd       		CODE           	04DD	0000	26
		_Lcd_SetBit    		CODE           	0518	0000	34
		_Lcd_Start     		CODE           	05FE	0000	85
		_Lcd_Set_Cursor		CODE           	05B8	0000	70
		_Lcd_Clear     		CODE           	04D0	0000	13
		_setup         		CODE           	04CF	0000	1
		_Lcd_Print_String		CODE           	04F7	0000	33
		_Lcd_Print_Char		CODE           	0653	0000	91

./lcdt.h estimated size: 353

C:\Program Files\Microchip\xc8\v2.40\pic\sources\c90\common\lwmod.c
		___lwmod       		CODE           	053A	0000	58

C:\Program Files\Microchip\xc8\v2.40\pic\sources\c90\common\lwmod.c estimated size: 58

shared
		__stringtab    		STRING         	0003	0000	6
		_dpowers       		STRING         	0009	0000	10
		__initialization		CODE           	07FC	0000	1

shared estimated size: 17

main.c
		_main          		CODE           	06AE	0000	116

main.c estimated size: 116

C:\Program Files\Microchip\xc8\v2.40\pic\sources\c90\common\lwdiv.c
		___lwdiv       		CODE           	0574	0000	68

C:\Program Files\Microchip\xc8\v2.40\pic\sources\c90\common\lwdiv.c estimated size: 68

