Microchip MPLAB XC8 Compiler V2.40

Linker command line:

-W-3 \
  --edf=C:\Program Files\Microchip\xc8\v2.40\pic\dat\20220703182018_en.msgs \
  -cn -h+dist/default/production\i2c_to_spi.X.production.sym \
  --cmf=dist/default/production\i2c_to_spi.X.production.cmf -z -Q12F675 \
  -oC:\Users\marti\AppData\Local\Temp\xcAs9fk.4 --fixupoverflow=error \
  -Mdist/default/production/i2c_to_spi.X.production.map \
  --md=C:\Users\marti\AppData\Local\Temp\xcAs9fk.dat -E1 -ver=XC8 Compiler \
  --acfsm=1493 -ACODE=00h-03FEh -ASTRCODE=00h-03FEh \
  -ASTRING=00h-0FFhx3,0300h-03FEh -ACONST=00h-0FFhx3,0300h-03FEh \
  -AENTRY=00h-0FFhx3,0300h-03FEh -ABANK0=020h-05Dh -ARAM=020h-05Dh \
  -AABS1=020h-05Fh -ACOMMON=05Eh-05Fh -ASFR0=00h-01Fh -ASFR1=080h-0DDh \
  -ACONFIG=02007h-02007h -DCONFIG=2 -AIDLOC=02000h-02003h -DIDLOC=2 \
  -AEEDATA=00h-07Fh/02100h -peeprom_data=EEDATA -DEEDATA=2 -DCODE=2 \
  -DSTRCODE=2 -DSTRING=2 -DCONST=2 -DENTRY=2 \
  -preset_vec=00h,intentry=04h,init,end_init -ppowerup=CODE -pcinit=CODE \
  -pfunctab=ENTRY -posccal=03FFh -k \
  C:\Users\marti\AppData\Local\Temp\xcAs9fk.o \
  dist/default/production\i2c_to_spi.X.production.o 

Object code version is 3.11

Machine type is 12F675



                Name                               Link     Load   Length Selector   Space Scale
C:\Users\marti\AppData\Local\Temp\xcAs9fk.o
                end_init                              B        B        1        8       0
                reset_vec                             0        0        1        0       0
                config                             2007     2007        1        0       4
dist/default/production\i2c_to_spi.X.production.o
                cinit                                 C        C        2        8       0
                intentry                              4        4        7        8       0
                config                             2007     2007        1        0       4
                text5                                 E        E       2B        8       0
                text4                                5F       5F       23        8       0
                text3                                39       39       26        8       0
                text2                                82       82       17        8       0
                text1                                AA       AA        8        8       0
                maintext                             99       99       11        8       0
                cstackBANK0                          20       20        8       20       1

TOTAL           Name                               Link     Load   Length     Space
        CLASS   CODE           
                end_init                              B        B        1         0
                cinit                                 C        C        2         0
                intentry                              4        4        7         0
                reset_vec                             0        0        1         0
                text5                                 E        E       2B         0
                text4                                5F       5F       23         0
                text3                                39       39       26         0
                text2                                82       82       17         0
                text1                                AA       AA        8         0
                maintext                             99       99       11         0

        CLASS   STRCODE        

        CLASS   STRING         

        CLASS   CONST          

        CLASS   ENTRY          

        CLASS   BANK0          
                cstackBANK0                          20       20        8         1

        CLASS   RAM            

        CLASS   ABS1           
                abs_s1                               5E       5E        2         1

        CLASS   COMMON         

        CLASS   SFR0           

        CLASS   SFR1           

        CLASS   CONFIG         
                config                             2007     2007        1         4

        CLASS   IDLOC          

        CLASS   EEDATA         

        CLASS   BANK1          

        CLASS   STACK          



SEGMENTS        Name                           Load    Length   Top    Selector   Space  Class     Delta

                reset_vec                      000000  000001  000001         0       0  CODE        2
                intentry                       000004  0000AE  0000B2         8       0  CODE        2
                cstackBANK0                    000020  000008  000028        20       1  BANK0       1


UNUSED ADDRESS RANGES

        Name                Unused          Largest block    Delta
        BANK0            0028-005D             36           1
        CODE             0001-0003              3           2
                         00B2-03FE            34D
        CONST            0001-0003              3           2
                         00B2-03FE            100
        EEDATA           2100-217F             80           2
        ENTRY            0001-0003              3           2
                         00B2-03FE            100
        IDLOC            2000-2003              4           2
        RAM              0028-005D             36           1
        SFR0             0000-001F             20           1
        SFR1             0080-00DD             5E           1
        STRCODE          0001-0003              3           2
                         00B2-03FE            34D
        STRING           0001-0003              3           2
                         00B2-03FE            100

                                  Symbol Table

I2C_Read@ack             cstackBANK0  0021
I2C_Read@data            cstackBANK0  0022
I2C_Read@i               cstackBANK0  0023
I2C_Write@data           cstackBANK0  0021
I2C_Write@i              cstackBANK0  0022
ISR@data                 cstackBANK0  0026
ISR@resp                 cstackBANK0  0027
SPI_write@data           cstackBANK0  0021
SPI_write@i              cstackBANK0  0023
SPI_write@read           cstackBANK0  0022
_ADCON0                  (abs)        001F
_ANSEL                   (abs)        009F
_CMCON                   (abs)        0019
_GPIO                    (abs)        0005
_GPIO0                   (abs)        0028
_GPIO1                   (abs)        0029
_GPIO2                   (abs)        002A
_GPIO3                   (abs)        002B
_GPIO4                   (abs)        002C
_I2C_Read                text5        000E
_I2C_Write               text4        005F
_INTCONbits              (abs)        000B
_ISR                     text2        0082
_OPTION_REGbits          (abs)        0081
_SPI_init_master         text1        00AA
_SPI_write               text3        0039
_TRISIO                  (abs)        0085
_TRISIO0                 (abs)        0428
_TRISIO1                 (abs)        0429
_TRISIO2                 (abs)        042A
_TRISIO3                 (abs)        042B
_TRISIO4                 (abs)        042C
_VRCON                   (abs)        0099
__Habs1                  abs1         07FE
__Hbank0                 bank0        07FE
__Hbank1                 bank1        07FE
__Hcinit                 cinit        000E
__Hclrtext               clrtext      07FE
__Hcode                  code         07FE
__Hcommon                common       07FE
__Hconfig                config       2008
__HcstackBANK0           cstackBANK0  07FE
__HcstackCOMMON          cstackCOMMON 07FE
__Heeprom_data           eeprom_data  0000
__Hend_init              end_init     000C
__Hfunctab               functab      0000
__Hinit                  init         000B
__Hintentry              intentry     000B
__Hmaintext              maintext     07FE
__Hosccal                osccal       03FF
__Hpowerup               powerup      0000
__Hram                   ram          07FE
__Hreset_vec             reset_vec    0001
__Hsfr0                  sfr0         07FE
__Hsfr1                  sfr1         07FE
__Hspace_0               (abs)        07FE
__Hspace_1               (abs)        07FE
__Hspace_2               (abs)        07FE
__Hspace_3               (abs)        0000
__Hspace_4               (abs)        400F
__Hstack                 stack        07FE
__Hstrings               strings      07FE
__Htext                  text         07FE
__Labs1                  abs1         07FE
__Lbank0                 bank0        07FE
__Lbank1                 bank1        07FE
__Lcinit                 cinit        000C
__Lclrtext               clrtext      07FE
__Lcode                  code         07FE
__Lcommon                common       07FE
__Lconfig                config       0000
__LcstackBANK0           cstackBANK0  07FE
__LcstackCOMMON          cstackCOMMON 07FE
__Leeprom_data           eeprom_data  0000
__Lend_init              end_init     000B
__Lfunctab               functab      0000
__Linit                  init         000B
__Lintentry              intentry     0004
__Lmaintext              maintext     07FE
__Losccal                osccal       03FF
__Lpowerup               powerup      0000
__Lram                   ram          07FE
__Lreset_vec             reset_vec    0000
__Lsfr0                  sfr0         07FE
__Lsfr1                  sfr1         07FE
__Lspace_0               (abs)        0000
__Lspace_1               (abs)        0000
__Lspace_2               (abs)        0000
__Lspace_3               (abs)        0000
__Lspace_4               (abs)        0000
__Lstack                 stack        07FE
__Lstrings               strings      07FE
__Ltext                  text         07FE
__S0                     (abs)        00B2
__S1                     (abs)        0028
__S3                     (abs)        0000
___int_sp                stack        07FE
___latbits               (abs)        0000
___osccal_val            osccal       03FF
___sp                    stack        07FE
___stackhi               (abs)        0000
___stacklo               (abs)        0000
__end_of_I2C_Read        text5        0039
__end_of_I2C_Write       text4        0082
__end_of_ISR             text2        0099
__end_of_SPI_init_master text1        00B2
__end_of_SPI_write       text3        005F
__end_of__initialization cinit        000C
__end_of_main            maintext     00AA
__initialization         cinit        000C
__pcstackBANK0           cstackBANK0  0020
__pcstackCOMMON          cstackCOMMON 0000
__pintentry              intentry     0004
__pmaintext              maintext     0099
__ptext1                 text1        00AA
__ptext2                 text2        0082
__ptext3                 text3        0039
__ptext4                 text4        005F
__ptext5                 text5        000E
_main                    maintext     0099
btemp                    (abs)        005E
end_of_initialization    cinit        000C
interrupt_function       intentry     0004
intlevel0                functab      0000
intlevel1                functab      0000
intlevel2                functab      0000
intlevel3                functab      0000
intlevel4                functab      0000
intlevel5                functab      0000
reset_vec                reset_vec    0000
saved_w                  (abs)        005E
start                    init         000B
start_initialization     cinit        000C
wtemp0                   (abs)        005E


MODULE INFORMATION

Module		Function		Class		Link	Load	Size
./softwarei2c.h
		_I2C_Write     		CODE           	005F	0000	35
		_I2C_Read      		CODE           	000E	0000	43

./softwarei2c.h estimated size: 78

shared
		__initialization		CODE           	000C	0000	1

shared estimated size: 1

./softwarespi.h
		_SPI_init_master		CODE           	00AA	0000	8
		_SPI_write     		CODE           	0039	0000	38

./softwarespi.h estimated size: 46

main.c
		_ISR           		CODE           	0082	0000	23
		_main          		CODE           	0099	0000	17

main.c estimated size: 40

