Microchip MPLAB XC8 Compiler V2.40

Linker command line:

-W-3 \
  --edf=C:\Program Files\Microchip\xc8\v2.40\pic\dat\20220703182018_en.msgs \
  -cn -h+dist/default/production\HexPad_-_buzzer.X.production.sym \
  --cmf=dist/default/production\HexPad_-_buzzer.X.production.cmf -z \
  -Q16F684 -oC:\Users\marti\AppData\Local\Temp\xcAs7kk.5 \
  --fixupoverflow=error \
  -Mdist/default/production/HexPad_-_buzzer.X.production.map \
  --md=C:\Users\marti\AppData\Local\Temp\xcAs7kk.dat -E1 -ver=XC8 Compiler \
  --acfsm=1493 -ACODE=00h-07FFh -ASTRCODE=00h-07FFh -ASTRING=00h-0FFhx8 \
  -ACONST=00h-0FFhx8 -AENTRY=00h-0FFhx8 -ACOMMON=070h-07Fh \
  -ABANK0=020h-06Fh -ABANK1=0A0h-0BFh -ARAM=020h-06Fh,0A0h-0BFh \
  -AABS1=020h-07Fh,0A0h-0BFh -ASFR0=00h-01Fh -ASFR1=080h-09Fh \
  -ACONFIG=02007h-02007h -DCONFIG=2 -AIDLOC=02000h-02003h -DIDLOC=2 \
  -AEEDATA=00h-0FFh/02100h -peeprom_data=EEDATA -DEEDATA=2 -DCODE=2 \
  -DSTRCODE=2 -DSTRING=2 -DCONST=2 -DENTRY=2 \
  -preset_vec=00h,intentry,init,end_init -ppowerup=CODE -pcinit=CODE \
  -pfunctab=ENTRY -k C:\Users\marti\AppData\Local\Temp\xcAs7kk.o \
  dist/default/production\HexPad_-_buzzer.X.production.o 

Object code version is 3.11

Machine type is 16F684



                Name                               Link     Load   Length Selector   Space Scale
C:\Users\marti\AppData\Local\Temp\xcAs7kk.o
                end_init                              0        0        1        0       0
                config                             2007     2007        1        0       4
dist/default/production\HexPad_-_buzzer.X.production.o
                cinit                               7E2      7E2       1E      FC4       0
                eeprom_data                           0     2100        8     4200       3
                config                             2007     2007        1        0       4
                text16                              56F      56F       24      ADE       0
                text15                              4E1      4E1       15      9C2       0
                text14                              6E8      6E8       40      DD0       0
                text13                              50B      50B       16      A16       0
                text12                              60A      60A       2D      C14       0
                text11                              728      728       BA      E50       0
                text10                              5B8      5B8       29      B70       0
                text9                               4F6      4F6       15      9EC       0
                text8                               66F      66F       3A      CDE       0
                text7                               4D1      4D1       10      9A2       0
                text6                               521      521       18      A42       0
                text5                               552      552       1D      AA4       0
                text4                               593      593       25      B26       0
                text3                               539      539       19      A72       0
                text2                               6A9      6A9       3F      D52       0
                text1                               5E1      5E1       29      BC2       0
                maintext                            637      637       38      C6E       0
                cstackBANK0                          20       20        F       20       1
                cstackCOMMON                         70       70        C       70       1
                dataBANK0                            2F       2F        C       20       1
                bssBANK0                             3B       3B        4       20       1
                idataBANK0                          4C5      4C5        C      98A       0

TOTAL           Name                               Link     Load   Length     Space
        CLASS   CODE           
                end_init                              0        0        1         0
                cinit                               7E2      7E2       1E         0
                text16                              56F      56F       24         0
                text15                              4E1      4E1       15         0
                text14                              6E8      6E8       40         0
                text13                              50B      50B       16         0
                text12                              60A      60A       2D         0
                text11                              728      728       BA         0
                text10                              5B8      5B8       29         0
                text9                               4F6      4F6       15         0
                text8                               66F      66F       3A         0
                text7                               4D1      4D1       10         0
                text6                               521      521       18         0
                text5                               552      552       1D         0
                text4                               593      593       25         0
                text3                               539      539       19         0
                text2                               6A9      6A9       3F         0
                text1                               5E1      5E1       29         0
                maintext                            637      637       38         0
                idataBANK0                          4C5      4C5        C         0

        CLASS   STRCODE        

        CLASS   STRING         

        CLASS   CONST          

        CLASS   ENTRY          

        CLASS   COMMON         
                cstackCOMMON                         70       70        C         1

        CLASS   BANK0          
                cstackBANK0                          20       20        F         1
                dataBANK0                            2F       2F        C         1
                bssBANK0                             3B       3B        4         1

        CLASS   BANK1          

        CLASS   RAM            

        CLASS   ABS1           
                abs_s1                               7E       7E        2         1

        CLASS   SFR0           

        CLASS   SFR1           

        CLASS   CONFIG         
                config                             2007     2007        1         4

        CLASS   IDLOC          

        CLASS   EEDATA         
                eeprom_data                           0     2100        8         3

        CLASS   STACK          



SEGMENTS        Name                           Load    Length   Top    Selector   Space  Class     Delta

                reset_vec                      000000  000001  000001         0       0  CODE        2
                cstackBANK0                    000020  00001F  00003F        20       1  BANK0       1
                cstackCOMMON                   000070  00000C  00007C        70       1  COMMON      1
                idataBANK0                     0004C5  00000C  0004D1       98A       0  CODE        2
                text7                          0004D1  000010  0004E1       9A2       0  CODE        2
                text15                         0004E1  000015  0004F6       9C2       0  CODE        2
                text9                          0004F6  000015  00050B       9EC       0  CODE        2
                text13                         00050B  000016  000521       A16       0  CODE        2
                text6                          000521  000018  000539       A42       0  CODE        2
                text3                          000539  000019  000552       A72       0  CODE        2
                text5                          000552  00001D  00056F       AA4       0  CODE        2
                text16                         00056F  000024  000593       ADE       0  CODE        2
                text4                          000593  000025  0005B8       B26       0  CODE        2
                text10                         0005B8  000029  0005E1       B70       0  CODE        2
                text1                          0005E1  000029  00060A       BC2       0  CODE        2
                text12                         00060A  00002D  000637       C14       0  CODE        2
                maintext                       000637  000038  00066F       C6E       0  CODE        2
                text8                          00066F  00003A  0006A9       CDE       0  CODE        2
                text2                          0006A9  00003F  0006E8       D52       0  CODE        2
                text14                         0006E8  000040  000728       DD0       0  CODE        2
                text11                         000728  0000BA  0007E2       E50       0  CODE        2
                cinit                          0007E2  00001E  000800       FC4       0  CODE        2
                eeprom_data                    002100  000008  002108      4200       3  EEDATA      2


UNUSED ADDRESS RANGES

        Name                Unused          Largest block    Delta
        BANK0            003F-006F             31           1
        BANK1            00A0-00BF             20           1
        CODE             0001-04C4            4C4           2
        COMMON           007C-007D              2           1
        CONST            0001-04C4            100           2
        EEDATA           2108-21FF             F8           2
        ENTRY            0001-04C4            100           2
        IDLOC            2000-2003              4           2
        RAM              003F-006F             31           1
                         00A0-00BF             20
        SFR0             0000-001F             20           1
        SFR1             0080-009F             20           1
        STRCODE          0001-04C4            4C4           2
        STRING           0001-04C4            100           2

                                  Symbol Table

_ANSEL                          (abs)        0091
_CCP1CON                        (abs)        0015
_CCPR1L                         (abs)        0013
_CMCON0bits                     (abs)        0019
_EEADR                          (abs)        009B
_EECON1                         (abs)        009C
_EECON1bits                     (abs)        009C
_EECON2                         (abs)        009D
_EEDATA                         (abs)        009A
_INTCONbits                     (abs)        000B
_PIE1bits                       (abs)        008C
_PR2                            (abs)        0092
_RA0                            (abs)        0028
_RA1                            (abs)        0029
_RA2                            (abs)        002A
_RA3                            (abs)        002B
_RC0                            (abs)        0038
_RC1                            (abs)        0039
_RC2                            (abs)        003A
_STATUSbits                     (abs)        0003
_T2CON                          (abs)        0012
_TRISA                          (abs)        0085
_TRISA0                         (abs)        0428
_TRISA1                         (abs)        0429
_TRISA2                         (abs)        042A
_TRISA3                         (abs)        042B
_TRISC                          (abs)        0087
_TRISC0                         (abs)        0438
_TRISC1                         (abs)        0439
_TRISC2                         (abs)        043A
__Beeprom_data                  eeprom_data  2100
__Habs1                         abs1         0000
__Hbank0                        bank0        0000
__Hbank1                        bank1        0000
__HbssBANK0                     bssBANK0     0000
__Hcinit                        cinit        0800
__Hclrtext                      clrtext      0000
__Hcode                         code         0000
__Hcommon                       common       0000
__Hconfig                       config       2008
__HcstackBANK0                  cstackBANK0  0000
__HcstackCOMMON                 cstackCOMMON 0000
__HdataBANK0                    dataBANK0    0000
__Heeprom_data                  eeprom_data  0008
__Hend_init                     end_init     0001
__Hfunctab                      functab      0000
__HidataBANK0                   idataBANK0   0000
__Hinit                         init         0000
__Hintentry                     intentry     0000
__Hmaintext                     maintext     0000
__Hpowerup                      powerup      0000
__Hram                          ram          0000
__Hreset_vec                    reset_vec    0000
__Hsfr0                         sfr0         0000
__Hsfr1                         sfr1         0000
__Hspace_0                      (abs)        0800
__Hspace_1                      (abs)        007C
__Hspace_2                      (abs)        0000
__Hspace_3                      (abs)        0008
__Hspace_4                      (abs)        400F
__Hstack                        stack        0000
__Hstrings                      strings      0000
__Htext                         text         0000
__Labs1                         abs1         0000
__Lbank0                        bank0        0000
__Lbank1                        bank1        0000
__LbssBANK0                     bssBANK0     0000
__Lcinit                        cinit        07E2
__Lclrtext                      clrtext      0000
__Lcode                         code         0000
__Lcommon                       common       0000
__Lconfig                       config       0000
__LcstackBANK0                  cstackBANK0  0000
__LcstackCOMMON                 cstackCOMMON 0000
__LdataBANK0                    dataBANK0    0000
__Leeprom_data                  eeprom_data  0000
__Lend_init                     end_init     0000
__Lfunctab                      functab      0000
__LidataBANK0                   idataBANK0   0000
__Linit                         init         0000
__Lintentry                     intentry     0000
__Lmaintext                     maintext     0000
__Lpowerup                      powerup      0000
__Lram                          ram          0000
__Lreset_vec                    reset_vec    0000
__Lsfr0                         sfr0         0000
__Lsfr1                         sfr1         0000
__Lspace_0                      (abs)        0000
__Lspace_1                      (abs)        0000
__Lspace_2                      (abs)        0000
__Lspace_3                      (abs)        0000
__Lspace_4                      (abs)        0000
__Lstack                        stack        0000
__Lstrings                      strings      0000
__Ltext                         text         0000
__S0                            (abs)        0800
__S1                            (abs)        007C
__S3                            (abs)        2108
___bmul                         text15       04E1
___bmul@multiplicand            cstackCOMMON 0070
___bmul@multiplier              cstackCOMMON 0073
___bmul@product                 cstackCOMMON 0072
___int_sp                       stack        0000
___latbits                      (abs)        0000
___sp                           stack        0000
___stackhi                      (abs)        0000
___stacklo                      (abs)        0000
__end_of___bmul                 text15       04F6
__end_of__initialization        cinit        07FE
__end_of_arrcpy                 text5        056F
__end_of_arrequal               text16       0593
__end_of_check_password         text8        06A9
__end_of_clear                  text14       0728
__end_of_eeprom_read            text7        04E1
__end_of_eeprom_read_arr        text6        0539
__end_of_eeprom_write           text4        05B8
__end_of_eeprom_write_arr       text3        0552
__end_of_get_key                text11       07E2
__end_of_main                   maintext     066F
__end_of_press                  text13       0521
__end_of_reset                  text12       0637
__end_of_set_password           text2        06E8
__end_of_set_password_sound     text1        060A
__end_of_success                text10       05E1
__end_of_wrong                  text9        050B
__initialization                cinit        07E2
__pbssBANK0                     bssBANK0     003B
__pcstackBANK0                  cstackBANK0  0020
__pcstackCOMMON                 cstackCOMMON 0070
__pdataBANK0                    dataBANK0    002F
__pidataBANK0                   idataBANK0   04C5
__pmaintext                     maintext     0637
__ptext1                        text1        05E1
__ptext10                       text10       05B8
__ptext11                       text11       0728
__ptext12                       text12       060A
__ptext13                       text13       050B
__ptext14                       text14       06E8
__ptext15                       text15       04E1
__ptext16                       text16       056F
__ptext2                        text2        06A9
__ptext3                        text3        0539
__ptext4                        text4        0593
__ptext5                        text5        0552
__ptext6                        text6        0521
__ptext7                        text7        04D1
__ptext8                        text8        066F
__ptext9                        text9        04F6
_arrcpy                         text5        0552
_arrequal                       text16       056F
_check_password                 text8        066F
_clear                          text14       06E8
_eeprom_read                    text7        04D1
_eeprom_read_arr                text6        0521
_eeprom_write                   text4        0593
_eeprom_write_arr               text3        0539
_get_key                        text11       0728
_hexkeys                        dataBANK0    002F
_main                           maintext     0637
_password                       bssBANK0     003B
_press                          text13       050B
_reset                          text12       060A
_set_password                   text2        06A9
_set_password_sound             text1        05E1
_success                        text10       05B8
_wrong                          text9        04F6
arrcpy@dest                     cstackCOMMON 0075
arrcpy@i                        cstackCOMMON 0076
arrcpy@size                     cstackCOMMON 0071
arrcpy@src                      cstackCOMMON 0070
arrequal@arr1                   cstackCOMMON 0075
arrequal@arr2                   cstackCOMMON 0070
arrequal@i                      cstackCOMMON 0076
arrequal@size                   cstackCOMMON 0071
btemp                           (abs)        007E
check_password@current_password cstackBANK0  0029
check_password@digit            cstackBANK0  002E
check_password@key              cstackBANK0  002D
eeprom_read@addr                cstackCOMMON 0071
eeprom_read_arr@adr             cstackCOMMON 0075
eeprom_read_arr@arr             cstackCOMMON 0072
eeprom_read_arr@i               cstackCOMMON 0076
eeprom_read_arr@size            cstackCOMMON 0073
eeprom_write@addr               cstackCOMMON 0072
eeprom_write@value              cstackCOMMON 0070
eeprom_write_arr@adr            cstackCOMMON 0076
eeprom_write_arr@arr            cstackCOMMON 0073
eeprom_write_arr@i              cstackCOMMON 0077
eeprom_write_arr@size           cstackCOMMON 0074
end_of_initialization           cinit        07FE
get_key@checkpos                cstackBANK0  0022
get_key@newpos                  cstackBANK0  0021
get_key@number                  cstackBANK0  0023
get_key@tpos                    cstackBANK0  0028
get_key@x1                      cstackBANK0  0024
get_key@x2                      cstackBANK0  0025
get_key@x3                      cstackBANK0  0026
get_key@xpos                    cstackBANK0  0020
get_key@ypos                    cstackBANK0  0027
intlevel0                       functab      0000
intlevel1                       functab      0000
intlevel2                       functab      0000
intlevel3                       functab      0000
intlevel4                       functab      0000
intlevel5                       functab      0000
reset_vec                       reset_vec    0000
set_password@digit              cstackBANK0  002E
set_password@key                cstackBANK0  002D
set_password@old_password       cstackBANK0  0029
start                           init         0000
start_initialization            cinit        07E2
wtemp0                          (abs)        007E


MODULE INFORMATION

Module		Function		Class		Link	Load	Size
C:\Program Files\Microchip\xc8\v2.40\pic\sources\c90\pic\__eeread.c
		_eeprom_read   		CODE           	04D1	0000	16

C:\Program Files\Microchip\xc8\v2.40\pic\sources\c90\pic\__eeread.c estimated size: 16

C:\Program Files\Microchip\xc8\v2.40\pic\sources\c90\common\Umul8.c
		___bmul        		CODE           	04E1	0000	21

C:\Program Files\Microchip\xc8\v2.40\pic\sources\c90\common\Umul8.c estimated size: 21

newmain.c
		_reset         		CODE           	060A	0000	45
		_eeprom_write_arr		CODE           	0539	0000	25
		_main          		CODE           	0637	0000	56
		_set_password  		CODE           	06A9	0000	63
		_eeprom_read_arr		CODE           	0521	0000	24
		_arrequal      		CODE           	056F	0000	36
		_success       		CODE           	05B8	0000	41
		_check_password		CODE           	066F	0000	58
		_press         		CODE           	050B	0000	22
		_clear         		CODE           	06E8	0000	64
		_wrong         		CODE           	04F6	0000	21
		_arrcpy        		CODE           	0552	0000	29
		_get_key       		CODE           	0728	0000	186
		_set_password_sound		CODE           	05E1	0000	41

newmain.c estimated size: 711

shared
		__initialization		CODE           	07E2	0000	28

shared estimated size: 28

C:\Program Files\Microchip\xc8\v2.40\pic\sources\c90\pic\__eewrite.c
		_eeprom_write  		CODE           	0593	0000	37

C:\Program Files\Microchip\xc8\v2.40\pic\sources\c90\pic\__eewrite.c estimated size: 37

