Microchip MPLAB XC8 Compiler V2.40

Linker command line:

-W-3 \
  --edf=C:\Program Files\Microchip\xc8\v2.40\pic\dat\20220703182018_en.msgs \
  -cn -h+dist/default/production\nrf24l01.X.production.sym \
  --cmf=dist/default/production\nrf24l01.X.production.cmf -z -Q16F877A \
  -oC:\Users\marti\AppData\Local\Temp\xcAsaag.4 --fixupoverflow=error \
  -Mdist/default/production/nrf24l01.X.production.map \
  --md=C:\Users\marti\AppData\Local\Temp\xcAsaag.dat -E1 -ver=XC8 Compiler \
  --acfsm=1493 -ACODE=00h-07FFhx4 -ASTRCODE=00h-01FFFh -ASTRING=00h-0FFhx32 \
  -ACONST=00h-0FFhx32 -AENTRY=00h-0FFhx32 -ACOMMON=070h-07Fh \
  -ABANK0=020h-06Fh -ABANK1=0A0h-0EFh -ABANK2=0110h-016Fh \
  -ABANK3=0190h-01EFh -ARAM=020h-06Fh,0A0h-0EFh,0110h-016Fh,0190h-01EFh \
  -AABS1=020h-07Fh,0A0h-0EFh,0110h-016Fh,0190h-01EFh -ASFR0=00h-01Fh \
  -ASFR1=080h-09Fh -ASFR2=0100h-010Fh -ASFR3=0180h-018Fh \
  -ACONFIG=02007h-02007h -DCONFIG=2 -AIDLOC=02000h-02003h -DIDLOC=2 \
  -AEEDATA=00h-0FFh/02100h -peeprom_data=EEDATA -DEEDATA=2 -DCODE=2 \
  -DSTRCODE=2 -DSTRING=2 -DCONST=2 -DENTRY=2 \
  -preset_vec=00h,intentry,init,end_init -ppowerup=CODE -pcinit=CODE \
  -pfunctab=ENTRY -k C:\Users\marti\AppData\Local\Temp\xcAsaag.o \
  dist/default/production\nrf24l01.X.production.o 

Object code version is 3.11

Machine type is 16F877A



                Name                               Link     Load   Length Selector   Space Scale
C:\Users\marti\AppData\Local\Temp\xcAsaag.o
                end_init                              0        0        3        0       0
                config                             2007     2007        1        0       4
dist/default/production\nrf24l01.X.production.o
                cinit                               7FC      7FC        4      FF8       0
                config                             2007     2007        1        0       4
                text4                               796      796        5      F2C       0
                text3                               79B      79B        9      F36       0
                text2                               792      792        4      F24       0
                text1                               7A4      7A4        C      F48       0
                maintext                            7B0      7B0       4C      F60       0
                cstackCOMMON                         70       70        4       70       1
                strings                               3        3       16        6       0

TOTAL           Name                               Link     Load   Length     Space
        CLASS   CODE           
                end_init                              0        0        3         0
                cinit                               7FC      7FC        4         0
                text4                               796      796        5         0
                text3                               79B      79B        9         0
                text2                               792      792        4         0
                text1                               7A4      7A4        C         0
                maintext                            7B0      7B0       4C         0

        CLASS   STRCODE        

        CLASS   STRING         
                strings                               3        3       16         0

        CLASS   CONST          

        CLASS   ENTRY          

        CLASS   COMMON         
                cstackCOMMON                         70       70        4         1

        CLASS   BANK0          

        CLASS   BANK1          

        CLASS   BANK2          

        CLASS   BANK3          

        CLASS   RAM            

        CLASS   ABS1           
                abs_s1                               7E       7E        2         1

        CLASS   SFR0           

        CLASS   SFR1           

        CLASS   SFR2           

        CLASS   SFR3           

        CLASS   CONFIG         
                config                             2007     2007        1         4

        CLASS   IDLOC          

        CLASS   EEDATA         

        CLASS   STACK          



SEGMENTS        Name                           Load    Length   Top    Selector   Space  Class     Delta

                reset_vec                      000000  000003  000003         0       0  CODE        2
                strings                        000003  000016  000019         6       0  STRING      2
                cstackCOMMON                   000070  000004  000074        70       1  COMMON      1
                text2                          000792  000004  000796       F24       0  CODE        2
                text4                          000796  000005  00079B       F2C       0  CODE        2
                text3                          00079B  000009  0007A4       F36       0  CODE        2
                text1                          0007A4  00000C  0007B0       F48       0  CODE        2
                maintext                       0007B0  00004C  0007FC       F60       0  CODE        2
                cinit                          0007FC  000004  000800       FF8       0  CODE        2


UNUSED ADDRESS RANGES

        Name                Unused          Largest block    Delta
        BANK0            0020-006F             50           1
        BANK1            00A0-00EF             50           1
        BANK2            0110-016F             60           1
        BANK3            0190-01EF             60           1
        CODE             0019-0791            779           2
                         0800-1FFF            800
        COMMON           0074-007D              A           1
        CONST            0019-0791            100           2
                         0800-1FFF            100
        EEDATA           2100-21FF            100           2
        ENTRY            0019-0791            100           2
                         0800-1FFF            100
        IDLOC            2000-2003              4           2
        RAM              0020-006F             50           1
                         00A0-00EF             50
                         0110-016F             60
                         0190-01EF             60
        SFR0             0000-001F             20           1
        SFR1             0080-009F             20           1
        SFR2             0100-010F             10           1
        SFR3             0180-018F             10           1
        STRCODE          0019-0791            779           2
                         0800-1FFF           1800
        STRING           0019-0791            100           2
                         0800-1FFF            100

                                  Symbol Table

SPI_write@write          cstackCOMMON 0070
_PORTB                   (abs)        0006
_RC0                     (abs)        0038
_RC1                     (abs)        0039
_RC2                     (abs)        003A
_SPI_data_ready          text4        0796
_SPI_init_master         text3        079B
_SPI_read                text2        0792
_SPI_write               text1        07A4
_SSPBUF                  (abs)        0013
_SSPCON                  (abs)        0014
_SSPSTATbits             (abs)        0094
_TRISB                   (abs)        0086
_TRISC0                  (abs)        0438
_TRISC1                  (abs)        0439
_TRISC2                  (abs)        043A
_TRISC3                  (abs)        043B
_TRISC5                  (abs)        043D
__Habs1                  abs1         0000
__Hbank0                 bank0        0000
__Hbank1                 bank1        0000
__Hbank2                 bank2        0000
__Hbank3                 bank3        0000
__Hcinit                 cinit        0800
__Hclrtext               clrtext      0000
__Hcode                  code         0000
__Hcommon                common       0000
__Hconfig                config       2008
__HcstackCOMMON          cstackCOMMON 0000
__Heeprom_data           eeprom_data  0000
__Hend_init              end_init     0003
__Hfunctab               functab      0000
__Hinit                  init         0000
__Hintentry              intentry     0000
__Hmaintext              maintext     0000
__Hpowerup               powerup      0000
__Hram                   ram          0000
__Hreset_vec             reset_vec    0000
__Hsfr0                  sfr0         0000
__Hsfr1                  sfr1         0000
__Hsfr2                  sfr2         0000
__Hsfr3                  sfr3         0000
__Hspace_0               (abs)        0800
__Hspace_1               (abs)        0074
__Hspace_2               (abs)        0000
__Hspace_3               (abs)        0000
__Hspace_4               (abs)        400F
__Hstack                 stack        0000
__Hstrings               strings      0000
__Htext                  text         0000
__Labs1                  abs1         0000
__Lbank0                 bank0        0000
__Lbank1                 bank1        0000
__Lbank2                 bank2        0000
__Lbank3                 bank3        0000
__Lcinit                 cinit        07FC
__Lclrtext               clrtext      0000
__Lcode                  code         0000
__Lcommon                common       0000
__Lconfig                config       0000
__LcstackCOMMON          cstackCOMMON 0000
__Leeprom_data           eeprom_data  0000
__Lend_init              end_init     0000
__Lfunctab               functab      0000
__Linit                  init         0000
__Lintentry              intentry     0000
__Lmaintext              maintext     0000
__Lpowerup               powerup      0000
__Lram                   ram          0000
__Lreset_vec             reset_vec    0000
__Lsfr0                  sfr0         0000
__Lsfr1                  sfr1         0000
__Lsfr2                  sfr2         0000
__Lsfr3                  sfr3         0000
__Lspace_0               (abs)        0000
__Lspace_1               (abs)        0000
__Lspace_2               (abs)        0000
__Lspace_3               (abs)        0000
__Lspace_4               (abs)        0000
__Lstack                 stack        0000
__Lstrings               strings      0000
__Ltext                  text         0000
__S0                     (abs)        0800
__S1                     (abs)        0074
__S3                     (abs)        0000
___int_sp                stack        0000
___latbits               (abs)        0002
___sp                    stack        0000
___stackhi               (abs)        0000
___stacklo               (abs)        0000
__end_of_SPI_data_ready  text4        079B
__end_of_SPI_init_master text3        07A4
__end_of_SPI_read        text2        0796
__end_of_SPI_write       text1        07B0
__end_of__initialization cinit        07FC
__end_of__stringtab      strings      0013
__end_of_main            maintext     07FC
__initialization         cinit        07FC
__pcstackCOMMON          cstackCOMMON 0070
__pmaintext              maintext     07B0
__pstrings               strings      0003
__ptext1                 text1        07A4
__ptext2                 text2        0792
__ptext3                 text3        079B
__ptext4                 text4        0796
__stringbase             strings      0012
__stringtab              strings      0003
_main                    maintext     07B0
btemp                    (abs)        007E
end_of_initialization    cinit        07FC
intlevel0                functab      0000
intlevel1                functab      0000
intlevel2                functab      0000
intlevel3                functab      0000
intlevel4                functab      0000
intlevel5                functab      0000
reset_vec                reset_vec    0000
start                    init         0000
start_initialization     cinit        07FC
wtemp0                   (abs)        007E


MODULE INFORMATION

Module		Function		Class		Link	Load	Size
./spi.h
		_SPI_read      		CODE           	0792	0000	4
		_SPI_data_ready		CODE           	0796	0000	5
		_SPI_init_master		CODE           	079B	0000	9
		_SPI_write     		CODE           	07A4	0000	12

./spi.h estimated size: 30

shared
		__stringtab    		STRING         	0003	0000	16
		__initialization		CODE           	07FC	0000	1

shared estimated size: 17

main.c
		_main          		CODE           	07B0	0000	76

main.c estimated size: 76

