Microchip MPLAB XC8 Compiler V2.40

Linker command line:

-W-3 \
  --edf=C:\Program Files\Microchip\xc8\v2.40\pic\dat\20220703182018_en.msgs \
  -cn -h+dist/default/production\NRF_pic12.X.production.sym \
  --cmf=dist/default/production\NRF_pic12.X.production.cmf -z -Q12F675 \
  -oC:\Users\marti\AppData\Local\Temp\xcAs2v0.4 --fixupoverflow=error \
  -Mdist/default/production/NRF_pic12.X.production.map \
  --md=C:\Users\marti\AppData\Local\Temp\xcAs2v0.dat -E1 -ver=XC8 Compiler \
  --acfsm=1493 -ACODE=00h-03FEh -ASTRCODE=00h-03FEh \
  -ASTRING=00h-0FFhx3,0300h-03FEh -ACONST=00h-0FFhx3,0300h-03FEh \
  -AENTRY=00h-0FFhx3,0300h-03FEh -ABANK0=020h-05Dh -ARAM=020h-05Dh \
  -AABS1=020h-05Fh -ACOMMON=05Eh-05Fh -ASFR0=00h-01Fh -ASFR1=080h-0DDh \
  -ACONFIG=02007h-02007h -DCONFIG=2 -AIDLOC=02000h-02003h -DIDLOC=2 \
  -AEEDATA=00h-07Fh/02100h -peeprom_data=EEDATA -DEEDATA=2 -DCODE=2 \
  -DSTRCODE=2 -DSTRING=2 -DCONST=2 -DENTRY=2 \
  -preset_vec=00h,intentry,init,end_init -ppowerup=CODE -pcinit=CODE \
  -pfunctab=ENTRY -posccal=03FFh -k \
  C:\Users\marti\AppData\Local\Temp\xcAs2v0.o \
  dist/default/production\NRF_pic12.X.production.o 

Object code version is 3.11

Machine type is 12F675



                Name                               Link     Load   Length Selector   Space Scale
C:\Users\marti\AppData\Local\Temp\xcAs2v0.o
                end_init                              0        0        1        0       0
                config                             2007     2007        1        0       4
dist/default/production\NRF_pic12.X.production.o
                cinit                               3ED      3ED       12      7DA       0
                config                             2007     2007        1        0       4
                text13                              214      214        8      428       0
                text12                              2D2      2D2       26      5A4       0
                text11                              2F8      2F8       28      5F0       0
                text10                              224      224        9      448       0
                text9                               2B3      2B3       1F      566       0
                text8                               22D      22D        A      45A       0
                text7                               27A      27A       1B      4F4       0
                text6                               237      237        A      46E       0
                text5                               24F      24F       12      49E       0
                text4                               261      261       19      4C2       0
                text3                               295      295       1E      52A       0
                text2                               241      241        E      482       0
                text1                               35D      35D       90      6BA       0
                maintext                            320      320       3D      640       0
                cstackBANK0                          20       20       1E       20       1
                dataBANK0                            3E       3E        8       20       1
                idataBANK0                          21C      21C        8      438       0

TOTAL           Name                               Link     Load   Length     Space
        CLASS   CODE           
                end_init                              0        0        1         0
                cinit                               3ED      3ED       12         0
                text13                              214      214        8         0
                text12                              2D2      2D2       26         0
                text11                              2F8      2F8       28         0
                text10                              224      224        9         0
                text9                               2B3      2B3       1F         0
                text8                               22D      22D        A         0
                text7                               27A      27A       1B         0
                text6                               237      237        A         0
                text5                               24F      24F       12         0
                text4                               261      261       19         0
                text3                               295      295       1E         0
                text2                               241      241        E         0
                text1                               35D      35D       90         0
                maintext                            320      320       3D         0
                idataBANK0                          21C      21C        8         0

        CLASS   STRCODE        

        CLASS   STRING         

        CLASS   CONST          

        CLASS   ENTRY          

        CLASS   BANK0          
                cstackBANK0                          20       20       1E         1
                dataBANK0                            3E       3E        8         1

        CLASS   RAM            

        CLASS   ABS1           
                abs_s1                               5E       5E        2         1

        CLASS   COMMON         

        CLASS   SFR0           

        CLASS   SFR1           

        CLASS   CONFIG         
                config                             2007     2007        1         4

        CLASS   IDLOC          

        CLASS   EEDATA         

        CLASS   BANK1          

        CLASS   STACK          



SEGMENTS        Name                           Load    Length   Top    Selector   Space  Class     Delta

                reset_vec                      000000  000001  000001         0       0  CODE        2
                cstackBANK0                    000020  000026  000046        20       1  BANK0       1
                text13                         000214  000008  00021C       428       0  CODE        2
                idataBANK0                     00021C  000008  000224       438       0  CODE        2
                text10                         000224  000009  00022D       448       0  CODE        2
                text8                          00022D  00000A  000237       45A       0  CODE        2
                text6                          000237  00000A  000241       46E       0  CODE        2
                text2                          000241  00000E  00024F       482       0  CODE        2
                text5                          00024F  000012  000261       49E       0  CODE        2
                text4                          000261  000019  00027A       4C2       0  CODE        2
                text7                          00027A  00001B  000295       4F4       0  CODE        2
                text3                          000295  00001E  0002B3       52A       0  CODE        2
                text9                          0002B3  00001F  0002D2       566       0  CODE        2
                text12                         0002D2  000026  0002F8       5A4       0  CODE        2
                text11                         0002F8  000028  000320       5F0       0  CODE        2
                maintext                       000320  00003D  00035D       640       0  CODE        2
                text1                          00035D  000090  0003ED       6BA       0  CODE        2
                cinit                          0003ED  000012  0003FF       7DA       0  CODE        2


UNUSED ADDRESS RANGES

        Name                Unused          Largest block    Delta
        BANK0            0046-005D             18           1
        CODE             0001-0213            213           2
        CONST            0001-0213            100           2
        EEDATA           2100-217F             80           2
        ENTRY            0001-0213            100           2
        IDLOC            2000-2003              4           2
        RAM              0046-005D             18           1
        SFR0             0000-001F             20           1
        SFR1             0080-00DD             5E           1
        STRCODE          0001-0213            213           2
        STRING           0001-0213            100           2

                                  Symbol Table

SPI_write@data                           cstackBANK0  0021
SPI_write@i                              cstackBANK0  0023
SPI_write@read                           cstackBANK0  0022
_ADCON0                                  (abs)        001F
_ANSEL                                   (abs)        009F
_CMCON                                   (abs)        0019
_GPIO                                    (abs)        0005
_GPIO0                                   (abs)        0028
_GPIO1                                   (abs)        0029
_GPIO2                                   (abs)        002A
_GPIO3                                   (abs)        002B
_GPIO4                                   (abs)        002C
_GPIO5                                   (abs)        002D
_RADIO_ADDR                              dataBANK0    0041
_SPI_init_master                         text13       0214
_SPI_write                               text12       02D2
_TRISIO                                  (abs)        0085
_TRISIO0                                 (abs)        0428
_TRISIO1                                 (abs)        0429
_TRISIO3                                 (abs)        042B
_TRISIO4                                 (abs)        042C
_TRISIO5                                 (abs)        042D
_VRCON                                   (abs)        0099
__Habs1                                  abs1         07FE
__Hbank0                                 bank0        07FE
__Hbank1                                 bank1        07FE
__Hcinit                                 cinit        03FF
__Hclrtext                               clrtext      07FE
__Hcode                                  code         07FE
__Hcommon                                common       07FE
__Hconfig                                config       2008
__HcstackBANK0                           cstackBANK0  07FE
__HcstackCOMMON                          cstackCOMMON 07FE
__HdataBANK0                             dataBANK0    07FE
__Heeprom_data                           eeprom_data  0000
__Hend_init                              end_init     0001
__Hfunctab                               functab      0000
__HidataBANK0                            idataBANK0   07FE
__Hinit                                  init         0000
__Hintentry                              intentry     0000
__Hmaintext                              maintext     07FE
__Hosccal                                osccal       03FF
__Hpowerup                               powerup      0000
__Hram                                   ram          07FE
__Hreset_vec                             reset_vec    0000
__Hsfr0                                  sfr0         07FE
__Hsfr1                                  sfr1         07FE
__Hspace_0                               (abs)        07FE
__Hspace_1                               (abs)        07FE
__Hspace_2                               (abs)        07FE
__Hspace_3                               (abs)        0000
__Hspace_4                               (abs)        400F
__Hstack                                 stack        07FE
__Hstrings                               strings      07FE
__Htext                                  text         07FE
__Labs1                                  abs1         07FE
__Lbank0                                 bank0        07FE
__Lbank1                                 bank1        07FE
__Lcinit                                 cinit        03ED
__Lclrtext                               clrtext      07FE
__Lcode                                  code         07FE
__Lcommon                                common       07FE
__Lconfig                                config       0000
__LcstackBANK0                           cstackBANK0  07FE
__LcstackCOMMON                          cstackCOMMON 07FE
__LdataBANK0                             dataBANK0    07FE
__Leeprom_data                           eeprom_data  0000
__Lend_init                              end_init     0000
__Lfunctab                               functab      0000
__LidataBANK0                            idataBANK0   07FE
__Linit                                  init         0000
__Lintentry                              intentry     0000
__Lmaintext                              maintext     07FE
__Losccal                                osccal       03FF
__Lpowerup                               powerup      0000
__Lram                                   ram          07FE
__Lreset_vec                             reset_vec    0000
__Lsfr0                                  sfr0         07FE
__Lsfr1                                  sfr1         07FE
__Lspace_0                               (abs)        0000
__Lspace_1                               (abs)        0000
__Lspace_2                               (abs)        0000
__Lspace_3                               (abs)        0000
__Lspace_4                               (abs)        0000
__Lstack                                 stack        07FE
__Lstrings                               strings      07FE
__Ltext                                  text         07FE
__S0                                     (abs)        03FF
__S1                                     (abs)        0046
__S3                                     (abs)        0000
___int_sp                                stack        07FE
___latbits                               (abs)        0000
___osccal_val                            osccal       03FF
___sp                                    stack        07FE
___stackhi                               (abs)        0000
___stacklo                               (abs)        0000
__end_of_SPI_init_master                 text13       021C
__end_of_SPI_write                       text12       02F8
__end_of__initialization                 cinit        03FD
__end_of_arrcpy                          text3        02B3
__end_of_main                            maintext     035D
__end_of_nrf_command_with_data           text9        02D2
__end_of_nrf_command_with_data_overwrite text11       0320
__end_of_nrf_flush_rxtx                  text2        024F
__end_of_nrf_read_register               text10       022D
__end_of_nrf_send                        text4        027A
__end_of_nrf_set_tx_mode                 text7        0295
__end_of_nrf_setup                       text1        03ED
__end_of_nrf_write_command               text6        0241
__end_of_nrf_write_payload               text5        0261
__end_of_nrf_write_register              text8        0237
__initialization                         cinit        03ED
__pcstackBANK0                           cstackBANK0  0020
__pcstackCOMMON                          cstackCOMMON 0000
__pdataBANK0                             dataBANK0    003E
__pidataBANK0                            idataBANK0   021C
__pmaintext                              maintext     0320
__ptext1                                 text1        035D
__ptext10                                text10       0224
__ptext11                                text11       02F8
__ptext12                                text12       02D2
__ptext13                                text13       0214
__ptext2                                 text2        0241
__ptext3                                 text3        0295
__ptext4                                 text4        0261
__ptext5                                 text5        024F
__ptext6                                 text6        0237
__ptext7                                 text7        027A
__ptext8                                 text8        022D
__ptext9                                 text9        02B3
_arrcpy                                  text3        0295
_main                                    maintext     0320
_nrf_command_with_data                   text9        02B3
_nrf_command_with_data_overwrite         text11       02F8
_nrf_flush_rxtx                          text2        0241
_nrf_read_register                       text10       0224
_nrf_send                                text4        0261
_nrf_set_tx_mode                         text7        027A
_nrf_setup                               text1        035D
_nrf_write_command                       text6        0237
_nrf_write_payload                       text5        024F
_nrf_write_register                      text8        022D
arrcpy@dst                               cstackBANK0  0025
arrcpy@i                                 cstackBANK0  0026
arrcpy@len                               cstackBANK0  0021
arrcpy@src                               cstackBANK0  0020
btemp                                    (abs)        005E
end_of_initialization                    cinit        03FD
intlevel0                                functab      0000
intlevel1                                functab      0000
intlevel2                                functab      0000
intlevel3                                functab      0000
intlevel4                                functab      0000
intlevel5                                functab      0000
main@F646                                dataBANK0    003E
main@data                                cstackBANK0  003B
nrf_command_with_data@command            cstackBANK0  0027
nrf_command_with_data@data               cstackBANK0  0024
nrf_command_with_data@i                  cstackBANK0  0029
nrf_command_with_data@len                cstackBANK0  0025
nrf_command_with_data@status             cstackBANK0  0028
nrf_command_with_data_overwrite@command  cstackBANK0  0029
nrf_command_with_data_overwrite@data     cstackBANK0  0024
nrf_command_with_data_overwrite@i        cstackBANK0  002B
nrf_command_with_data_overwrite@len      cstackBANK0  0025
nrf_command_with_data_overwrite@status   cstackBANK0  002A
nrf_flush_rxtx@data                      cstackBANK0  002D
nrf_read_register@data                   cstackBANK0  002C
nrf_read_register@len                    cstackBANK0  002D
nrf_read_register@reg                    cstackBANK0  002E
nrf_send@clear                           cstackBANK0  0034
nrf_send@data                            cstackBANK0  0033
nrf_send@len                             cstackBANK0  0031
nrf_send@stat                            cstackBANK0  0032
nrf_set_tx_mode@config                   cstackBANK0  0030
nrf_setup@addr                           cstackBANK0  0032
nrf_setup@addr_size                      cstackBANK0  002E
nrf_setup@data                           cstackBANK0  0033
nrf_setup@payload_size                   cstackBANK0  002F
nrf_write_command@command                cstackBANK0  0024
nrf_write_command@status                 cstackBANK0  0025
nrf_write_payload@data                   cstackBANK0  002F
nrf_write_payload@len                    cstackBANK0  002D
nrf_write_register@data                  cstackBANK0  002A
nrf_write_register@len                   cstackBANK0  002B
nrf_write_register@reg                   cstackBANK0  002C
reset_vec                                reset_vec    0000
start                                    init         0000
start_initialization                     cinit        03ED
wtemp0                                   (abs)        005E


MODULE INFORMATION

Module		Function		Class		Link	Load	Size
./nrf24l01.h
		_nrf_set_tx_mode		CODE           	027A	0000	27
		_nrf_command_with_data_overwrite		CODE           	02F8	0000	40
		_nrf_write_payload		CODE           	024F	0000	18
		_nrf_write_command		CODE           	0237	0000	10
		_nrf_send      		CODE           	0261	0000	25
		_nrf_setup     		CODE           	035D	0000	144
		_nrf_command_with_data		CODE           	02B3	0000	31
		_nrf_read_register		CODE           	0224	0000	9
		_nrf_flush_rxtx		CODE           	0241	0000	14
		_arrcpy        		CODE           	0295	0000	30
		_nrf_write_register		CODE           	022D	0000	10

./nrf24l01.h estimated size: 358

shared
		__initialization		CODE           	03ED	0000	16

shared estimated size: 16

./softwarespi.h
		_SPI_init_master		CODE           	0214	0000	8
		_SPI_write     		CODE           	02D2	0000	38

./softwarespi.h estimated size: 46

main.c
		_main          		CODE           	0320	0000	61

main.c estimated size: 61

