Microchip MPLAB XC8 Compiler V2.40

Linker command line:

-W-3 \
  --edf=C:\Program Files\Microchip\xc8\v2.40\pic\dat\20220703182018_en.msgs \
  -cn -h+dist/default/production\distance.X.production.sym \
  --cmf=dist/default/production\distance.X.production.cmf -z -Q16F877A \
  -oC:\Users\marti\AppData\Local\Temp\xcAsp8.4 --fixupoverflow=error \
  -Mdist/default/production/distance.X.production.map \
  --md=C:\Users\marti\AppData\Local\Temp\xcAsp8.dat -E1 -ver=XC8 Compiler \
  --acfsm=1493 -ACODE=00h-07FFhx4 -ASTRCODE=00h-01FFFh -ASTRING=00h-0FFhx32 \
  -ACONST=00h-0FFhx32 -AENTRY=00h-0FFhx32 -ACOMMON=070h-07Fh \
  -ABANK0=020h-06Fh -ABANK1=0A0h-0EFh -ABANK2=0110h-016Fh \
  -ABANK3=0190h-01EFh -ARAM=020h-06Fh,0A0h-0EFh,0110h-016Fh,0190h-01EFh \
  -AABS1=020h-07Fh,0A0h-0EFh,0110h-016Fh,0190h-01EFh -ASFR0=00h-01Fh \
  -ASFR1=080h-09Fh -ASFR2=0100h-010Fh -ASFR3=0180h-018Fh \
  -ACONFIG=02007h-02007h -DCONFIG=2 -AIDLOC=02000h-02003h -DIDLOC=2 \
  -AEEDATA=00h-0FFh/02100h -peeprom_data=EEDATA -DEEDATA=2 -DCODE=2 \
  -DSTRCODE=2 -DSTRING=2 -DCONST=2 -DENTRY=2 \
  -preset_vec=00h,intentry,init,end_init -ppowerup=CODE -pcinit=CODE \
  -pfunctab=ENTRY -k C:\Users\marti\AppData\Local\Temp\xcAsp8.o \
  dist/default/production\distance.X.production.o 

Object code version is 3.11

Machine type is 16F877A



                Name                               Link     Load   Length Selector   Space Scale
C:\Users\marti\AppData\Local\Temp\xcAsp8.o
                end_init                              0        0        3        0       0
                config                             2007     2007        1        0       4
dist/default/production\distance.X.production.o
                cinit                               7FC      7FC        4      FF8       0
                config                             2007     2007        1        0       4
                text13                               76       76       22       EC       0
                text12                               5C       5C       1A       B8       0
                text11                              1AC      1AC       71      358       0
                text10                               BD       BD       2F      17A       0
                text9                               126      126       42      24C       0
                text8                               629      629      1D3      C52       0
                text7                               21D      21D       78      43A       0
                text6                               295      295       B8      52A       0
                text5                               168      168       44      2D0       0
                text4                                EC       EC       3A      1D8       0
                text3                                98       98       25      130       0
                text2                                4A       4A       12       94       0
                text1                               46B      46B      1BE      8D6       0
                maintext                            34D      34D      11E      69A       0
                cstackBANK0                          20       20       2D       20       1
                cstackCOMMON                         70       70        E       70       1
                strings                               3        3       3B        6       0

TOTAL           Name                               Link     Load   Length     Space
        CLASS   CODE           
                end_init                              0        0        3         0
                cinit                               7FC      7FC        4         0
                text13                               76       76       22         0
                text12                               5C       5C       1A         0
                text11                              1AC      1AC       71         0
                text10                               BD       BD       2F         0
                text9                               126      126       42         0
                text8                               629      629      1D3         0
                text7                               21D      21D       78         0
                text6                               295      295       B8         0
                text5                               168      168       44         0
                text4                                EC       EC       3A         0
                text3                                98       98       25         0
                text2                                4A       4A       12         0
                text1                               46B      46B      1BE         0
                maintext                            34D      34D      11E         0

        CLASS   STRCODE        

        CLASS   STRING         
                strings                               3        3       3B         0

        CLASS   CONST          

        CLASS   ENTRY          

        CLASS   COMMON         
                cstackCOMMON                         70       70        E         1

        CLASS   BANK0          
                cstackBANK0                          20       20       2D         1

        CLASS   BANK1          

        CLASS   BANK2          

        CLASS   BANK3          

        CLASS   RAM            

        CLASS   ABS1           
                abs_s1                               7E       7E        2         1

        CLASS   SFR0           

        CLASS   SFR1           

        CLASS   SFR2           

        CLASS   SFR3           

        CLASS   CONFIG         
                config                             2007     2007        1         4

        CLASS   IDLOC          

        CLASS   EEDATA         

        CLASS   STACK          



SEGMENTS        Name                           Load    Length   Top    Selector   Space  Class     Delta

                reset_vec                      000000  000003  000003         0       0  CODE        2
                strings                        000003  00003B  00003E         6       0  STRING      2
                cstackBANK0                    000020  00002D  00004D        20       1  BANK0       1
                cstackCOMMON                   000070  00000E  00007E        70       1  COMMON      1
                text2                          00004A  000012  00005C        94       0  CODE        2
                text12                         00005C  00001A  000076        B8       0  CODE        2
                text13                         000076  000022  000098        EC       0  CODE        2
                text3                          000098  000025  0000BD       130       0  CODE        2
                text10                         0000BD  00002F  0000EC       17A       0  CODE        2
                text4                          0000EC  00003A  000126       1D8       0  CODE        2
                text9                          000126  000042  000168       24C       0  CODE        2
                text5                          000168  000044  0001AC       2D0       0  CODE        2
                text11                         0001AC  000071  00021D       358       0  CODE        2
                text7                          00021D  000078  000295       43A       0  CODE        2
                text6                          000295  0000B8  00034D       52A       0  CODE        2
                maintext                       00034D  00011E  00046B       69A       0  CODE        2
                text1                          00046B  0001BE  000629       8D6       0  CODE        2
                text8                          000629  0001D3  0007FC       C52       0  CODE        2
                cinit                          0007FC  000004  000800       FF8       0  CODE        2


UNUSED ADDRESS RANGES

        Name                Unused          Largest block    Delta
        BANK0            004D-006F             23           1
        BANK1            00A0-00EF             50           1
        BANK2            0110-016F             60           1
        BANK3            0190-01EF             60           1
        CODE             003E-0049              C           2
                         0800-1FFF            800
        CONST            003E-0049              C           2
                         0800-1FFF            100
        EEDATA           2100-21FF            100           2
        ENTRY            003E-0049              C           2
                         0800-1FFF            100
        IDLOC            2000-2003              4           2
        RAM              004D-006F             23           1
                         00A0-00EF             50
                         0110-016F             60
                         0190-01EF             60
        SFR0             0000-001F             20           1
        SFR1             0080-009F             20           1
        SFR2             0100-010F             10           1
        SFR3             0180-018F             10           1
        STRCODE          003E-0049              C           2
                         0800-1FFF           1800
        STRING           003E-0049              C           2
                         0800-1FFF            100

                                  Symbol Table

?___fldiv                cstackBANK0  0020
?___fltol                cstackBANK0  003A
?___lwdiv                cstackCOMMON 0070
?___lwmod                cstackCOMMON 0078
?___wmul                 cstackCOMMON 0070
?___xxtofl               cstackCOMMON 0070
?_sprintf                cstackBANK0  0020
LCD_Init@cmd             cstackCOMMON 0076
LCD_Out@c                cstackCOMMON 0070
LCD_Write@c              cstackCOMMON 0073
LCD_putc@c               cstackCOMMON 0072
LCD_putrs@a              cstackCOMMON 0073
LCD_putrs@i              cstackCOMMON 0078
_ADCON1                  (abs)        009F
_CMCON                   (abs)        009C
_LCD_Init                text11       01AC
_LCD_Out                 text13       0076
_LCD_Write               text12       005C
_LCD_putc                text10       00BD
_LCD_putrs               text9        0126
_RB0                     (abs)        0030
_RB4                     (abs)        0034
_RD4                     (abs)        0044
_RD5                     (abs)        0045
_RD6                     (abs)        0046
_RD7                     (abs)        0047
_RE0                     (abs)        0048
_RE1                     (abs)        0049
_T1CON                   (abs)        0010
_T1CONbits               (abs)        0010
_TMR1H                   (abs)        000F
_TMR1L                   (abs)        000E
_TRISB                   (abs)        0086
_TRISD                   (abs)        0088
_TRISE                   (abs)        0089
__Habs1                  abs1         0000
__Hbank0                 bank0        0000
__Hbank1                 bank1        0000
__Hbank2                 bank2        0000
__Hbank3                 bank3        0000
__Hcinit                 cinit        0800
__Hclrtext               clrtext      0000
__Hcode                  code         0000
__Hcommon                common       0000
__Hconfig                config       2008
__HcstackBANK0           cstackBANK0  0000
__HcstackCOMMON          cstackCOMMON 0000
__Heeprom_data           eeprom_data  0000
__Hend_init              end_init     0003
__Hfunctab               functab      0000
__Hinit                  init         0000
__Hintentry              intentry     0000
__Hmaintext              maintext     0000
__Hpowerup               powerup      0000
__Hram                   ram          0000
__Hreset_vec             reset_vec    0000
__Hsfr0                  sfr0         0000
__Hsfr1                  sfr1         0000
__Hsfr2                  sfr2         0000
__Hsfr3                  sfr3         0000
__Hspace_0               (abs)        0800
__Hspace_1               (abs)        007E
__Hspace_2               (abs)        0000
__Hspace_3               (abs)        0000
__Hspace_4               (abs)        400F
__Hstack                 stack        0000
__Hstrings               strings      0000
__Htext                  text         0000
__Labs1                  abs1         0000
__Lbank0                 bank0        0000
__Lbank1                 bank1        0000
__Lbank2                 bank2        0000
__Lbank3                 bank3        0000
__Lcinit                 cinit        07FC
__Lclrtext               clrtext      0000
__Lcode                  code         0000
__Lcommon                common       0000
__Lconfig                config       0000
__LcstackBANK0           cstackBANK0  0000
__LcstackCOMMON          cstackCOMMON 0000
__Leeprom_data           eeprom_data  0000
__Lend_init              end_init     0000
__Lfunctab               functab      0000
__Linit                  init         0000
__Lintentry              intentry     0000
__Lmaintext              maintext     0000
__Lpowerup               powerup      0000
__Lram                   ram          0000
__Lreset_vec             reset_vec    0000
__Lsfr0                  sfr0         0000
__Lsfr1                  sfr1         0000
__Lsfr2                  sfr2         0000
__Lsfr3                  sfr3         0000
__Lspace_0               (abs)        0000
__Lspace_1               (abs)        0000
__Lspace_2               (abs)        0000
__Lspace_3               (abs)        0000
__Lspace_4               (abs)        0000
__Lstack                 stack        0000
__Lstrings               strings      0000
__Ltext                  text         0000
__S0                     (abs)        0800
__S1                     (abs)        007E
__S3                     (abs)        0000
___fldiv                 text8        0629
___fldiv@a               cstackBANK0  0020
___fldiv@aexp            cstackBANK0  0039
___fldiv@b               cstackBANK0  0024
___fldiv@bexp            cstackBANK0  0038
___fldiv@grs             cstackBANK0  0034
___fldiv@new_exp         cstackBANK0  0032
___fldiv@rem             cstackBANK0  002D
___fldiv@sign            cstackBANK0  0031
___fltol                 text7        021D
___fltol@exp1            cstackBANK0  0043
___fltol@f1              cstackBANK0  003A
___fltol@sign1           cstackBANK0  0042
___int_sp                stack        0000
___latbits               (abs)        0002
___lwdiv                 text5        0168
___lwdiv@counter         cstackCOMMON 0077
___lwdiv@dividend        cstackCOMMON 0072
___lwdiv@divisor         cstackCOMMON 0070
___lwdiv@quotient        cstackCOMMON 0075
___lwmod                 text4        00EC
___lwmod@counter         cstackCOMMON 007D
___lwmod@dividend        cstackCOMMON 007A
___lwmod@divisor         cstackCOMMON 0078
___sp                    stack        0000
___stackhi               (abs)        0000
___stacklo               (abs)        0000
___wmul                  text3        0098
___wmul@multiplicand     cstackCOMMON 0072
___wmul@multiplier       cstackCOMMON 0070
___wmul@product          cstackCOMMON 0074
___xxtofl                text6        0295
___xxtofl@arg            cstackCOMMON 007A
___xxtofl@exp            cstackCOMMON 0079
___xxtofl@sign           cstackCOMMON 0078
___xxtofl@val            cstackCOMMON 0070
__end_of_LCD_Init        text11       021D
__end_of_LCD_Out         text13       0098
__end_of_LCD_Write       text12       0076
__end_of_LCD_putc        text10       00EC
__end_of_LCD_putrs       text9        0168
__end_of___fldiv         text8        07FC
__end_of___fltol         text7        0295
__end_of___lwdiv         text5        01AC
__end_of___lwmod         text4        0126
__end_of___wmul          text3        00BD
__end_of___xxtofl        text6        034D
__end_of__initialization cinit        07FC
__end_of__stringtab      strings      0013
__end_of_dpowers         strings      001D
__end_of_isdigit         text2        005C
__end_of_main            maintext     046B
__end_of_sprintf         text1        0629
__initialization         cinit        07FC
__pcstackBANK0           cstackBANK0  0020
__pcstackCOMMON          cstackCOMMON 0070
__pmaintext              maintext     034D
__pstrings               strings      0003
__ptext1                 text1        046B
__ptext10                text10       00BD
__ptext11                text11       01AC
__ptext12                text12       005C
__ptext13                text13       0076
__ptext2                 text2        004A
__ptext3                 text3        0098
__ptext4                 text4        00EC
__ptext5                 text5        0168
__ptext6                 text6        0295
__ptext7                 text7        021D
__ptext8                 text8        0629
__ptext9                 text9        0126
__stringbase             strings      0012
__stringtab              strings      0003
_dpowers                 strings      0013
_isdigit                 text2        004A
_isdigit$608             cstackCOMMON 0070
_main                    maintext     034D
_sprintf                 text1        046B
btemp                    (abs)        007E
end_of_initialization    cinit        07FC
intlevel0                functab      0000
intlevel1                functab      0000
intlevel2                functab      0000
intlevel3                functab      0000
intlevel4                functab      0000
intlevel5                functab      0000
isdigit@c                cstackCOMMON 0071
main@a                   cstackBANK0  004B
main@txt                 cstackBANK0  0047
reset_vec                reset_vec    0000
sprintf@ap               cstackBANK0  0026
sprintf@c                cstackBANK0  002E
sprintf@f                cstackBANK0  0020
sprintf@flag             cstackBANK0  002A
sprintf@prec             cstackBANK0  0027
sprintf@sp               cstackBANK0  002D
sprintf@val              cstackBANK0  0028
sprintf@width            cstackBANK0  002B
start                    init         0000
start_initialization     cinit        07FC
wtemp0                   (abs)        007E


MODULE INFORMATION

Module		Function		Class		Link	Load	Size
C:\Program Files\Microchip\xc8\v2.40\pic\sources\c90\common\fltol.c
		___fltol       		CODE           	021D	0000	120

C:\Program Files\Microchip\xc8\v2.40\pic\sources\c90\common\fltol.c estimated size: 120

C:\Program Files\Microchip\xc8\v2.40\pic\sources\c90\common\sprcdiv.c
		___fldiv       		CODE           	0629	0000	467

C:\Program Files\Microchip\xc8\v2.40\pic\sources\c90\common\sprcdiv.c estimated size: 467

C:\Program Files\Microchip\xc8\v2.40\pic\sources\c90\common\doprnt.c
		_sprintf       		CODE           	046B	0000	446

C:\Program Files\Microchip\xc8\v2.40\pic\sources\c90\common\doprnt.c estimated size: 446

C:\Program Files\Microchip\xc8\v2.40\pic\sources\c90\common\Umul16.c
		___wmul        		CODE           	0098	0000	37

C:\Program Files\Microchip\xc8\v2.40\pic\sources\c90\common\Umul16.c estimated size: 37

C:\Program Files\Microchip\xc8\v2.40\pic\sources\c90\common\lwmod.c
		___lwmod       		CODE           	00EC	0000	58

C:\Program Files\Microchip\xc8\v2.40\pic\sources\c90\common\lwmod.c estimated size: 58

shared
		__stringtab    		STRING         	0003	0000	16
		_dpowers       		STRING         	0013	0000	10
		__initialization		CODE           	07FC	0000	1

shared estimated size: 27

C:\Program Files\Microchip\xc8\v2.40\pic\sources\c90\common\isdigit.c
		_isdigit       		CODE           	004A	0000	18

C:\Program Files\Microchip\xc8\v2.40\pic\sources\c90\common\isdigit.c estimated size: 18

lcd.c
		_LCD_Init      		CODE           	01AC	0000	113
		_LCD_Out       		CODE           	0076	0000	34
		_LCD_putc      		CODE           	00BD	0000	47
		_LCD_putrs     		CODE           	0126	0000	66
		_LCD_Write     		CODE           	005C	0000	26

lcd.c estimated size: 286

main.c
		_main          		CODE           	034D	0000	286

main.c estimated size: 286

C:\Program Files\Microchip\xc8\v2.40\pic\sources\c90\common\lwdiv.c
		___lwdiv       		CODE           	0168	0000	68

C:\Program Files\Microchip\xc8\v2.40\pic\sources\c90\common\lwdiv.c estimated size: 68

C:\Program Files\Microchip\xc8\v2.40\pic\sources\c90\common\xxtofl.c
		___xxtofl      		CODE           	0295	0000	184

C:\Program Files\Microchip\xc8\v2.40\pic\sources\c90\common\xxtofl.c estimated size: 184

